UG to STEP
! INFO-     NX STEP AP214 - V2306.1700
! INFO-      
! INFO-     Start of Translation: 7-MAR-2026  5:01:50 PM
! INFO-      
! STATUS-   Converting Part: C:\Users\BLSir\Github\monarch-payload-interface-board\hw\PIB\monarch_payload_interface_board_rev1\EXLA1V0402-R82-R\EXLA.prt
! SUMMARY-   
! SUMMARY-  Summary of Unigraphics Part Entities
! SUMMARY-  For Part: C:\Users\BLSir\Github\monarch-payload-interface-board\hw\PIB\monarch_payload_interface_board_rev1\EXLA1V0402-R82-R\EXLA.prt 
! SUMMARY-  Entities Processed             Count
! SUMMARY-  ------------------             -----
! SUMMARY-  Part Attribute ..............:     1
! SUMMARY-  Font ........................:     1
! SUMMARY-  Color Table .................:     2
! SUMMARY-  Coordinate System ...........:     8
! SUMMARY-  Parameter ...................:     1
! SUMMARY-  Matrix ......................:     2
! SUMMARY-  Solid/Sheet .................:
! SUMMARY-     Body .....................:     3
! SUMMARY-                                 -----
! SUMMARY-  Total                             18
! STATUS-    
! STATUS-   Converting to Output Form (Phase 2 of 3): 7-MAR-2026 5:01:50 PM
! STATUS-    
! STATUS-    
! STATUS-   Generating UG geometry and placing them in parts
! STATUS-    
! SUMMARY-   
! SUMMARY-    STEP Header Information
! SUMMARY-   
! SUMMARY-  Description      Unknown
! SUMMARY-  Imp_Level        1
! SUMMARY-  File_Name        EXLA.stp
! SUMMARY-  Date             2026-03-07T17:01:50-06:00
! SUMMARY-  Author           Unknown
! SUMMARY-  Organization     Unknown
! SUMMARY-  Pre_Version      ST-DEVELOPER v19.4
! SUMMARY-  Orig_System      SIEMENS PLM Software NX2306.1700
! SUMMARY-  Authorization    Unknown
! SUMMARY-  Schema_ID        step_merged_ap_schema
! SUMMARY-   
! SUMMARY-    Summary of STEP Entities
! SUMMARY-   
! SUMMARY-  Entity Type                                                   Count
! SUMMARY-  -----------                                                   ------
! SUMMARY-  advanced_face ..............................................:     18
! SUMMARY-  application_context ........................................:      1
! SUMMARY-  axis2_placement_3d .........................................:     19
! SUMMARY-  cartesian_point ............................................:     79
! SUMMARY-  closed_shell ...............................................:      3
! SUMMARY-  conversion_based_unit_and_plane_angle_unit .................:      1
! SUMMARY-  dimensional_exponents ......................................:      1
! SUMMARY-  direction ..................................................:     74
! SUMMARY-  edge_curve .................................................:     36
! SUMMARY-  edge_loop ..................................................:     18
! SUMMARY-  face_outer_bound ...........................................:     18
! SUMMARY-  geometric_representation_context_and_global_uncertainty_a ..:      1
! SUMMARY-  length_unit_and_si_unit ....................................:      1
! SUMMARY-  line .......................................................:     36
! SUMMARY-  manifold_solid_brep ........................................:      3
! SUMMARY-  oriented_edge ..............................................:     72
! SUMMARY-  plane ......................................................:     18
! SUMMARY-  plane_angle_measure_with_unit ..............................:      1
! SUMMARY-  plane_angle_unit_and_si_unit ...............................:      1
! SUMMARY-  product ....................................................:      1
! SUMMARY-  product_context ............................................:      1
! SUMMARY-  product_definition .........................................:      1
! SUMMARY-  product_definition_context .................................:      1
! SUMMARY-  product_definition_formation_with_specified_source .........:      1
! SUMMARY-  product_definition_shape ...................................:      1
! SUMMARY-  product_related_product_category ...........................:      1
! SUMMARY-  si_unit_and_solid_angle_unit ...............................:      1
! SUMMARY-  uncertainty_measure_with_unit ..............................:      1
! SUMMARY-  vector .....................................................:     36
! SUMMARY-  vertex_point ...............................................:     24
! SUMMARY-                                                               -------
! SUMMARY-  Total                                                            470
! INFO-     Bspline aprx. value in effect for this translation :0.025400 millimeter
! INFO-      
! INFO-     Total number of solids input for this translation  :       3
! INFO-      
! INFO-     Number of solids processed without problems        :       3
! INFO-      
! INFO-     Number of solids with problems output as sheets    :       0
! INFO-      
! INFO-     Number of solids not processed                     :       0
! INFO-      
! INFO-     End of Translation: 7-MAR-2026  5:01:50 PM
! INFO-      
