Archive member included to satisfy reference by file (symbol)

C:/ST/STM32CubeIDE_2.0.0/STM32CubeIDE/plugins/com.st.stm32cube.ide.mcu.externaltools.gnu-tools-for-stm32.13.3.rel1.win32_1.0.100.202509120712/tools/bin/../lib/gcc/arm-none-eabi/13.3.1/../../../../arm-none-eabi/lib/thumb/v7e-m+fp/hard\libc_nano.a(libc_a-exit.o)
                              C:/ST/STM32CubeIDE_2.0.0/STM32CubeIDE/plugins/com.st.stm32cube.ide.mcu.externaltools.gnu-tools-for-stm32.13.3.rel1.win32_1.0.100.202509120712/tools/bin/../lib/gcc/arm-none-eabi/13.3.1/../../../../arm-none-eabi/lib/thumb/v7e-m+fp/hard/crt0.o (exit)
C:/ST/STM32CubeIDE_2.0.0/STM32CubeIDE/plugins/com.st.stm32cube.ide.mcu.externaltools.gnu-tools-for-stm32.13.3.rel1.win32_1.0.100.202509120712/tools/bin/../lib/gcc/arm-none-eabi/13.3.1/../../../../arm-none-eabi/lib/thumb/v7e-m+fp/hard\libc_nano.a(libc_a-findfp.o)
                              C:/ST/STM32CubeIDE_2.0.0/STM32CubeIDE/plugins/com.st.stm32cube.ide.mcu.externaltools.gnu-tools-for-stm32.13.3.rel1.win32_1.0.100.202509120712/tools/bin/../lib/gcc/arm-none-eabi/13.3.1/../../../../arm-none-eabi/lib/thumb/v7e-m+fp/hard\libc_nano.a(libc_a-exit.o) (__stdio_exit_handler)
C:/ST/STM32CubeIDE_2.0.0/STM32CubeIDE/plugins/com.st.stm32cube.ide.mcu.externaltools.gnu-tools-for-stm32.13.3.rel1.win32_1.0.100.202509120712/tools/bin/../lib/gcc/arm-none-eabi/13.3.1/../../../../arm-none-eabi/lib/thumb/v7e-m+fp/hard\libc_nano.a(libc_a-fwalk.o)
                              C:/ST/STM32CubeIDE_2.0.0/STM32CubeIDE/plugins/com.st.stm32cube.ide.mcu.externaltools.gnu-tools-for-stm32.13.3.rel1.win32_1.0.100.202509120712/tools/bin/../lib/gcc/arm-none-eabi/13.3.1/../../../../arm-none-eabi/lib/thumb/v7e-m+fp/hard\libc_nano.a(libc_a-findfp.o) (_fwalk_sglue)
C:/ST/STM32CubeIDE_2.0.0/STM32CubeIDE/plugins/com.st.stm32cube.ide.mcu.externaltools.gnu-tools-for-stm32.13.3.rel1.win32_1.0.100.202509120712/tools/bin/../lib/gcc/arm-none-eabi/13.3.1/../../../../arm-none-eabi/lib/thumb/v7e-m+fp/hard\libc_nano.a(libc_a-stdio.o)
                              C:/ST/STM32CubeIDE_2.0.0/STM32CubeIDE/plugins/com.st.stm32cube.ide.mcu.externaltools.gnu-tools-for-stm32.13.3.rel1.win32_1.0.100.202509120712/tools/bin/../lib/gcc/arm-none-eabi/13.3.1/../../../../arm-none-eabi/lib/thumb/v7e-m+fp/hard\libc_nano.a(libc_a-findfp.o) (__sread)
C:/ST/STM32CubeIDE_2.0.0/STM32CubeIDE/plugins/com.st.stm32cube.ide.mcu.externaltools.gnu-tools-for-stm32.13.3.rel1.win32_1.0.100.202509120712/tools/bin/../lib/gcc/arm-none-eabi/13.3.1/../../../../arm-none-eabi/lib/thumb/v7e-m+fp/hard\libc_nano.a(libc_a-memset.o)
                              C:/ST/STM32CubeIDE_2.0.0/STM32CubeIDE/plugins/com.st.stm32cube.ide.mcu.externaltools.gnu-tools-for-stm32.13.3.rel1.win32_1.0.100.202509120712/tools/bin/../lib/gcc/arm-none-eabi/13.3.1/../../../../arm-none-eabi/lib/thumb/v7e-m+fp/hard/crt0.o (memset)
C:/ST/STM32CubeIDE_2.0.0/STM32CubeIDE/plugins/com.st.stm32cube.ide.mcu.externaltools.gnu-tools-for-stm32.13.3.rel1.win32_1.0.100.202509120712/tools/bin/../lib/gcc/arm-none-eabi/13.3.1/../../../../arm-none-eabi/lib/thumb/v7e-m+fp/hard\libc_nano.a(libc_a-closer.o)
                              C:/ST/STM32CubeIDE_2.0.0/STM32CubeIDE/plugins/com.st.stm32cube.ide.mcu.externaltools.gnu-tools-for-stm32.13.3.rel1.win32_1.0.100.202509120712/tools/bin/../lib/gcc/arm-none-eabi/13.3.1/../../../../arm-none-eabi/lib/thumb/v7e-m+fp/hard\libc_nano.a(libc_a-stdio.o) (_close_r)
C:/ST/STM32CubeIDE_2.0.0/STM32CubeIDE/plugins/com.st.stm32cube.ide.mcu.externaltools.gnu-tools-for-stm32.13.3.rel1.win32_1.0.100.202509120712/tools/bin/../lib/gcc/arm-none-eabi/13.3.1/../../../../arm-none-eabi/lib/thumb/v7e-m+fp/hard\libc_nano.a(libc_a-reent.o)
                              C:/ST/STM32CubeIDE_2.0.0/STM32CubeIDE/plugins/com.st.stm32cube.ide.mcu.externaltools.gnu-tools-for-stm32.13.3.rel1.win32_1.0.100.202509120712/tools/bin/../lib/gcc/arm-none-eabi/13.3.1/../../../../arm-none-eabi/lib/thumb/v7e-m+fp/hard\libc_nano.a(libc_a-closer.o) (errno)
C:/ST/STM32CubeIDE_2.0.0/STM32CubeIDE/plugins/com.st.stm32cube.ide.mcu.externaltools.gnu-tools-for-stm32.13.3.rel1.win32_1.0.100.202509120712/tools/bin/../lib/gcc/arm-none-eabi/13.3.1/../../../../arm-none-eabi/lib/thumb/v7e-m+fp/hard\libc_nano.a(libc_a-impure.o)
                              C:/ST/STM32CubeIDE_2.0.0/STM32CubeIDE/plugins/com.st.stm32cube.ide.mcu.externaltools.gnu-tools-for-stm32.13.3.rel1.win32_1.0.100.202509120712/tools/bin/../lib/gcc/arm-none-eabi/13.3.1/../../../../arm-none-eabi/lib/thumb/v7e-m+fp/hard\libc_nano.a(libc_a-reent.o) (_impure_ptr)
C:/ST/STM32CubeIDE_2.0.0/STM32CubeIDE/plugins/com.st.stm32cube.ide.mcu.externaltools.gnu-tools-for-stm32.13.3.rel1.win32_1.0.100.202509120712/tools/bin/../lib/gcc/arm-none-eabi/13.3.1/../../../../arm-none-eabi/lib/thumb/v7e-m+fp/hard\libc_nano.a(libc_a-lseekr.o)
[...]
Memory Configuration

Name             Origin             Length             Attributes
FLASH            0x08100000         0x00100000         xr
RAM              0x10000000         0x00048000         xrw
*default*        0x00000000         0xffffffff

Linker script and memory map

LOAD C:/ST/STM32CubeIDE_2.0.0/STM32CubeIDE/plugins/com.st.stm32cube.ide.mcu.externaltools.gnu-tools-for-stm32.13.3.rel1.win32_1.0.100.202509120712/tools/bin/../lib/gcc/arm-none-eabi/13.3.1/thumb/v7e-m+fp/hard/crti.o
LOAD C:/ST/STM32CubeIDE_2.0.0/STM32CubeIDE/plugins/com.st.stm32cube.ide.mcu.externaltools.gnu-tools-for-stm32.13.3.rel1.win32_1.0.100.202509120712/tools/bin/../lib/gcc/arm-none-eabi/13.3.1/thumb/v7e-m+fp/hard/crtbegin.o
LOAD C:/ST/STM32CubeIDE_2.0.0/STM32CubeIDE/plugins/com.st.stm32cube.ide.mcu.externaltools.gnu-tools-for-stm32.13.3.rel1.win32_1.0.100.202509120712/tools/bin/../lib/gcc/arm-none-eabi/13.3.1/../../../../arm-none-eabi/lib/thumb/v7e-m+fp/hard/crt0.o
LOAD ./Common/Src/system_stm32h7xx_dualcore_boot_cm4_cm7.o
LOAD ./Core/Src/main.o
LOAD ./Core/Src/stm32h7xx_hal_msp.o
LOAD ./Core/Src/stm32h7xx_it.o
LOAD ./Core/Src/syscalls.o
LOAD ./Core/Src/sysmem.o
LOAD ./Core/Startup/startup_stm32h745zitx.o
START GROUP
LOAD C:/ST/STM32CubeIDE_2.0.0/STM32CubeIDE/plugins/com.st.stm32cube.ide.mcu.externaltools.gnu-tools-for-stm32.13.3.rel1.win32_1.0.100.202509120712/tools/bin/../lib/gcc/arm-none-eabi/13.3.1/../../../../arm-none-eabi/lib/thumb/v7e-m+fp/hard\libc_nano.a
LOAD C:/ST/STM32CubeIDE_2.0.0/STM32CubeIDE/plugins/com.st.stm32cube.ide.mcu.externaltools.gnu-tools-for-stm32.13.3.rel1.win32_1.0.100.202509120712/tools/bin/../lib/gcc/arm-none-eabi/13.3.1/../../../../arm-none-eabi/lib/thumb/v7e-m+fp/hard\libm.a
END GROUP
START GROUP
LOAD C:/ST/STM32CubeIDE_2.0.0/STM32CubeIDE/plugins/com.st.stm32cube.ide.mcu.externaltools.gnu-tools-for-stm32.13.3.rel1.win32_1.0.100.202509120712/tools/bin/../lib/gcc/arm-none-eabi/13.3.1/thumb/v7e-m+fp/hard\libgcc.a
LOAD C:/ST/STM32CubeIDE_2.0.0/STM32CubeIDE/plugins/com.st.stm32cube.ide.mcu.externaltools.gnu-tools-for-stm32.13.3.rel1.win32_1.0.100.202509120712/tools/bin/../lib/gcc/arm-none-eabi/13.3.1/../../../../arm-none-eabi/lib/thumb/v7e-m+fp/hard\libc_nano.a
END GROUP
START GROUP
LOAD C:/ST/STM32CubeIDE_2.0.0/STM32CubeIDE/plugins/com.st.stm32cube.ide.mcu.externaltools.gnu-tools-for-stm32.13.3.rel1.win32_1.0.100.202509120712/tools/bin/../lib/gcc/arm-none-eabi/13.3.1/thumb/v7e-m+fp/hard\libgcc.a
LOAD C:/ST/STM32CubeIDE_2.0.0/STM32CubeIDE/plugins/com.st.stm32cube.ide.mcu.externaltools.gnu-tools-for-stm32.13.3.rel1.win32_1.0.100.202509120712/tools/bin/../lib/gcc/arm-none-eabi/13.3.1/../../../../arm-none-eabi/lib/thumb/v7e-m+fp/hard\libc_nano.a
LOAD C:/ST/STM32CubeIDE_2.0.0/STM32CubeIDE/plugins/com.st.stm32cube.ide.mcu.externaltools.gnu-tools-for-stm32.13.3.rel1.win32_1.0.100.202509120712/tools/bin/../lib/gcc/arm-none-eabi/13.3.1/../../../../arm-none-eabi/lib/thumb/v7e-m+fp/hard\libnosys.a
END GROUP
START GROUP
LOAD C:/ST/STM32CubeIDE_2.0.0/STM32CubeIDE/plugins/com.st.stm32cube.ide.mcu.externaltools.gnu-tools-for-stm32.13.3.rel1.win32_1.0.100.202509120712/tools/bin/../lib/gcc/arm-none-eabi/13.3.1/thumb/v7e-m+fp/hard\libgcc.a
LOAD C:/ST/STM32CubeIDE_2.0.0/STM32CubeIDE/plugins/com.st.stm32cube.ide.mcu.externaltools.gnu-tools-for-stm32.13.3.rel1.win32_1.0.100.202509120712/tools/bin/../lib/gcc/arm-none-eabi/13.3.1/../../../../arm-none-eabi/lib/thumb/v7e-m+fp/hard\libc_nano.a
LOAD C:/ST/STM32CubeIDE_2.0.0/STM32CubeIDE/plugins/com.st.stm32cube.ide.mcu.externaltools.gnu-tools-for-stm32.13.3.rel1.win32_1.0.100.202509120712/tools/bin/../lib/gcc/arm-none-eabi/13.3.1/../../../../arm-none-eabi/lib/thumb/v7e-m+fp/hard\libnosys.a
END GROUP
LOAD C:/ST/STM32CubeIDE_2.0.0/STM32CubeIDE/plugins/com.st.stm32cube.ide.mcu.externaltools.gnu-tools-for-stm32.13.3.rel1.win32_1.0.100.202509120712/tools/bin/../lib/gcc/arm-none-eabi/13.3.1/thumb/v7e-m+fp/hard/crtend.o
LOAD C:/ST/STM32CubeIDE_2.0.0/STM32CubeIDE/plugins/com.st.stm32cube.ide.mcu.externaltools.gnu-tools-for-stm32.13.3.rel1.win32_1.0.100.202509120712/tools/bin/../lib/gcc/arm-none-eabi/13.3.1/thumb/v7e-m+fp/hard/crtn.o
                0x10048000                        _estack = (ORIGIN (RAM) + LENGTH (RAM))
                0x00000200                        _Min_Heap_Size = 0x200
                0x00000400                        _Min_Stack_Size = 0x400

.isr_vector     0x08100000      0x298
                0x08100000                        . = ALIGN (0x4)
 *(.isr_vector)
 .isr_vector    0x08100000      0x298 ./Core/Startup/startup_stm32h745zitx.o
                0x08100000                g_pfnVectors
                0x08100298                        . = ALIGN (0x4)

.text           0x08100298      0x29c
                0x08100298                        . = ALIGN (0x4)
 *(.text)
 .text          0x08100298       0x40 C:/ST/STM32CubeIDE_2.0.0/STM32CubeIDE/plugins/com.st.stm32cube.ide.mcu.externaltools.gnu-tools-for-stm32.13.3.rel1.win32_1.0.100.202509120712/tools/bin/../lib/gcc/arm-none-eabi/13.3.1/thumb/v7e-m+fp/hard/crtbegin.o
 *(.text*)
 .text.SystemInit
                0x081002d8       0x30 ./Common/Src/system_stm32h7xx_dualcore_boot_cm4_cm7.o
                0x081002d8                SystemInit
 .text.ExitRun0Mode
                0x08100308       0x30 ./Common/Src/system_stm32h7xx_dualcore_boot_cm4_cm7.o
                0x08100308                ExitRun0Mode
 .text.main     0x08100338       0xcc ./Core/Src/main.o
                0x08100338                main
 .text.Error_Handler
                0x08100404        0xc ./Core/Src/main.o
                0x08100404                Error_Handler
 .text.NMI_Handler
                0x08100410        0x8 ./Core/Src/stm32h7xx_it.o
                0x08100410                NMI_Handler
 .text.HardFault_Handler
                0x08100418        0x8 ./Core/Src/stm32h7xx_it.o
                0x08100418                HardFault_Handler
 .text.MemManage_Handler
                0x08100420        0x8 ./Core/Src/stm32h7xx_it.o
                0x08100420                MemManage_Handler
 .text.BusFault_Handler
                0x08100428        0x8 ./Core/Src/stm32h7xx_it.o
                0x08100428                BusFault_Handler
 .text.UsageFault_Handler
                0x08100430        0x8 ./Core/Src/stm32h7xx_it.o
                0x08100430                UsageFault_Handler
 .text.SVC_Handler
                0x08100438        0xe ./Core/Src/stm32h7xx_it.o
                0x08100438                SVC_Handler
 .text.DebugMon_Handler
                0x08100446        0xe ./Core/Src/stm32h7xx_it.o
                0x08100446                DebugMon_Handler
 .text.PendSV_Handler
                0x08100454        0xe ./Core/Src/stm32h7xx_it.o
                0x08100454                PendSV_Handler
 .text.SysTick_Handler
                0x08100462        0xc ./Core/Src/stm32h7xx_it.o
                0x08100462                SysTick_Handler
 .text.EXTI15_10_IRQHandler
                0x0810046e        0xe ./Core/Src/stm32h7xx_it.o
                0x0810046e                EXTI15_10_IRQHandler
 .text.Reset_Handler
                0x0810047c       0x54 ./Core/Startup/startup_stm32h745zitx.o
                0x0810047c                Reset_Handler
 .text.Default_Handler
                0x081004d0        0x2 ./Core/Startup/startup_stm32h745zitx.o
                0x081004d0                RTC_Alarm_IRQHandler
                0x081004d0                EXTI2_IRQHandler
                0x081004d0                TIM8_CC_IRQHandler
                0x081004d0                HRTIM1_Master_IRQHandler
                0x081004d0                UART8_IRQHandler
                0x081004d0                SPI4_IRQHandler
                0x081004d0                TIM1_CC_IRQHandler
                0x081004d0                BDMA_Channel6_IRQHandler
                0x081004d0                DMA2_Stream5_IRQHandler
                0x081004d0                HRTIM1_FLT_IRQHandler
                0x081004d0                JPEG_IRQHandler
                0x081004d0                DMA1_Stream5_IRQHandler
                0x081004d0                BDMA_Channel1_IRQHandler
                0x081004d0                HRTIM1_TIMD_IRQHandler
                0x081004d0                TAMP_STAMP_IRQHandler
                0x081004d0                EXTI3_IRQHandler
                0x081004d0                LPTIM4_IRQHandler
                0x081004d0                TIM8_TRG_COM_TIM14_IRQHandler
                0x081004d0                LPTIM2_IRQHandler
                0x081004d0                DFSDM1_FLT1_IRQHandler
                0x081004d0                DMAMUX2_OVR_IRQHandler
                0x081004d0                TIM8_UP_TIM13_IRQHandler
                0x081004d0                I2C3_ER_IRQHandler
                0x081004d0                DFSDM1_FLT2_IRQHandler
                0x081004d0                MDMA_IRQHandler
                0x081004d0                LPTIM3_IRQHandler
                0x081004d0                HSEM1_IRQHandler
                0x081004d0                EXTI0_IRQHandler
                0x081004d0                I2C2_EV_IRQHandler
                0x081004d0                DMA1_Stream2_IRQHandler
                0x081004d0                FPU_IRQHandler
                0x081004d0                OTG_HS_WKUP_IRQHandler
                0x081004d0                FDCAN1_IT1_IRQHandler
                0x081004d0                LTDC_ER_IRQHandler
                0x081004d0                DMA2_Stream2_IRQHandler
                0x081004d0                HRTIM1_TIME_IRQHandler
                0x081004d0                SPI1_IRQHandler
                0x081004d0                TIM6_DAC_IRQHandler
                0x081004d0                DCMI_IRQHandler
                0x081004d0                HRTIM1_TIMC_IRQHandler
                0x081004d0                DMA2_Stream3_IRQHandler
                0x081004d0                SAI2_IRQHandler
                0x081004d0                DFSDM1_FLT3_IRQHandler
                0x081004d0                USART6_IRQHandler
                0x081004d0                TIM17_IRQHandler
                0x081004d0                USART3_IRQHandler
                0x081004d0                BDMA_Channel7_IRQHandler
                0x081004d0                LPTIM5_IRQHandler
                0x081004d0                UART5_IRQHandler
                0x081004d0                ADC3_IRQHandler
                0x081004d0                DMA2_Stream0_IRQHandler
                0x081004d0                TIM4_IRQHandler
                0x081004d0                BDMA_Channel2_IRQHandler
                0x081004d0                QUADSPI_IRQHandler
                0x081004d0                I2C1_EV_IRQHandler
                0x081004d0                DMA1_Stream6_IRQHandler
                0x081004d0                DMAMUX1_OVR_IRQHandler
                0x081004d0                DMA1_Stream1_IRQHandler
                0x081004d0                TIM16_IRQHandler
                0x081004d0                UART4_IRQHandler
                0x081004d0                BDMA_Channel5_IRQHandler
                0x081004d0                TIM3_IRQHandler
                0x081004d0                RCC_IRQHandler
                0x081004d0                TIM8_BRK_TIM12_IRQHandler
                0x081004d0                TIM1_TRG_COM_IRQHandler
                0x081004d0                Default_Handler
                0x081004d0                ECC_IRQHandler
                0x081004d0                CEC_IRQHandler
                0x081004d0                BDMA_Channel0_IRQHandler
                0x081004d0                ADC_IRQHandler
                0x081004d0                DMA1_Stream7_IRQHandler
                0x081004d0                HRTIM1_TIMA_IRQHandler
                0x081004d0                SPI5_IRQHandler
                0x081004d0                TIM7_IRQHandler
                0x081004d0                SDMMC1_IRQHandler
                0x081004d0                TIM5_IRQHandler
                0x081004d0                DMA2_Stream7_IRQHandler
                0x081004d0                TIM15_IRQHandler
                0x081004d0                PVD_AVD_IRQHandler
                0x081004d0                I2C3_EV_IRQHandler
                0x081004d0                EXTI9_5_IRQHandler
                0x081004d0                RTC_WKUP_IRQHandler
                0x081004d0                LTDC_IRQHandler
                0x081004d0                SAI3_IRQHandler
                0x081004d0                ETH_WKUP_IRQHandler
                0x081004d0                SPDIF_RX_IRQHandler
                0x081004d0                SPI2_IRQHandler
                0x081004d0                OTG_HS_EP1_IN_IRQHandler
                0x081004d0                DMA1_Stream0_IRQHandler
                0x081004d0                CRS_IRQHandler
                0x081004d0                CM7_SEV_IRQHandler
                0x081004d0                EXTI4_IRQHandler
                0x081004d0                RNG_IRQHandler
                0x081004d0                CM4_SEV_IRQHandler
                0x081004d0                HRTIM1_TIMB_IRQHandler
                0x081004d0                FDCAN2_IT1_IRQHandler
                0x081004d0                ETH_IRQHandler
                0x081004d0                TIM1_UP_IRQHandler
                0x081004d0                WWDG_RST_IRQHandler
                0x081004d0                BDMA_Channel4_IRQHandler
                0x081004d0                OTG_HS_EP1_OUT_IRQHandler
                0x081004d0                WWDG_IRQHandler
                0x081004d0                SPI6_IRQHandler
                0x081004d0                MDIOS_IRQHandler
                0x081004d0                I2C4_EV_IRQHandler
                0x081004d0                FDCAN2_IT0_IRQHandler
                0x081004d0                LPUART1_IRQHandler
                0x081004d0                FDCAN1_IT0_IRQHandler
                0x081004d0                TIM2_IRQHandler
                0x081004d0                OTG_FS_WKUP_IRQHandler
                0x081004d0                OTG_HS_IRQHandler
                0x081004d0                HSEM2_IRQHandler
                0x081004d0                DMA2D_IRQHandler
                0x081004d0                TIM1_BRK_IRQHandler
                0x081004d0                EXTI1_IRQHandler
                0x081004d0                SDMMC2_IRQHandler
                0x081004d0                OTG_FS_EP1_OUT_IRQHandler
                0x081004d0                BDMA_Channel3_IRQHandler
                0x081004d0                HOLD_CORE_IRQHandler
                0x081004d0                UART7_IRQHandler
                0x081004d0                MDIOS_WKUP_IRQHandler
                0x081004d0                USART2_IRQHandler
                0x081004d0                DFSDM1_FLT0_IRQHandler
                0x081004d0                SAI4_IRQHandler
                0x081004d0                I2C2_ER_IRQHandler
                0x081004d0                DMA2_Stream1_IRQHandler
                0x081004d0                FLASH_IRQHandler
                0x081004d0                DMA2_Stream4_IRQHandler
                0x081004d0                USART1_IRQHandler
                0x081004d0                OTG_FS_IRQHandler
                0x081004d0                SPI3_IRQHandler
                0x081004d0                WAKEUP_PIN_IRQHandler
                0x081004d0                DMA1_Stream4_IRQHandler
                0x081004d0                OTG_FS_EP1_IN_IRQHandler
                0x081004d0                I2C1_ER_IRQHandler
                0x081004d0                FMC_IRQHandler
                0x081004d0                FDCAN_CAL_IRQHandler
                0x081004d0                SWPMI1_IRQHandler
                0x081004d0                COMP1_IRQHandler
                0x081004d0                LPTIM1_IRQHandler
                0x081004d0                I2C4_ER_IRQHandler
                0x081004d0                DMA2_Stream6_IRQHandler
                0x081004d0                SAI1_IRQHandler
                0x081004d0                DMA1_Stream3_IRQHandler
 *fill*         0x081004d2        0x2 
 .text.__libc_init_array
                0x081004d4       0x48 C:/ST/STM32CubeIDE_2.0.0/STM32CubeIDE/plugins/com.st.stm32cube.ide.mcu.externaltools.gnu-tools-for-stm32.13.3.rel1.win32_1.0.100.202509120712/tools/bin/../lib/gcc/arm-none-eabi/13.3.1/../../../../arm-none-eabi/lib/thumb/v7e-m+fp/hard\libc_nano.a(libc_a-init.o)
                0x081004d4                __libc_init_array
 *(.glue_7)
 .glue_7        0x0810051c        0x0 linker stubs
 *(.glue_7t)
 .glue_7t       0x0810051c        0x0 linker stubs
 *(.eh_frame)
 .eh_frame      0x0810051c        0x0 C:/ST/STM32CubeIDE_2.0.0/STM32CubeIDE/plugins/com.st.stm32cube.ide.mcu.externaltools.gnu-tools-for-stm32.13.3.rel1.win32_1.0.100.202509120712/tools/bin/../lib/gcc/arm-none-eabi/13.3.1/thumb/v7e-m+fp/hard/crtbegin.o
 *(.init)
 .init          0x0810051c        0x4 C:/ST/STM32CubeIDE_2.0.0/STM32CubeIDE/plugins/com.st.stm32cube.ide.mcu.externaltools.gnu-tools-for-stm32.13.3.rel1.win32_1.0.100.202509120712/tools/bin/../lib/gcc/arm-none-eabi/13.3.1/thumb/v7e-m+fp/hard/crti.o
                0x0810051c                _init
 .init          0x08100520        0x8 C:/ST/STM32CubeIDE_2.0.0/STM32CubeIDE/plugins/com.st.stm32cube.ide.mcu.externaltools.gnu-tools-for-stm32.13.3.rel1.win32_1.0.100.202509120712/tools/bin/../lib/gcc/arm-none-eabi/13.3.1/thumb/v7e-m+fp/hard/crtn.o
 *(.fini)
 .fini          0x08100528        0x4 C:/ST/STM32CubeIDE_2.0.0/STM32CubeIDE/plugins/com.st.stm32cube.ide.mcu.externaltools.gnu-tools-for-stm32.13.3.rel1.win32_1.0.100.202509120712/tools/bin/../lib/gcc/arm-none-eabi/13.3.1/thumb/v7e-m+fp/hard/crti.o
                0x08100528                _fini
 .fini          0x0810052c        0x8 C:/ST/STM32CubeIDE_2.0.0/STM32CubeIDE/plugins/com.st.stm32cube.ide.mcu.externaltools.gnu-tools-for-stm32.13.3.rel1.win32_1.0.100.202509120712/tools/bin/../lib/gcc/arm-none-eabi/13.3.1/thumb/v7e-m+fp/hard/crtn.o
                0x08100534                        . = ALIGN (0x4)
                0x08100534                        _etext = .

.vfp11_veneer   0x08100534        0x0
 .vfp11_veneer  0x08100534        0x0 linker stubs

.v4_bx          0x08100534        0x0
 .v4_bx         0x08100534        0x0 linker stubs

.iplt           0x08100534        0x0
 .iplt          0x08100534        0x0 C:/ST/STM32CubeIDE_2.0.0/STM32CubeIDE/plugins/com.st.stm32cube.ide.mcu.externaltools.gnu-tools-for-stm32.13.3.rel1.win32_1.0.100.202509120712/tools/bin/../lib/gcc/arm-none-eabi/13.3.1/thumb/v7e-m+fp/hard/crtbegin.o

.rodata         0x08100534        0x0
                0x08100534                        . = ALIGN (0x4)
 *(.rodata)
 *(.rodata*)
                0x08100534                        . = ALIGN (0x4)

.ARM.extab
 *(.ARM.extab* .gnu.linkonce.armextab.*)

.ARM            0x08100534        0x0
                0x08100534                        __exidx_start = .
 *(.ARM.exidx*)
                0x08100534                        __exidx_end = .

.preinit_array  0x08100534        0x0
                0x08100534                        PROVIDE (__preinit_array_start = .)
 *(.preinit_array*)
                0x08100534                        PROVIDE (__preinit_array_end = .)

.init_array     0x08100534        0x4
                0x08100534                        PROVIDE (__init_array_start = .)
 *(SORT_BY_NAME(.init_array.*))
 *(.init_array*)
 .init_array    0x08100534        0x4 C:/ST/STM32CubeIDE_2.0.0/STM32CubeIDE/plugins/com.st.stm32cube.ide.mcu.externaltools.gnu-tools-for-stm32.13.3.rel1.win32_1.0.100.202509120712/tools/bin/../lib/gcc/arm-none-eabi/13.3.1/thumb/v7e-m+fp/hard/crtbegin.o
                0x08100538                        PROVIDE (__init_array_end = .)

.fini_array     0x08100538        0x4
                [!provide]                        PROVIDE (__fini_array_start = .)
 *(SORT_BY_NAME(.fini_array.*))
 *(.fini_array*)
 .fini_array    0x08100538        0x4 C:/ST/STM32CubeIDE_2.0.0/STM32CubeIDE/plugins/com.st.stm32cube.ide.mcu.externaltools.gnu-tools-for-stm32.13.3.rel1.win32_1.0.100.202509120712/tools/bin/../lib/gcc/arm-none-eabi/13.3.1/thumb/v7e-m+fp/hard/crtbegin.o
                [!provide]                        PROVIDE (__fini_array_end = .)
                0x0810053c                        _sidata = LOADADDR (.data)

.rel.dyn        0x0810053c        0x0
 .rel.iplt      0x0810053c        0x0 C:/ST/STM32CubeIDE_2.0.0/STM32CubeIDE/plugins/com.st.stm32cube.ide.mcu.externaltools.gnu-tools-for-stm32.13.3.rel1.win32_1.0.100.202509120712/tools/bin/../lib/gcc/arm-none-eabi/13.3.1/thumb/v7e-m+fp/hard/crtbegin.o

.data           0x10000000        0x0 load address 0x0810053c
                0x10000000                        . = ALIGN (0x4)
                0x10000000                        _sdata = .
 *(.data)
 *(.data*)
 *(.RamFunc)
 *(.RamFunc*)
                0x10000000                        . = ALIGN (0x4)
                0x10000000                        _edata = .

.igot.plt       0x10000000        0x0 load address 0x0810053c
 .igot.plt      0x10000000        0x0 C:/ST/STM32CubeIDE_2.0.0/STM32CubeIDE/plugins/com.st.stm32cube.ide.mcu.externaltools.gnu-tools-for-stm32.13.3.rel1.win32_1.0.100.202509120712/tools/bin/../lib/gcc/arm-none-eabi/13.3.1/thumb/v7e-m+fp/hard/crtbegin.o
                0x10000000                        . = ALIGN (0x4)

.bss            0x10000000       0x2c load address 0x0810053c
                0x10000000                        _sbss = .
                0x10000000                        __bss_start__ = _sbss
 *(.bss)
 .bss           0x10000000       0x1c C:/ST/STM32CubeIDE_2.0.0/STM32CubeIDE/plugins/com.st.stm32cube.ide.mcu.externaltools.gnu-tools-for-stm32.13.3.rel1.win32_1.0.100.202509120712/tools/bin/../lib/gcc/arm-none-eabi/13.3.1/thumb/v7e-m+fp/hard/crtbegin.o
 *(.bss*)
 .bss.BspCOMInit
                0x1000001c       0x10 ./Core/Src/main.o
                0x1000001c                BspCOMInit
 *(COMMON)
                0x1000002c                        . = ALIGN (0x4)
                0x1000002c                        _ebss = .
                0x1000002c                        __bss_end__ = _ebss

._user_heap_stack
                0x1000002c      0x604 load address 0x0810053c
                0x10000030                        . = ALIGN (0x8)
 *fill*         0x1000002c        0x4 
                [!provide]                        PROVIDE (end = .)
                0x10000030                        PROVIDE (_end = .)
                0x10000230                        . = (. + _Min_Heap_Size)
 *fill*         0x10000030      0x200 
                0x10000630                        . = (. + _Min_Stack_Size)
 *fill*         0x10000230      0x400 
                0x10000630                        . = ALIGN (0x8)

/DISCARD/
 libc.a(*)
 libm.a(*)
 libgcc.a(*)

.ARM.attributes
                0x00000000       0x30
 *(.ARM.attributes)
 .ARM.attributes
                0x00000000       0x22 C:/ST/STM32CubeIDE_2.0.0/STM32CubeIDE/plugins/com.st.stm32cube.ide.mcu.externaltools.gnu-tools-for-stm32.13.3.rel1.win32_1.0.100.202509120712/tools/bin/../lib/gcc/arm-none-eabi/13.3.1/thumb/v7e-m+fp/hard/crti.o
 .ARM.attributes
                0x00000022       0x34 C:/ST/STM32CubeIDE_2.0.0/STM32CubeIDE/plugins/com.st.stm32cube.ide.mcu.externaltools.gnu-tools-for-stm32.13.3.rel1.win32_1.0.100.202509120712/tools/bin/../lib/gcc/arm-none-eabi/13.3.1/thumb/v7e-m+fp/hard/crtbegin.o
 .ARM.attributes
                0x00000056       0x34 ./Common/Src/system_stm32h7xx_dualcore_boot_cm4_cm7.o
 .ARM.attributes
                0x0000008a       0x34 ./Core/Src/main.o
 .ARM.attributes
                0x000000be       0x34 ./Core/Src/stm32h7xx_it.o
 .ARM.attributes
                0x000000f2       0x21 ./Core/Startup/startup_stm32h745zitx.o
 .ARM.attributes
                0x00000113       0x34 C:/ST/STM32CubeIDE_2.0.0/STM32CubeIDE/plugins/com.st.stm32cube.ide.mcu.externaltools.gnu-tools-for-stm32.13.3.rel1.win32_1.0.100.202509120712/tools/bin/../lib/gcc/arm-none-eabi/13.3.1/../../../../arm-none-eabi/lib/thumb/v7e-m+fp/hard\libc_nano.a(libc_a-init.o)
 .ARM.attributes
                0x00000147       0x22 C:/ST/STM32CubeIDE_2.0.0/STM32CubeIDE/plugins/com.st.stm32cube.ide.mcu.externaltools.gnu-tools-for-stm32.13.3.rel1.win32_1.0.100.202509120712/tools/bin/../lib/gcc/arm-none-eabi/13.3.1/thumb/v7e-m+fp/hard/crtn.o
OUTPUT(Dev_Code_STM32H745ZI-Q_CM4.elf elf32-littlearm)
LOAD linker stubs
LOAD C:/ST/STM32CubeIDE_2.0.0/STM32CubeIDE/plugins/com.st.stm32cube.ide.mcu.externaltools.gnu-tools-for-stm32.13.3.rel1.win32_1.0.100.202509120712/tools/bin/../lib/gcc/arm-none-eabi/13.3.1/../../../../arm-none-eabi/lib/thumb/v7e-m+fp/hard\libc.a
LOAD C:/ST/STM32CubeIDE_2.0.0/STM32CubeIDE/plugins/com.st.stm32cube.ide.mcu.externaltools.gnu-tools-for-stm32.13.3.rel1.win32_1.0.100.202509120712/tools/bin/../lib/gcc/arm-none-eabi/13.3.1/../../../../arm-none-eabi/lib/thumb/v7e-m+fp/hard\libm.a
LOAD C:/ST/STM32CubeIDE_2.0.0/STM32CubeIDE/plugins/com.st.stm32cube.ide.mcu.externaltools.gnu-tools-for-stm32.13.3.rel1.win32_1.0.100.202509120712/tools/bin/../lib/gcc/arm-none-eabi/13.3.1/thumb/v7e-m+fp/hard\libgcc.a

.debug_info     0x00000000     0x13f9
 .debug_info    0x00000000      0x823 ./Common/Src/system_stm32h7xx_dualcore_boot_cm4_cm7.o
 .debug_info    0x00000823      0xa36 ./Core/Src/main.o
 .debug_info    0x00001259      0x170 ./Core/Src/stm32h7xx_it.o
 .debug_info    0x000013c9       0x30 ./Core/Startup/startup_stm32h745zitx.o

.debug_abbrev   0x00000000      0x456
 .debug_abbrev  0x00000000      0x152 ./Common/Src/system_stm32h7xx_dualcore_boot_cm4_cm7.o
 .debug_abbrev  0x00000152      0x224 ./Core/Src/main.o
 .debug_abbrev  0x00000376       0xbc ./Core/Src/stm32h7xx_it.o
 .debug_abbrev  0x00000432       0x24 ./Core/Startup/startup_stm32h745zitx.o

.debug_aranges  0x00000000       0xe8
 .debug_aranges
                0x00000000       0x30 ./Common/Src/system_stm32h7xx_dualcore_boot_cm4_cm7.o
 .debug_aranges
                0x00000030       0x28 ./Core/Src/main.o
 .debug_aranges
                0x00000058       0x68 ./Core/Src/stm32h7xx_it.o
 .debug_aranges
                0x000000c0       0x28 ./Core/Startup/startup_stm32h745zitx.o

.debug_rnglists
                0x00000000       0x9c
 .debug_rnglists
                0x00000000       0x20 ./Common/Src/system_stm32h7xx_dualcore_boot_cm4_cm7.o
 .debug_rnglists
                0x00000020       0x1a ./Core/Src/main.o
 .debug_rnglists
                0x0000003a       0x49 ./Core/Src/stm32h7xx_it.o
 .debug_rnglists
                0x00000083       0x19 ./Core/Startup/startup_stm32h745zitx.o

.debug_macro    0x00000000    0x36fe8
 .debug_macro   0x00000000      0x296 ./Common/Src/system_stm32h7xx_dualcore_boot_cm4_cm7.o
 .debug_macro   0x00000296      0xaea ./Common/Src/system_stm32h7xx_dualcore_boot_cm4_cm7.o
 .debug_macro   0x00000d80       0x2e ./Common/Src/system_stm32h7xx_dualcore_boot_cm4_cm7.o
 .debug_macro   0x00000dae       0x3b ./Common/Src/system_stm32h7xx_dualcore_boot_cm4_cm7.o
 .debug_macro   0x00000de9       0x22 ./Common/Src/system_stm32h7xx_dualcore_boot_cm4_cm7.o
 .debug_macro   0x00000e0b       0x8e ./Common/Src/system_stm32h7xx_dualcore_boot_cm4_cm7.o
 .debug_macro   0x00000e99       0x51 ./Common/Src/system_stm32h7xx_dualcore_boot_cm4_cm7.o
 .debug_macro   0x00000eea      0x103 ./Common/Src/system_stm32h7xx_dualcore_boot_cm4_cm7.o
 .debug_macro   0x00000fed       0x6a ./Common/Src/system_stm32h7xx_dualcore_boot_cm4_cm7.o
 .debug_macro   0x00001057      0x1df ./Common/Src/system_stm32h7xx_dualcore_boot_cm4_cm7.o
 .debug_macro   0x00001236       0x1c ./Common/Src/system_stm32h7xx_dualcore_boot_cm4_cm7.o
 .debug_macro   0x00001252       0x22 ./Common/Src/system_stm32h7xx_dualcore_boot_cm4_cm7.o
 .debug_macro   0x00001274       0xfb ./Common/Src/system_stm32h7xx_dualcore_boot_cm4_cm7.o
 .debug_macro   0x0000136f     0x1011 ./Common/Src/system_stm32h7xx_dualcore_boot_cm4_cm7.o
 .debug_macro   0x00002380      0x11f ./Common/Src/system_stm32h7xx_dualcore_boot_cm4_cm7.o
 .debug_macro   0x0000249f    0x27066 ./Common/Src/system_stm32h7xx_dualcore_boot_cm4_cm7.o
 .debug_macro   0x00029505       0x6d ./Common/Src/system_stm32h7xx_dualcore_boot_cm4_cm7.o
 .debug_macro   0x00029572      0x232 ./Common/Src/system_stm32h7xx_dualcore_boot_cm4_cm7.o
 .debug_macro   0x000297a4     0x3d79 ./Common/Src/system_stm32h7xx_dualcore_boot_cm4_cm7.o
 .debug_macro   0x0002d51d      0x190 ./Common/Src/system_stm32h7xx_dualcore_boot_cm4_cm7.o
 .debug_macro   0x0002d6ad       0x61 ./Common/Src/system_stm32h7xx_dualcore_boot_cm4_cm7.o
 .debug_macro   0x0002d70e       0x2a ./Common/Src/system_stm32h7xx_dualcore_boot_cm4_cm7.o
 .debug_macro   0x0002d738       0x43 ./Common/Src/system_stm32h7xx_dualcore_boot_cm4_cm7.o
 .debug_macro   0x0002d77b       0x34 ./Common/Src/system_stm32h7xx_dualcore_boot_cm4_cm7.o
 .debug_macro   0x0002d7af      0x370 ./Common/Src/system_stm32h7xx_dualcore_boot_cm4_cm7.o
 .debug_macro   0x0002db1f       0x16 ./Common/Src/system_stm32h7xx_dualcore_boot_cm4_cm7.o
 .debug_macro   0x0002db35       0x4a ./Common/Src/system_stm32h7xx_dualcore_boot_cm4_cm7.o
 .debug_macro   0x0002db7f       0x34 ./Common/Src/system_stm32h7xx_dualcore_boot_cm4_cm7.o
 .debug_macro   0x0002dbb3       0x10 ./Common/Src/system_stm32h7xx_dualcore_boot_cm4_cm7.o
 .debug_macro   0x0002dbc3       0x58 ./Common/Src/system_stm32h7xx_dualcore_boot_cm4_cm7.o
 .debug_macro   0x0002dc1b       0x8e ./Common/Src/system_stm32h7xx_dualcore_boot_cm4_cm7.o
 .debug_macro   0x0002dca9       0x1c ./Common/Src/system_stm32h7xx_dualcore_boot_cm4_cm7.o
 .debug_macro   0x0002dcc5      0x185 ./Common/Src/system_stm32h7xx_dualcore_boot_cm4_cm7.o
 .debug_macro   0x0002de4a      0x19b ./Common/Src/system_stm32h7xx_dualcore_boot_cm4_cm7.o
 .debug_macro   0x0002dfe5       0x5d ./Common/Src/system_stm32h7xx_dualcore_boot_cm4_cm7.o
 .debug_macro   0x0002e042     0x3a9d ./Common/Src/system_stm32h7xx_dualcore_boot_cm4_cm7.o
 .debug_macro   0x00031adf     0x1072 ./Common/Src/system_stm32h7xx_dualcore_boot_cm4_cm7.o
 .debug_macro   0x00032b51      0x154 ./Common/Src/system_stm32h7xx_dualcore_boot_cm4_cm7.o
 .debug_macro   0x00032ca5      0x130 ./Common/Src/system_stm32h7xx_dualcore_boot_cm4_cm7.o
 .debug_macro   0x00032dd5      0x3c2 ./Common/Src/system_stm32h7xx_dualcore_boot_cm4_cm7.o
 .debug_macro   0x00033197       0xac ./Common/Src/system_stm32h7xx_dualcore_boot_cm4_cm7.o
 .debug_macro   0x00033243      0x72d ./Common/Src/system_stm32h7xx_dualcore_boot_cm4_cm7.o
 .debug_macro   0x00033970      0x228 ./Common/Src/system_stm32h7xx_dualcore_boot_cm4_cm7.o
 .debug_macro   0x00033b98       0x66 ./Common/Src/system_stm32h7xx_dualcore_boot_cm4_cm7.o
 .debug_macro   0x00033bfe      0x3bb ./Common/Src/system_stm32h7xx_dualcore_boot_cm4_cm7.o
 .debug_macro   0x00033fb9      0x407 ./Common/Src/system_stm32h7xx_dualcore_boot_cm4_cm7.o
 .debug_macro   0x000343c0      0x244 ./Common/Src/system_stm32h7xx_dualcore_boot_cm4_cm7.o
 .debug_macro   0x00034604      0x3ca ./Common/Src/system_stm32h7xx_dualcore_boot_cm4_cm7.o
 .debug_macro   0x000349ce      0x4a2 ./Common/Src/system_stm32h7xx_dualcore_boot_cm4_cm7.o
 .debug_macro   0x00034e70       0x51 ./Common/Src/system_stm32h7xx_dualcore_boot_cm4_cm7.o
 .debug_macro   0x00034ec1       0x4a ./Common/Src/system_stm32h7xx_dualcore_boot_cm4_cm7.o
 .debug_macro   0x00034f0b      0x22c ./Common/Src/system_stm32h7xx_dualcore_boot_cm4_cm7.o
 .debug_macro   0x00035137       0x67 ./Common/Src/system_stm32h7xx_dualcore_boot_cm4_cm7.o
 .debug_macro   0x0003519e       0xa5 ./Common/Src/system_stm32h7xx_dualcore_boot_cm4_cm7.o
 .debug_macro   0x00035243      0x218 ./Common/Src/system_stm32h7xx_dualcore_boot_cm4_cm7.o
 .debug_macro   0x0003545b      0x2ea ./Common/Src/system_stm32h7xx_dualcore_boot_cm4_cm7.o
 .debug_macro   0x00035745       0x35 ./Common/Src/system_stm32h7xx_dualcore_boot_cm4_cm7.o
 .debug_macro   0x0003577a      0x693 ./Common/Src/system_stm32h7xx_dualcore_boot_cm4_cm7.o
 .debug_macro   0x00035e0d       0xa6 ./Common/Src/system_stm32h7xx_dualcore_boot_cm4_cm7.o
 .debug_macro   0x00035eb3      0x7a4 ./Common/Src/system_stm32h7xx_dualcore_boot_cm4_cm7.o
 .debug_macro   0x00036657      0x301 ./Core/Src/main.o
 .debug_macro   0x00036958       0x2e ./Core/Src/main.o
 .debug_macro   0x00036986       0x52 ./Core/Src/main.o
 .debug_macro   0x000369d8      0x131 ./Core/Src/main.o
 .debug_macro   0x00036b09       0x1c ./Core/Src/main.o
 .debug_macro   0x00036b25       0x3c ./Core/Src/main.o
 .debug_macro   0x00036b61       0x10 ./Core/Src/main.o
 .debug_macro   0x00036b71       0x1c ./Core/Src/main.o
 .debug_macro   0x00036b8d       0x16 ./Core/Src/main.o
 .debug_macro   0x00036ba3      0x146 ./Core/Src/main.o
 .debug_macro   0x00036ce9      0x2ff ./Core/Src/stm32h7xx_it.o

.debug_line     0x00000000     0x1eb5
 .debug_line    0x00000000      0xa98 ./Common/Src/system_stm32h7xx_dualcore_boot_cm4_cm7.o
 .debug_line    0x00000a98      0x98f ./Core/Src/main.o
 .debug_line    0x00001427      0xa13 ./Core/Src/stm32h7xx_it.o
 .debug_line    0x00001e3a       0x7b ./Core/Startup/startup_stm32h745zitx.o

.debug_str      0x00000000   0x173944
 .debug_str     0x00000000   0x173944 ./Common/Src/system_stm32h7xx_dualcore_boot_cm4_cm7.o
                             0x172a22 (size before relaxing)
 .debug_str     0x00173944        0x0 ./Core/Src/main.o
                             0x173afc (size before relaxing)
 .debug_str     0x00173944        0x0 ./Core/Src/stm32h7xx_it.o
                             0x1735d3 (size before relaxing)
 .debug_str     0x00173944        0x0 ./Core/Startup/startup_stm32h745zitx.o
                                 0xa1 (size before relaxing)

.comment        0x00000000       0x43
 .comment       0x00000000       0x43 ./Common/Src/system_stm32h7xx_dualcore_boot_cm4_cm7.o
                                 0x44 (size before relaxing)
 .comment       0x00000043        0x0 ./Core/Src/main.o
                                 0x44 (size before relaxing)
 .comment       0x00000043        0x0 ./Core/Src/stm32h7xx_it.o
                                 0x44 (size before relaxing)

.debug_frame    0x00000000      0x20c
 .debug_frame   0x00000000       0x78 ./Common/Src/system_stm32h7xx_dualcore_boot_cm4_cm7.o
 .debug_frame   0x00000078       0x48 ./Core/Src/main.o
 .debug_frame   0x000000c0      0x120 ./Core/Src/stm32h7xx_it.o
 .debug_frame   0x000001e0       0x2c C:/ST/STM32CubeIDE_2.0.0/STM32CubeIDE/plugins/com.st.stm32cube.ide.mcu.externaltools.gnu-tools-for-stm32.13.3.rel1.win32_1.0.100.202509120712/tools/bin/../lib/gcc/arm-none-eabi/13.3.1/../../../../arm-none-eabi/lib/thumb/v7e-m+fp/hard\libc_nano.a(libc_a-init.o)

.debug_line_str
                0x00000000       0x85
 .debug_line_str
                0x00000000       0x85 ./Core/Startup/startup_stm32h745zitx.o
