FILE_TYPE=LIBRARY_PARTS;
PRIMITIVE 'CM322522_180KL','CM322522_180KL_Inductor Moulded';
  PIN
    '1':
      PIN_NUMBER='(1)';
      NO_LOAD_CHECK=BOTH;
      NO_IO_CHECK=BOTH;
      ALLOW_CONNECT=TRUE;
      PINUSE='UNSPEC';
    '2':
      PIN_NUMBER='(2)';
      NO_LOAD_CHECK=BOTH;
      NO_IO_CHECK=BOTH;
      ALLOW_CONNECT=TRUE;
      PINUSE='UNSPEC';
  END_PIN;
  BODY
    PART_NAME='CM322522_180KL';
    PHYS_DES_PREFIX='L';
    NO_LOAD_CHECK='TRUE';
    PIN_COUNT='2';
    BODY_NAME='CM322522_180KL';
    JEDEC_TYPE='INDM3225X240N';
  END_BODY;
END_PRIMITIVE;
END.
