../BSP/Src/no_os_i3c.c:66:5:no_os_i3c_init	40	static
../BSP/Src/no_os_i3c.c:161:5:no_os_i3c_init_bus	40	static
../BSP/Src/no_os_i3c.c:270:5:no_os_i3c_remove	24	static
../BSP/Src/no_os_i3c.c:304:5:no_os_i3c_remove_bus	24	static
../BSP/Src/no_os_i3c.c:337:5:no_os_i3c_do_daa	16	static
../BSP/Src/no_os_i3c.c:356:5:no_os_i3c_send_ccc	56	static
../BSP/Src/no_os_i3c.c:390:5:no_os_i3c_send_direct_ccc	24	static
../BSP/Src/no_os_i3c.c:409:5:no_os_i3c_write	32	static
../BSP/Src/no_os_i3c.c:436:5:no_os_i3c_read	32	static
../BSP/Src/no_os_i3c.c:465:5:no_os_i3c_write_and_read	48	static
../BSP/Src/no_os_i3c.c:494:5:no_os_i3c_conf_irq	16	static
../BSP/Src/no_os_i3c.c:512:5:no_os_i3c_async_irq	16	static
../BSP/Src/no_os_i3c.c:528:5:no_os_i3c_wait_irq	16	static
../BSP/Src/no_os_i3c.c:545:5:no_os_i3c_call_irq	24	static
../BSP/Src/no_os_i3c.c:581:9:no_os_i3c_addr_get_free	24	static
../BSP/Src/no_os_i3c.c:602:6:no_os_i3c_addr_set_status	32	static
../BSP/Src/no_os_i3c.c:627:35:no_os_i3c_addr_get_status	32	static
../BSP/Src/no_os_i3c.c:651:13:no_os_i3c_addr_is_avail	24	static
../BSP/Src/no_os_i3c.c:665:13:no_os_i3c_addr_init	24	static
../BSP/Src/no_os_i3c.c:687:6:no_os_i3c_attach_callback	16	static
../BSP/Src/no_os_i3c.c:697:6:no_os_i3c_detach_callback	16	static
../BSP/Src/no_os_i3c.c:712:9:no_os_i3c_transfer_dma_async	40	static
../BSP/Src/no_os_i3c.c:734:9:no_os_i3c_transfer_abort	24	static
