../Drivers/CMSIS/Include/core_cm4.h:1809:22:__NVIC_SetPriority	16	static
../BSP/Src/stm32_gpio_irq.c:56:16:irq_action_cmp	16	static
../BSP/Src/stm32_gpio_irq.c:68:20:stm32_handle_generic_callback	40	static
../BSP/Src/stm32_gpio_irq.c:88:6:HAL_GPIO_EXTI_Callback	16	static
../BSP/Src/stm32_gpio_irq.c:97:6:HAL_GPIO_EXTI_Rising_Callback	16	static
../BSP/Src/stm32_gpio_irq.c:106:6:HAL_GPIO_EXTI_Falling_Callback	16	static
../BSP/Src/stm32_gpio_irq.c:117:12:stm32_gpio_irq_ctrl_init	32	static
../BSP/Src/stm32_gpio_irq.c:181:12:stm32_gpio_irq_ctrl_remove	24	static
../BSP/Src/stm32_gpio_irq.c:208:12:stm32_gpio_irq_trigger_level_set	48	static
../BSP/Src/stm32_gpio_irq.c:256:12:stm32_gpio_irq_register_callback	64	static
../BSP/Src/stm32_gpio_irq.c:317:12:stm32_gpio_irq_unregister_callback	48	static
../BSP/Src/stm32_gpio_irq.c:341:12:stm32_gpio_irq_global_enable	16	static
../BSP/Src/stm32_gpio_irq.c:351:12:stm32_gpio_irq_global_disable	16	static
../BSP/Src/stm32_gpio_irq.c:362:12:stm32_gpio_irq_enable	24	static
../BSP/Src/stm32_gpio_irq.c:386:12:stm32_gpio_irq_disable	24	static
../BSP/Src/stm32_gpio_irq.c:411:12:stm32_gpio_irq_set_priority	32	static
../BSP/Src/stm32_gpio_irq.c:436:12:stm32_irq_clear_pending	24	static
