../BSP/Sensors/Src/ad7124_console_app.c:118:9:ad7124_app_initialize	64	static
../BSP/Sensors/Src/ad7124_console_app.c:227:6:read_status_register	24	static
../BSP/Sensors/Src/ad7124_console_app.c:254:6:read_error_register	16	static
../BSP/Sensors/Src/ad7124_console_app.c:339:13:dislay_channel_samples	48	static
../BSP/Sensors/Src/ad7124_console_app.c:395:7:display_channel_sample	24	static
../BSP/Sensors/Src/ad7124_console_app.c:426:13:clear_channel_samples	16	static
../BSP/Sensors/Src/ad7124_console_app.c:443:9:do_continuous_conversion	40	static
../BSP/Sensors/Src/ad7124_console_app.c:609:9:menu_single_conversion	48	static
../BSP/Sensors/Src/ad7124_console_app.c:786:9:ad7124_reset_function	8	static
../BSP/Sensors/Src/ad7124_console_app.c:804:9:ad7124_read_device_id	16	static
