../BSP/Sensors/Src/ad7124_console_app.c:113:9:ad7124_app_initialize	64	static
../BSP/Sensors/Src/ad7124_console_app.c:222:6:read_status_register	16	static
../BSP/Sensors/Src/ad7124_console_app.c:236:6:read_error_register	8	static
../BSP/Sensors/Src/ad7124_console_app.c:310:13:dislay_channel_samples	48	static
../BSP/Sensors/Src/ad7124_console_app.c:357:6:display_channel_sample	32	static
../BSP/Sensors/Src/ad7124_console_app.c:375:13:clear_channel_samples	16	static
../BSP/Sensors/Src/ad7124_console_app.c:391:9:do_continuous_conversion	40	static
../BSP/Sensors/Src/ad7124_console_app.c:558:9:menu_single_conversion	40	static
../BSP/Sensors/Src/ad7124_console_app.c:723:9:ad7124_reset_function	8	static
../BSP/Sensors/Src/ad7124_console_app.c:741:9:ad7124_read_device_id	8	static
