../BSP/Sensors/Src/fdc2214.c:35:9:FDC2214_Begin	8	static
../BSP/Sensors/Src/fdc2214.c:47:9:isConnected	24	static
../BSP/Sensors/Src/fdc2214.c:75:9:reset_fdc2214	8	static
../BSP/Sensors/Src/fdc2214.c:84:5:FDC2214_Check_Device_ID	24	static
../BSP/Sensors/Src/fdc2214.c:117:6:setReferenceCount	16	static
../BSP/Sensors/Src/fdc2214.c:122:6:setSettleCount	16	static
../BSP/Sensors/Src/fdc2214.c:126:6:setOffset	16	static
../BSP/Sensors/Src/fdc2214.c:130:6:setClockDividers	24	static
../BSP/Sensors/Src/fdc2214.c:144:6:setDriveCurrent	24	static
../BSP/Sensors/Src/fdc2214.c:157:9:FDC2214_configure_defaults	16	static
../BSP/Sensors/Src/fdc2214.c:473:6:FDC2214_set_active_channel	16	static
../BSP/Sensors/Src/fdc2214.c:480:6:FDC2214_setAutoscan	24	static
../BSP/Sensors/Src/fdc2214.c:491:6:FDC2214_setDeglitch	16	static
../BSP/Sensors/Src/fdc2214.c:498:6:FDC2214_setReferenceClockSource	16	static
../BSP/Sensors/Src/fdc2214.c:505:6:FDC2214_setHighCurrentDrive	16	static
../BSP/Sensors/Src/fdc2214.c:512:6:FDC2214_setSleep	16	static
../BSP/Sensors/Src/fdc2214.c:519:6:FDC2214_wakeup	8	static
../BSP/Sensors/Src/fdc2214.c:525:6:FDC2214_sleep	8	static
../BSP/Sensors/Src/fdc2214.c:534:9:FDC2214_is_data_ready	24	static
../BSP/Sensors/Src/fdc2214.c:609:10:FDC2214_readRawChannel	24	static
../BSP/Sensors/Src/fdc2214.c:619:7:FDC2214_readFrequencyHz	40	static
../BSP/Sensors/Src/fdc2214.c:636:7:FDC2214_readCapacitancePf	32	static
../BSP/Sensors/Src/fdc2214.c:675:7:FDC2214_read_differential_capacitance	16	static
../BSP/Sensors/Src/fdc2214.c:708:9:FDC2214_read_accumulator_height	24	static
../BSP/Sensors/Src/fdc2214.c:717:10:readStatus	8	static
../BSP/Sensors/Src/fdc2214.c:722:10:readErrorConfig	8	static
../BSP/Sensors/Src/fdc2214.c:729:10:read_register	32	static
../BSP/Sensors/Src/fdc2214.c:747:9:write_register	32	static
../BSP/Sensors/Src/fdc2214.c:766:6:write_config	8	static
../BSP/Sensors/Src/fdc2214.c:770:6:write_mux_config	8	static
