Archive member included to satisfy reference by file (symbol)

C:/ST/STM32CubeIDE_2.0.0/STM32CubeIDE/plugins/com.st.stm32cube.ide.mcu.externaltools.gnu-tools-for-stm32.13.3.rel1.win32_1.0.100.202509120712/tools/bin/../lib/gcc/arm-none-eabi/13.3.1/../../../../arm-none-eabi/lib/thumb/v7e-m+fp/hard\libc_nano.a(libc_a-exit.o)
                              C:/ST/STM32CubeIDE_2.0.0/STM32CubeIDE/plugins/com.st.stm32cube.ide.mcu.externaltools.gnu-tools-for-stm32.13.3.rel1.win32_1.0.100.202509120712/tools/bin/../lib/gcc/arm-none-eabi/13.3.1/../../../../arm-none-eabi/lib/thumb/v7e-m+fp/hard/crt0.o (exit)
C:/ST/STM32CubeIDE_2.0.0/STM32CubeIDE/plugins/com.st.stm32cube.ide.mcu.externaltools.gnu-tools-for-stm32.13.3.rel1.win32_1.0.100.202509120712/tools/bin/../lib/gcc/arm-none-eabi/13.3.1/../../../../arm-none-eabi/lib/thumb/v7e-m+fp/hard\libc_nano.a(libc_a-findfp.o)
                              C:/ST/STM32CubeIDE_2.0.0/STM32CubeIDE/plugins/com.st.stm32cube.ide.mcu.externaltools.gnu-tools-for-stm32.13.3.rel1.win32_1.0.100.202509120712/tools/bin/../lib/gcc/arm-none-eabi/13.3.1/../../../../arm-none-eabi/lib/thumb/v7e-m+fp/hard\libc_nano.a(libc_a-exit.o) (__stdio_exit_handler)
C:/ST/STM32CubeIDE_2.0.0/STM32CubeIDE/plugins/com.st.stm32cube.ide.mcu.externaltools.gnu-tools-for-stm32.13.3.rel1.win32_1.0.100.202509120712/tools/bin/../lib/gcc/arm-none-eabi/13.3.1/../../../../arm-none-eabi/lib/thumb/v7e-m+fp/hard\libc_nano.a(libc_a-fwalk.o)
                              C:/ST/STM32CubeIDE_2.0.0/STM32CubeIDE/plugins/com.st.stm32cube.ide.mcu.externaltools.gnu-tools-for-stm32.13.3.rel1.win32_1.0.100.202509120712/tools/bin/../lib/gcc/arm-none-eabi/13.3.1/../../../../arm-none-eabi/lib/thumb/v7e-m+fp/hard\libc_nano.a(libc_a-findfp.o) (_fwalk_sglue)
C:/ST/STM32CubeIDE_2.0.0/STM32CubeIDE/plugins/com.st.stm32cube.ide.mcu.externaltools.gnu-tools-for-stm32.13.3.rel1.win32_1.0.100.202509120712/tools/bin/../lib/gcc/arm-none-eabi/13.3.1/../../../../arm-none-eabi/lib/thumb/v7e-m+fp/hard\libc_nano.a(libc_a-printf.o)
                              ./Core/Src/main.o (printf)
C:/ST/STM32CubeIDE_2.0.0/STM32CubeIDE/plugins/com.st.stm32cube.ide.mcu.externaltools.gnu-tools-for-stm32.13.3.rel1.win32_1.0.100.202509120712/tools/bin/../lib/gcc/arm-none-eabi/13.3.1/../../../../arm-none-eabi/lib/thumb/v7e-m+fp/hard\libc_nano.a(libc_a-sprintf.o)
                              ./BSP/Src/uart_handler.o (sprintf)
C:/ST/STM32CubeIDE_2.0.0/STM32CubeIDE/plugins/com.st.stm32cube.ide.mcu.externaltools.gnu-tools-for-stm32.13.3.rel1.win32_1.0.100.202509120712/tools/bin/../lib/gcc/arm-none-eabi/13.3.1/../../../../arm-none-eabi/lib/thumb/v7e-m+fp/hard\libc_nano.a(libc_a-stdio.o)
                              C:/ST/STM32CubeIDE_2.0.0/STM32CubeIDE/plugins/com.st.stm32cube.ide.mcu.externaltools.gnu-tools-for-stm32.13.3.rel1.win32_1.0.100.202509120712/tools/bin/../lib/gcc/arm-none-eabi/13.3.1/../../../../arm-none-eabi/lib/thumb/v7e-m+fp/hard\libc_nano.a(libc_a-findfp.o) (__sread)
C:/ST/STM32CubeIDE_2.0.0/STM32CubeIDE/plugins/com.st.stm32cube.ide.mcu.externaltools.gnu-tools-for-stm32.13.3.rel1.win32_1.0.100.202509120712/tools/bin/../lib/gcc/arm-none-eabi/13.3.1/../../../../arm-none-eabi/lib/thumb/v7e-m+fp/hard\libc_nano.a(libc_a-vsnprintf.o)
                              ./BSP/Src/uart_handler.o (vsnprintf)
C:/ST/STM32CubeIDE_2.0.0/STM32CubeIDE/plugins/com.st.stm32cube.ide.mcu.externaltools.gnu-tools-for-stm32.13.3.rel1.win32_1.0.100.202509120712/tools/bin/../lib/gcc/arm-none-eabi/13.3.1/../../../../arm-none-eabi/lib/thumb/v7e-m+fp/hard\libc_nano.a(libc_a-memset.o)
                              C:/ST/STM32CubeIDE_2.0.0/STM32CubeIDE/plugins/com.st.stm32cube.ide.mcu.externaltools.gnu-tools-for-stm32.13.3.rel1.win32_1.0.100.202509120712/tools/bin/../lib/gcc/arm-none-eabi/13.3.1/../../../../arm-none-eabi/lib/thumb/v7e-m+fp/hard/crt0.o (memset)
C:/ST/STM32CubeIDE_2.0.0/STM32CubeIDE/plugins/com.st.stm32cube.ide.mcu.externaltools.gnu-tools-for-stm32.13.3.rel1.win32_1.0.100.202509120712/tools/bin/../lib/gcc/arm-none-eabi/13.3.1/../../../../arm-none-eabi/lib/thumb/v7e-m+fp/hard\libc_nano.a(libc_a-strncpy.o)
                              ./BSP/Sensors/Src/driver_ina226.o (strncpy)
C:/ST/STM32CubeIDE_2.0.0/STM32CubeIDE/plugins/com.st.stm32cube.ide.mcu.externaltools.gnu-tools-for-stm32.13.3.rel1.win32_1.0.100.202509120712/tools/bin/../lib/gcc/arm-none-eabi/13.3.1/../../../../arm-none-eabi/lib/thumb/v7e-m+fp/hard\libc_nano.a(libc_a-closer.o)
                              C:/ST/STM32CubeIDE_2.0.0/STM32CubeIDE/plugins/com.st.stm32cube.ide.mcu.externaltools.gnu-tools-for-stm32.13.3.rel1.win32_1.0.100.202509120712/tools/bin/../lib/gcc/arm-none-eabi/13.3.1/../../../../arm-none-eabi/lib/thumb/v7e-m+fp/hard\libc_nano.a(libc_a-stdio.o) (_close_r)
[...]
Memory Configuration

Name             Origin             Length             Attributes
RAM              0x20000000         0x00040000         xrw
RAM2             0x10000000         0x00010000         xrw
FLASH            0x08000000         0x00100000         xr
*default*        0x00000000         0xffffffff

Linker script and memory map

LOAD C:/ST/STM32CubeIDE_2.0.0/STM32CubeIDE/plugins/com.st.stm32cube.ide.mcu.externaltools.gnu-tools-for-stm32.13.3.rel1.win32_1.0.100.202509120712/tools/bin/../lib/gcc/arm-none-eabi/13.3.1/thumb/v7e-m+fp/hard/crti.o
LOAD C:/ST/STM32CubeIDE_2.0.0/STM32CubeIDE/plugins/com.st.stm32cube.ide.mcu.externaltools.gnu-tools-for-stm32.13.3.rel1.win32_1.0.100.202509120712/tools/bin/../lib/gcc/arm-none-eabi/13.3.1/thumb/v7e-m+fp/hard/crtbegin.o
LOAD C:/ST/STM32CubeIDE_2.0.0/STM32CubeIDE/plugins/com.st.stm32cube.ide.mcu.externaltools.gnu-tools-for-stm32.13.3.rel1.win32_1.0.100.202509120712/tools/bin/../lib/gcc/arm-none-eabi/13.3.1/../../../../arm-none-eabi/lib/thumb/v7e-m+fp/hard/crt0.o
LOAD ./App/Src/control_task.o
LOAD ./BSP/Sensors/Src/ad7124.o
LOAD ./BSP/Sensors/Src/ad7124_regs.o
LOAD ./BSP/Sensors/Src/ad7124_sensor.o
LOAD ./BSP/Sensors/Src/driver_ina226.o
LOAD ./BSP/Sensors/Src/fdc2214.o
LOAD ./BSP/Sensors/Src/max31856.o
LOAD ./BSP/Src/gpio_driver.o
LOAD ./BSP/Src/iic_driver.o
LOAD ./BSP/Src/mosfet_ctrl.o
LOAD ./BSP/Src/spi_driver.o
LOAD ./BSP/Src/uart_handler.o
LOAD ./Core/Src/gpio.o
LOAD ./Core/Src/i2c.o
LOAD ./Core/Src/main.o
LOAD ./Core/Src/spi.o
LOAD ./Core/Src/stm32l4xx_hal_msp.o
LOAD ./Core/Src/stm32l4xx_it.o
LOAD ./Core/Src/syscalls.o
LOAD ./Core/Src/sysmem.o
LOAD ./Core/Src/system_stm32l4xx.o
LOAD ./Core/Src/usart.o
LOAD ./Core/Startup/startup_stm32l4a6vgtx.o
LOAD ./Drivers/STM32L4xx_HAL_Driver/Src/stm32l4xx_hal.o
LOAD ./Drivers/STM32L4xx_HAL_Driver/Src/stm32l4xx_hal_cortex.o
LOAD ./Drivers/STM32L4xx_HAL_Driver/Src/stm32l4xx_hal_dma.o
LOAD ./Drivers/STM32L4xx_HAL_Driver/Src/stm32l4xx_hal_dma_ex.o
LOAD ./Drivers/STM32L4xx_HAL_Driver/Src/stm32l4xx_hal_exti.o
LOAD ./Drivers/STM32L4xx_HAL_Driver/Src/stm32l4xx_hal_flash.o
LOAD ./Drivers/STM32L4xx_HAL_Driver/Src/stm32l4xx_hal_flash_ex.o
LOAD ./Drivers/STM32L4xx_HAL_Driver/Src/stm32l4xx_hal_flash_ramfunc.o
LOAD ./Drivers/STM32L4xx_HAL_Driver/Src/stm32l4xx_hal_gpio.o
LOAD ./Drivers/STM32L4xx_HAL_Driver/Src/stm32l4xx_hal_i2c.o
LOAD ./Drivers/STM32L4xx_HAL_Driver/Src/stm32l4xx_hal_i2c_ex.o
LOAD ./Drivers/STM32L4xx_HAL_Driver/Src/stm32l4xx_hal_pwr.o
LOAD ./Drivers/STM32L4xx_HAL_Driver/Src/stm32l4xx_hal_pwr_ex.o
LOAD ./Drivers/STM32L4xx_HAL_Driver/Src/stm32l4xx_hal_rcc.o
LOAD ./Drivers/STM32L4xx_HAL_Driver/Src/stm32l4xx_hal_rcc_ex.o
LOAD ./Drivers/STM32L4xx_HAL_Driver/Src/stm32l4xx_hal_spi.o
LOAD ./Drivers/STM32L4xx_HAL_Driver/Src/stm32l4xx_hal_spi_ex.o
LOAD ./Drivers/STM32L4xx_HAL_Driver/Src/stm32l4xx_hal_uart.o
LOAD ./Drivers/STM32L4xx_HAL_Driver/Src/stm32l4xx_hal_uart_ex.o
START GROUP
LOAD C:/ST/STM32CubeIDE_2.0.0/STM32CubeIDE/plugins/com.st.stm32cube.ide.mcu.externaltools.gnu-tools-for-stm32.13.3.rel1.win32_1.0.100.202509120712/tools/bin/../lib/gcc/arm-none-eabi/13.3.1/../../../../arm-none-eabi/lib/thumb/v7e-m+fp/hard\libc_nano.a
LOAD C:/ST/STM32CubeIDE_2.0.0/STM32CubeIDE/plugins/com.st.stm32cube.ide.mcu.externaltools.gnu-tools-for-stm32.13.3.rel1.win32_1.0.100.202509120712/tools/bin/../lib/gcc/arm-none-eabi/13.3.1/../../../../arm-none-eabi/lib/thumb/v7e-m+fp/hard\libm.a
END GROUP
START GROUP
LOAD C:/ST/STM32CubeIDE_2.0.0/STM32CubeIDE/plugins/com.st.stm32cube.ide.mcu.externaltools.gnu-tools-for-stm32.13.3.rel1.win32_1.0.100.202509120712/tools/bin/../lib/gcc/arm-none-eabi/13.3.1/thumb/v7e-m+fp/hard\libgcc.a
LOAD C:/ST/STM32CubeIDE_2.0.0/STM32CubeIDE/plugins/com.st.stm32cube.ide.mcu.externaltools.gnu-tools-for-stm32.13.3.rel1.win32_1.0.100.202509120712/tools/bin/../lib/gcc/arm-none-eabi/13.3.1/../../../../arm-none-eabi/lib/thumb/v7e-m+fp/hard\libc_nano.a
END GROUP
START GROUP
LOAD C:/ST/STM32CubeIDE_2.0.0/STM32CubeIDE/plugins/com.st.stm32cube.ide.mcu.externaltools.gnu-tools-for-stm32.13.3.rel1.win32_1.0.100.202509120712/tools/bin/../lib/gcc/arm-none-eabi/13.3.1/thumb/v7e-m+fp/hard\libgcc.a
LOAD C:/ST/STM32CubeIDE_2.0.0/STM32CubeIDE/plugins/com.st.stm32cube.ide.mcu.externaltools.gnu-tools-for-stm32.13.3.rel1.win32_1.0.100.202509120712/tools/bin/../lib/gcc/arm-none-eabi/13.3.1/../../../../arm-none-eabi/lib/thumb/v7e-m+fp/hard\libc_nano.a
LOAD C:/ST/STM32CubeIDE_2.0.0/STM32CubeIDE/plugins/com.st.stm32cube.ide.mcu.externaltools.gnu-tools-for-stm32.13.3.rel1.win32_1.0.100.202509120712/tools/bin/../lib/gcc/arm-none-eabi/13.3.1/../../../../arm-none-eabi/lib/thumb/v7e-m+fp/hard\libnosys.a
END GROUP
START GROUP
LOAD C:/ST/STM32CubeIDE_2.0.0/STM32CubeIDE/plugins/com.st.stm32cube.ide.mcu.externaltools.gnu-tools-for-stm32.13.3.rel1.win32_1.0.100.202509120712/tools/bin/../lib/gcc/arm-none-eabi/13.3.1/thumb/v7e-m+fp/hard\libgcc.a
LOAD C:/ST/STM32CubeIDE_2.0.0/STM32CubeIDE/plugins/com.st.stm32cube.ide.mcu.externaltools.gnu-tools-for-stm32.13.3.rel1.win32_1.0.100.202509120712/tools/bin/../lib/gcc/arm-none-eabi/13.3.1/../../../../arm-none-eabi/lib/thumb/v7e-m+fp/hard\libc_nano.a
LOAD C:/ST/STM32CubeIDE_2.0.0/STM32CubeIDE/plugins/com.st.stm32cube.ide.mcu.externaltools.gnu-tools-for-stm32.13.3.rel1.win32_1.0.100.202509120712/tools/bin/../lib/gcc/arm-none-eabi/13.3.1/../../../../arm-none-eabi/lib/thumb/v7e-m+fp/hard\libnosys.a
END GROUP
LOAD C:/ST/STM32CubeIDE_2.0.0/STM32CubeIDE/plugins/com.st.stm32cube.ide.mcu.externaltools.gnu-tools-for-stm32.13.3.rel1.win32_1.0.100.202509120712/tools/bin/../lib/gcc/arm-none-eabi/13.3.1/thumb/v7e-m+fp/hard/crtend.o
LOAD C:/ST/STM32CubeIDE_2.0.0/STM32CubeIDE/plugins/com.st.stm32cube.ide.mcu.externaltools.gnu-tools-for-stm32.13.3.rel1.win32_1.0.100.202509120712/tools/bin/../lib/gcc/arm-none-eabi/13.3.1/thumb/v7e-m+fp/hard/crtn.o
                0x20040000                        _estack = (ORIGIN (RAM) + LENGTH (RAM))
                0x00000200                        _Min_Heap_Size = 0x200
                0x00000400                        _Min_Stack_Size = 0x400

.isr_vector     0x08000000      0x1ac
                0x08000000                        . = ALIGN (0x4)
 *(.isr_vector)
 .isr_vector    0x08000000      0x1ac ./Core/Startup/startup_stm32l4a6vgtx.o
                0x08000000                g_pfnVectors
                0x080001ac                        . = ALIGN (0x4)

.text           0x080001b0     0x9628
                0x080001b0                        . = ALIGN (0x4)
 *(.text)
 .text          0x080001b0       0x40 C:/ST/STM32CubeIDE_2.0.0/STM32CubeIDE/plugins/com.st.stm32cube.ide.mcu.externaltools.gnu-tools-for-stm32.13.3.rel1.win32_1.0.100.202509120712/tools/bin/../lib/gcc/arm-none-eabi/13.3.1/thumb/v7e-m+fp/hard/crtbegin.o
 .text          0x080001f0       0xa0 C:/ST/STM32CubeIDE_2.0.0/STM32CubeIDE/plugins/com.st.stm32cube.ide.mcu.externaltools.gnu-tools-for-stm32.13.3.rel1.win32_1.0.100.202509120712/tools/bin/../lib/gcc/arm-none-eabi/13.3.1/../../../../arm-none-eabi/lib/thumb/v7e-m+fp/hard\libc_nano.a(libc_a-memchr.o)
                0x080001f0                memchr
 .text          0x08000290      0x378 C:/ST/STM32CubeIDE_2.0.0/STM32CubeIDE/plugins/com.st.stm32cube.ide.mcu.externaltools.gnu-tools-for-stm32.13.3.rel1.win32_1.0.100.202509120712/tools/bin/../lib/gcc/arm-none-eabi/13.3.1/thumb/v7e-m+fp/hard\libgcc.a(_arm_addsubdf3.o)
                0x08000290                __aeabi_drsub
                0x08000298                __aeabi_dsub
                0x08000298                __subdf3
                0x0800029c                __aeabi_dadd
                0x0800029c                __adddf3
                0x08000514                __floatunsidf
                0x08000514                __aeabi_ui2d
                0x08000534                __floatsidf
                0x08000534                __aeabi_i2d
                0x08000558                __aeabi_f2d
                0x08000558                __extendsfdf2
                0x0800059c                __floatundidf
                0x0800059c                __aeabi_ul2d
                0x080005ac                __floatdidf
                0x080005ac                __aeabi_l2d
 .text          0x08000608      0x424 C:/ST/STM32CubeIDE_2.0.0/STM32CubeIDE/plugins/com.st.stm32cube.ide.mcu.externaltools.gnu-tools-for-stm32.13.3.rel1.win32_1.0.100.202509120712/tools/bin/../lib/gcc/arm-none-eabi/13.3.1/thumb/v7e-m+fp/hard\libgcc.a(_arm_muldivdf3.o)
                0x08000608                __aeabi_dmul
                0x08000608                __muldf3
                0x0800085c                __divdf3
                0x0800085c                __aeabi_ddiv
 .text          0x08000a2c       0xa0 C:/ST/STM32CubeIDE_2.0.0/STM32CubeIDE/plugins/com.st.stm32cube.ide.mcu.externaltools.gnu-tools-for-stm32.13.3.rel1.win32_1.0.100.202509120712/tools/bin/../lib/gcc/arm-none-eabi/13.3.1/thumb/v7e-m+fp/hard\libgcc.a(_arm_truncdfsf2.o)
                0x08000a2c                __truncdfsf2
                0x08000a2c                __aeabi_d2f
 .text          0x08000acc       0x30 C:/ST/STM32CubeIDE_2.0.0/STM32CubeIDE/plugins/com.st.stm32cube.ide.mcu.externaltools.gnu-tools-for-stm32.13.3.rel1.win32_1.0.100.202509120712/tools/bin/../lib/gcc/arm-none-eabi/13.3.1/thumb/v7e-m+fp/hard\libgcc.a(_aeabi_uldivmod.o)
                0x08000acc                __aeabi_uldivmod
 .text          0x08000afc      0x2f8 C:/ST/STM32CubeIDE_2.0.0/STM32CubeIDE/plugins/com.st.stm32cube.ide.mcu.externaltools.gnu-tools-for-stm32.13.3.rel1.win32_1.0.100.202509120712/tools/bin/../lib/gcc/arm-none-eabi/13.3.1/thumb/v7e-m+fp/hard\libgcc.a(_udivmoddi4.o)
                0x08000afc                __udivmoddi4
 .text          0x08000df4        0x4 C:/ST/STM32CubeIDE_2.0.0/STM32CubeIDE/plugins/com.st.stm32cube.ide.mcu.externaltools.gnu-tools-for-stm32.13.3.rel1.win32_1.0.100.202509120712/tools/bin/../lib/gcc/arm-none-eabi/13.3.1/thumb/v7e-m+fp/hard\libgcc.a(_dvmd_tls.o)
                0x08000df4                __aeabi_idiv0
                0x08000df4                __aeabi_ldiv0
 *(.text*)
 .text.ad7124_no_check_read_register
                0x08000df8      0x1b2 ./BSP/Sensors/Src/ad7124.o
                0x08000df8                ad7124_no_check_read_register
 .text.ad7124_no_check_write_register
                0x08000faa      0x112 ./BSP/Sensors/Src/ad7124.o
                0x08000faa                ad7124_no_check_write_register
 .text.ad7124_read_register
                0x080010bc       0x48 ./BSP/Sensors/Src/ad7124.o
                0x080010bc                ad7124_read_register
 .text.ad7124_read_register2
                0x08001104       0x46 ./BSP/Sensors/Src/ad7124.o
                0x08001104                ad7124_read_register2
 .text.ad7124_write_register
                0x0800114a       0x56 ./BSP/Sensors/Src/ad7124.o
                0x0800114a                ad7124_write_register
 .text.ad7124_write_register2
                0x080011a0       0x3a ./BSP/Sensors/Src/ad7124.o
                0x080011a0                ad7124_write_register2
 *fill*         0x080011da        0x2 
 .text.ad7124_reset
                0x080011dc       0x98 ./BSP/Sensors/Src/ad7124.o
                0x080011dc                ad7124_reset
 .text.ad7124_wait_for_spi_ready
                0x08001274       0x7a ./BSP/Sensors/Src/ad7124.o
                0x08001274                ad7124_wait_for_spi_ready
 .text.ad7124_wait_to_power_on
                0x080012ee       0x7a ./BSP/Sensors/Src/ad7124.o
                0x080012ee                ad7124_wait_to_power_on
 .text.ad7124_wait_for_conv_ready
                0x08001368       0x74 ./BSP/Sensors/Src/ad7124.o
                0x08001368                ad7124_wait_for_conv_ready
 .text.ad7124_read_data
                0x080013dc       0x3e ./BSP/Sensors/Src/ad7124.o
                0x080013dc                ad7124_read_data
 .text.ad7124_compute_crc8
                0x0800141a       0x84 ./BSP/Sensors/Src/ad7124.o
                0x0800141a                ad7124_compute_crc8
 .text.ad7124_update_crcsetting
                0x0800149e       0x3e ./BSP/Sensors/Src/ad7124.o
                0x0800149e                ad7124_update_crcsetting
 .text.ad7124_update_dev_spi_settings
                0x080014dc       0x3e ./BSP/Sensors/Src/ad7124.o
                0x080014dc                ad7124_update_dev_spi_settings
 .text.ad7124_reg_write_msk
                0x0800151a       0x50 ./BSP/Sensors/Src/ad7124.o
                0x0800151a                ad7124_reg_write_msk
 .text.ad7124_set_adc_mode
                0x0800156a       0x4c ./BSP/Sensors/Src/ad7124.o
                0x0800156a                ad7124_set_adc_mode
 .text.ad7124_set_channel_status
                0x080015b6       0x58 ./BSP/Sensors/Src/ad7124.o
                0x080015b6                ad7124_set_channel_status
 .text.ad7124_connect_analog_input
                0x0800160e       0x7c ./BSP/Sensors/Src/ad7124.o
                0x0800160e                ad7124_connect_analog_input
 .text.ad7124_assign_setup
                0x0800168a       0x4c ./BSP/Sensors/Src/ad7124.o
                0x0800168a                ad7124_assign_setup
 .text.ad7124_set_polarity
                0x080016d6       0x5e ./BSP/Sensors/Src/ad7124.o
                0x080016d6                ad7124_set_polarity
 .text.ad7124_set_burnout
                0x08001734       0x52 ./BSP/Sensors/Src/ad7124.o
                0x08001734                ad7124_set_burnout
 .text.ad7124_set_reference_source
                0x08001786       0xa4 ./BSP/Sensors/Src/ad7124.o
                0x08001786                ad7124_set_reference_source
 .text.ad7124_enable_buffers
                0x0800182a       0xa8 ./BSP/Sensors/Src/ad7124.o
                0x0800182a                ad7124_enable_buffers
 .text.ad7124_set_pga
                0x080018d2       0x4e ./BSP/Sensors/Src/ad7124.o
                0x080018d2                ad7124_set_pga
 .text.ad7124_set_power_mode
                0x08001920       0x38 ./BSP/Sensors/Src/ad7124.o
                0x08001920                ad7124_set_power_mode
 .text.ad7124_setup
                0x08001958      0x2b8 ./BSP/Sensors/Src/ad7124.o
                0x08001958                ad7124_setup
 .text.ad7124_read_channel_voltage
                0x08001c10       0xac ./BSP/Sensors/Src/ad7124_sensor.o
                0x08001c10                ad7124_read_channel_voltage
 .text.FDC2214_Init
                0x08001cbc      0x3f0 ./BSP/Sensors/Src/fdc2214.o
                0x08001cbc                FDC2214_Init
 .text.FDC2214_read_data
                0x080020ac      0x1b8 ./BSP/Sensors/Src/fdc2214.o
                0x080020ac                FDC2214_read_data
 *fill*         0x08002264        0x4 
 .text.FDC2214_read_capacitance
                0x08002268       0xd4 ./BSP/Sensors/Src/fdc2214.o
                0x08002268                FDC2214_read_capacitance
 .text.FDC2214_read_differential_capacitance
                0x0800233c       0x70 ./BSP/Sensors/Src/fdc2214.o
                0x0800233c                FDC2214_read_differential_capacitance
 .text.FDC2214_read_accumulator_height
                0x080023ac       0x3c ./BSP/Sensors/Src/fdc2214.o
                0x080023ac                FDC2214_read_accumulator_height
 .text.reset_fdc2214
                0x080023e8       0x38 ./BSP/Sensors/Src/fdc2214.o
                0x080023e8                reset_fdc2214
 .text.max31856_init
                0x08002420       0x46 ./BSP/Sensors/Src/max31856.o
                0x08002420                max31856_init
 .text.max31856_set_conversion_mode
                0x08002466       0x46 ./BSP/Sensors/Src/max31856.o
                0x08002466                max31856_set_conversion_mode
 .text.max31856_trigger_one_shot
                0x080024ac       0x52 ./BSP/Sensors/Src/max31856.o
                0x080024ac                max31856_trigger_one_shot
 .text.max31856_set_noise_filter
                0x080024fe       0x46 ./BSP/Sensors/Src/max31856.o
                0x080024fe                max31856_set_noise_filter
 .text.max31856_set_cold_junction_enable
                0x08002544       0x46 ./BSP/Sensors/Src/max31856.o
                0x08002544                max31856_set_cold_junction_enable
 .text.max31856_set_thermocouple_type
                0x0800258a       0x46 ./BSP/Sensors/Src/max31856.o
                0x0800258a                max31856_set_thermocouple_type
 .text.max31856_set_average_samples
                0x080025d0       0x46 ./BSP/Sensors/Src/max31856.o
                0x080025d0                max31856_set_average_samples
 .text.max31856_read_TC_temp
                0x08002616       0x68 ./BSP/Sensors/Src/max31856.o
                0x08002616                max31856_read_TC_temp
 .text.max31856_set_open_circuit_fault_detection
                0x0800267e       0x46 ./BSP/Sensors/Src/max31856.o
                0x0800267e                max31856_set_open_circuit_fault_detection
 .text.max31856_read_fault
                0x080026c4       0x20 ./BSP/Sensors/Src/max31856.o
                0x080026c4                max31856_read_fault
 .text.max31856_write_register
                0x080026e4       0x5c ./BSP/Sensors/Src/max31856.o
                0x080026e4                max31856_write_register
 .text.max31856_read_register
                0x08002740       0x54 ./BSP/Sensors/Src/max31856.o
                0x08002740                max31856_read_register
 .text.max31856_read_nregisters
                0x08002794       0x5a ./BSP/Sensors/Src/max31856.o
                0x08002794                max31856_read_nregisters
 *fill*         0x080027ee        0x2 
 .text.Serial_Print
                0x080027f0       0x40 ./BSP/Src/uart_handler.o
                0x080027f0                Serial_Print
 .text.Serial_Printf
                0x08002830       0x44 ./BSP/Src/uart_handler.o
                0x08002830                Serial_Printf
 .text.MX_GPIO_Init
                0x08002874      0x1c4 ./Core/Src/gpio.o
                0x08002874                MX_GPIO_Init
 .text.MX_I2C4_Init
                0x08002a38       0x80 ./Core/Src/i2c.o
                0x08002a38                MX_I2C4_Init
 .text.HAL_I2C_MspInit
                0x08002ab8       0xc0 ./Core/Src/i2c.o
                0x08002ab8                HAL_I2C_MspInit
 .text.ITM_SendChar
                0x08002b78       0x4e ./Core/Src/main.o
 *fill*         0x08002bc6        0x2 
 .text.main     0x08002bc8      0xd8c ./Core/Src/main.o
                0x08002bc8                main
 .text.SystemClock_Config
                0x08003954       0x8c ./Core/Src/main.o
                0x08003954                SystemClock_Config
 .text._write   0x080039e0       0x38 ./Core/Src/main.o
                0x080039e0                _write
 .text.Error_Handler
                0x08003a18        0xc ./Core/Src/main.o
                0x08003a18                Error_Handler
 .text.MX_SPI1_Init
                0x08003a24       0x7c ./Core/Src/spi.o
                0x08003a24                MX_SPI1_Init
 .text.MX_SPI2_Init
                0x08003aa0       0x7c ./Core/Src/spi.o
                0x08003aa0                MX_SPI2_Init
 .text.HAL_SPI_MspInit
                0x08003b1c       0xe8 ./Core/Src/spi.o
                0x08003b1c                HAL_SPI_MspInit
 .text.HAL_MspInit
                0x08003c04       0x48 ./Core/Src/stm32l4xx_hal_msp.o
                0x08003c04                HAL_MspInit
 .text.NMI_Handler
                0x08003c4c        0x8 ./Core/Src/stm32l4xx_it.o
                0x08003c4c                NMI_Handler
 .text.HardFault_Handler
                0x08003c54        0x8 ./Core/Src/stm32l4xx_it.o
                0x08003c54                HardFault_Handler
 .text.MemManage_Handler
                0x08003c5c        0x8 ./Core/Src/stm32l4xx_it.o
                0x08003c5c                MemManage_Handler
 .text.BusFault_Handler
                0x08003c64        0x8 ./Core/Src/stm32l4xx_it.o
                0x08003c64                BusFault_Handler
 .text.UsageFault_Handler
                0x08003c6c        0x8 ./Core/Src/stm32l4xx_it.o
                0x08003c6c                UsageFault_Handler
 .text.SVC_Handler
                0x08003c74        0xe ./Core/Src/stm32l4xx_it.o
                0x08003c74                SVC_Handler
 .text.DebugMon_Handler
                0x08003c82        0xe ./Core/Src/stm32l4xx_it.o
                0x08003c82                DebugMon_Handler
 .text.PendSV_Handler
                0x08003c90        0xe ./Core/Src/stm32l4xx_it.o
                0x08003c90                PendSV_Handler
 .text.SysTick_Handler
                0x08003c9e        0xc ./Core/Src/stm32l4xx_it.o
                0x08003c9e                SysTick_Handler
 .text._read    0x08003caa       0x3a ./Core/Src/syscalls.o
                0x08003caa                _read
 .text._close   0x08003ce4       0x18 ./Core/Src/syscalls.o
                0x08003ce4                _close
 .text._fstat   0x08003cfc       0x20 ./Core/Src/syscalls.o
                0x08003cfc                _fstat
 .text._isatty  0x08003d1c       0x16 ./Core/Src/syscalls.o
                0x08003d1c                _isatty
 .text._lseek   0x08003d32       0x1a ./Core/Src/syscalls.o
                0x08003d32                _lseek
 .text._sbrk    0x08003d4c       0x6c ./Core/Src/sysmem.o
                0x08003d4c                _sbrk
 .text.SystemInit
                0x08003db8       0x24 ./Core/Src/system_stm32l4xx.o
                0x08003db8                SystemInit
 .text.MX_UART4_Init
                0x08003ddc       0x60 ./Core/Src/usart.o
                0x08003ddc                MX_UART4_Init
 .text.MX_USART3_UART_Init
                0x08003e3c       0x60 ./Core/Src/usart.o
                0x08003e3c                MX_USART3_UART_Init
 .text.HAL_UART_MspInit
                0x08003e9c      0x144 ./Core/Src/usart.o
                0x08003e9c                HAL_UART_MspInit
 .text.Reset_Handler
                0x08003fe0       0x50 ./Core/Startup/startup_stm32l4a6vgtx.o
                0x08003fe0                Reset_Handler
 .text.Default_Handler
                0x08004030        0x2 ./Core/Startup/startup_stm32l4a6vgtx.o
                0x08004030                RTC_Alarm_IRQHandler
                0x08004030                HASH_RNG_IRQHandler
                0x08004030                EXTI2_IRQHandler
                0x08004030                TIM8_TRG_COM_IRQHandler
                0x08004030                TIM8_CC_IRQHandler
                0x08004030                TIM1_CC_IRQHandler
                0x08004030                TSC_IRQHandler
                0x08004030                TAMP_STAMP_IRQHandler
                0x08004030                CAN2_RX1_IRQHandler
                0x08004030                EXTI3_IRQHandler
                0x08004030                LPTIM2_IRQHandler
                0x08004030                DFSDM1_FLT1_IRQHandler
                0x08004030                I2C3_ER_IRQHandler
                0x08004030                DFSDM1_FLT2_IRQHandler
                0x08004030                EXTI0_IRQHandler
                0x08004030                I2C2_EV_IRQHandler
                0x08004030                CAN1_RX0_IRQHandler
                0x08004030                FPU_IRQHandler
                0x08004030                TIM1_UP_TIM16_IRQHandler
                0x08004030                CAN2_SCE_IRQHandler
                0x08004030                ADC1_2_IRQHandler
                0x08004030                SPI1_IRQHandler
                0x08004030                TIM6_DAC_IRQHandler
                0x08004030                DCMI_IRQHandler
                0x08004030                CAN2_RX0_IRQHandler
                0x08004030                TIM8_UP_IRQHandler
                0x08004030                DMA2_Channel2_IRQHandler
                0x08004030                DMA1_Channel4_IRQHandler
                0x08004030                SAI2_IRQHandler
                0x08004030                DFSDM1_FLT3_IRQHandler
                0x08004030                USART3_IRQHandler
                0x08004030                DMA1_Channel7_IRQHandler
                0x08004030                CAN1_RX1_IRQHandler
                0x08004030                LCD_IRQHandler
                0x08004030                UART5_IRQHandler
                0x08004030                ADC3_IRQHandler
                0x08004030                TIM4_IRQHandler
                0x08004030                DMA2_Channel1_IRQHandler
                0x08004030                QUADSPI_IRQHandler
                0x08004030                I2C1_EV_IRQHandler
                0x08004030                DMA1_Channel6_IRQHandler
                0x08004030                UART4_IRQHandler
                0x08004030                DMA2_Channel4_IRQHandler
                0x08004030                TIM3_IRQHandler
                0x08004030                RCC_IRQHandler
                0x08004030                DMA1_Channel1_IRQHandler
                0x08004030                Default_Handler
                0x08004030                DMA2_Channel7_IRQHandler
                0x08004030                EXTI15_10_IRQHandler
                0x08004030                TIM7_IRQHandler
                0x08004030                SDMMC1_IRQHandler
                0x08004030                CAN2_TX_IRQHandler
                0x08004030                TIM5_IRQHandler
                0x08004030                I2C3_EV_IRQHandler
                0x08004030                EXTI9_5_IRQHandler
                0x08004030                RTC_WKUP_IRQHandler
                0x08004030                PVD_PVM_IRQHandler
                0x08004030                SPI2_IRQHandler
                0x08004030                CAN1_TX_IRQHandler
                0x08004030                DMA2_Channel5_IRQHandler
                0x08004030                CRS_IRQHandler
                0x08004030                DMA1_Channel5_IRQHandler
                0x08004030                EXTI4_IRQHandler
                0x08004030                TIM1_TRG_COM_TIM17_IRQHandler
                0x08004030                DMA1_Channel3_IRQHandler
                0x08004030                COMP_IRQHandler
                0x08004030                WWDG_IRQHandler
                0x08004030                I2C4_EV_IRQHandler
                0x08004030                LPUART1_IRQHandler
                0x08004030                DMA2_Channel6_IRQHandler
                0x08004030                TIM2_IRQHandler
                0x08004030                DMA2D_IRQHandler
                0x08004030                EXTI1_IRQHandler
                0x08004030                AES_IRQHandler
                0x08004030                USART2_IRQHandler
                0x08004030                DFSDM1_FLT0_IRQHandler
                0x08004030                I2C2_ER_IRQHandler
                0x08004030                DMA1_Channel2_IRQHandler
                0x08004030                TIM8_BRK_IRQHandler
                0x08004030                CAN1_SCE_IRQHandler
                0x08004030                FLASH_IRQHandler
                0x08004030                USART1_IRQHandler
                0x08004030                OTG_FS_IRQHandler
                0x08004030                SPI3_IRQHandler
                0x08004030                I2C1_ER_IRQHandler
                0x08004030                FMC_IRQHandler
                0x08004030                SWPMI1_IRQHandler
                0x08004030                LPTIM1_IRQHandler
                0x08004030                I2C4_ER_IRQHandler
                0x08004030                SAI1_IRQHandler
                0x08004030                DMA2_Channel3_IRQHandler
                0x08004030                TIM1_BRK_TIM15_IRQHandler
 .text.HAL_Init
                0x08004032       0x30 ./Drivers/STM32L4xx_HAL_Driver/Src/stm32l4xx_hal.o
                0x08004032                HAL_Init
 *fill*         0x08004062        0x2 
 .text.HAL_InitTick
                0x08004064       0x78 ./Drivers/STM32L4xx_HAL_Driver/Src/stm32l4xx_hal.o
                0x08004064                HAL_InitTick
 .text.HAL_IncTick
                0x080040dc       0x28 ./Drivers/STM32L4xx_HAL_Driver/Src/stm32l4xx_hal.o
                0x080040dc                HAL_IncTick
 .text.HAL_GetTick
                0x08004104       0x18 ./Drivers/STM32L4xx_HAL_Driver/Src/stm32l4xx_hal.o
                0x08004104                HAL_GetTick
 .text.HAL_Delay
                0x0800411c       0x48 ./Drivers/STM32L4xx_HAL_Driver/Src/stm32l4xx_hal.o
                0x0800411c                HAL_Delay
 .text.__NVIC_SetPriorityGrouping
                0x08004164       0x48 ./Drivers/STM32L4xx_HAL_Driver/Src/stm32l4xx_hal_cortex.o
 .text.__NVIC_GetPriorityGrouping
                0x080041ac       0x1c ./Drivers/STM32L4xx_HAL_Driver/Src/stm32l4xx_hal_cortex.o
 .text.__NVIC_SetPriority
                0x080041c8       0x54 ./Drivers/STM32L4xx_HAL_Driver/Src/stm32l4xx_hal_cortex.o
 .text.NVIC_EncodePriority
                0x0800421c       0x66 ./Drivers/STM32L4xx_HAL_Driver/Src/stm32l4xx_hal_cortex.o
 *fill*         0x08004282        0x2 
 .text.SysTick_Config
                0x08004284       0x44 ./Drivers/STM32L4xx_HAL_Driver/Src/stm32l4xx_hal_cortex.o
 .text.HAL_NVIC_SetPriorityGrouping
                0x080042c8       0x16 ./Drivers/STM32L4xx_HAL_Driver/Src/stm32l4xx_hal_cortex.o
                0x080042c8                HAL_NVIC_SetPriorityGrouping
 .text.HAL_NVIC_SetPriority
                0x080042de       0x38 ./Drivers/STM32L4xx_HAL_Driver/Src/stm32l4xx_hal_cortex.o
                0x080042de                HAL_NVIC_SetPriority
 .text.HAL_SYSTICK_Config
                0x08004316       0x18 ./Drivers/STM32L4xx_HAL_Driver/Src/stm32l4xx_hal_cortex.o
                0x08004316                HAL_SYSTICK_Config
 *fill*         0x0800432e        0x2 
 .text.HAL_GPIO_Init
                0x08004330      0x324 ./Drivers/STM32L4xx_HAL_Driver/Src/stm32l4xx_hal_gpio.o
                0x08004330                HAL_GPIO_Init
 .text.HAL_GPIO_WritePin
                0x08004654       0x30 ./Drivers/STM32L4xx_HAL_Driver/Src/stm32l4xx_hal_gpio.o
                0x08004654                HAL_GPIO_WritePin
 .text.HAL_GPIO_TogglePin
                0x08004684       0x34 ./Drivers/STM32L4xx_HAL_Driver/Src/stm32l4xx_hal_gpio.o
                0x08004684                HAL_GPIO_TogglePin
 .text.HAL_I2C_Init
                0x080046b8      0x136 ./Drivers/STM32L4xx_HAL_Driver/Src/stm32l4xx_hal_i2c.o
                0x080046b8                HAL_I2C_Init
 *fill*         0x080047ee        0x2 
 .text.HAL_I2C_Mem_Write
                0x080047f0      0x228 ./Drivers/STM32L4xx_HAL_Driver/Src/stm32l4xx_hal_i2c.o
                0x080047f0                HAL_I2C_Mem_Write
 .text.HAL_I2C_Mem_Read
                0x08004a18      0x234 ./Drivers/STM32L4xx_HAL_Driver/Src/stm32l4xx_hal_i2c.o
                0x08004a18                HAL_I2C_Mem_Read
 .text.I2C_RequestMemoryWrite
                0x08004c4c       0xa8 ./Drivers/STM32L4xx_HAL_Driver/Src/stm32l4xx_hal_i2c.o
 .text.I2C_RequestMemoryRead
                0x08004cf4       0xa8 ./Drivers/STM32L4xx_HAL_Driver/Src/stm32l4xx_hal_i2c.o
 .text.I2C_Flush_TXDR
                0x08004d9c       0x48 ./Drivers/STM32L4xx_HAL_Driver/Src/stm32l4xx_hal_i2c.o
 .text.I2C_WaitOnFlagUntilTimeout
                0x08004de4       0xb2 ./Drivers/STM32L4xx_HAL_Driver/Src/stm32l4xx_hal_i2c.o
 .text.I2C_WaitOnTXISFlagUntilTimeout
                0x08004e96       0x8e ./Drivers/STM32L4xx_HAL_Driver/Src/stm32l4xx_hal_i2c.o
 .text.I2C_WaitOnSTOPFlagUntilTimeout
                0x08004f24       0x86 ./Drivers/STM32L4xx_HAL_Driver/Src/stm32l4xx_hal_i2c.o
 *fill*         0x08004faa        0x2 
 .text.I2C_IsErrorOccurred
                0x08004fac      0x1c0 ./Drivers/STM32L4xx_HAL_Driver/Src/stm32l4xx_hal_i2c.o
 .text.I2C_TransferConfig
                0x0800516c       0x64 ./Drivers/STM32L4xx_HAL_Driver/Src/stm32l4xx_hal_i2c.o
 .text.HAL_I2CEx_ConfigAnalogFilter
                0x080051d0       0x96 ./Drivers/STM32L4xx_HAL_Driver/Src/stm32l4xx_hal_i2c_ex.o
                0x080051d0                HAL_I2CEx_ConfigAnalogFilter
 .text.HAL_I2CEx_ConfigDigitalFilter
                0x08005266       0x98 ./Drivers/STM32L4xx_HAL_Driver/Src/stm32l4xx_hal_i2c_ex.o
                0x08005266                HAL_I2CEx_ConfigDigitalFilter
 *fill*         0x080052fe        0x2 
 .text.HAL_PWREx_GetVoltageRange
                0x08005300       0x1c ./Drivers/STM32L4xx_HAL_Driver/Src/stm32l4xx_hal_pwr_ex.o
                0x08005300                HAL_PWREx_GetVoltageRange
 .text.HAL_PWREx_ControlVoltageScaling
                0x0800531c       0xac ./Drivers/STM32L4xx_HAL_Driver/Src/stm32l4xx_hal_pwr_ex.o
                0x0800531c                HAL_PWREx_ControlVoltageScaling
 .text.HAL_RCC_OscConfig
                0x080053c8      0x834 ./Drivers/STM32L4xx_HAL_Driver/Src/stm32l4xx_hal_rcc.o
                0x080053c8                HAL_RCC_OscConfig
 .text.HAL_RCC_ClockConfig
                0x08005bfc      0x200 ./Drivers/STM32L4xx_HAL_Driver/Src/stm32l4xx_hal_rcc.o
                0x08005bfc                HAL_RCC_ClockConfig
 .text.HAL_RCC_GetSysClockFreq
                0x08005dfc      0x118 ./Drivers/STM32L4xx_HAL_Driver/Src/stm32l4xx_hal_rcc.o
                0x08005dfc                HAL_RCC_GetSysClockFreq
 .text.HAL_RCC_GetHCLKFreq
                0x08005f14       0x18 ./Drivers/STM32L4xx_HAL_Driver/Src/stm32l4xx_hal_rcc.o
                0x08005f14                HAL_RCC_GetHCLKFreq
 .text.HAL_RCC_GetPCLK1Freq
                0x08005f2c       0x2c ./Drivers/STM32L4xx_HAL_Driver/Src/stm32l4xx_hal_rcc.o
                0x08005f2c                HAL_RCC_GetPCLK1Freq
 .text.HAL_RCC_GetPCLK2Freq
                0x08005f58       0x2c ./Drivers/STM32L4xx_HAL_Driver/Src/stm32l4xx_hal_rcc.o
                0x08005f58                HAL_RCC_GetPCLK2Freq
 .text.RCC_SetFlashLatencyFromMSIRange
                0x08005f84       0xc0 ./Drivers/STM32L4xx_HAL_Driver/Src/stm32l4xx_hal_rcc.o
 .text.HAL_RCCEx_PeriphCLKConfig
                0x08006044      0x5f8 ./Drivers/STM32L4xx_HAL_Driver/Src/stm32l4xx_hal_rcc_ex.o
                0x08006044                HAL_RCCEx_PeriphCLKConfig
 .text.RCCEx_PLLSAI1_Config
                0x0800663c      0x1e4 ./Drivers/STM32L4xx_HAL_Driver/Src/stm32l4xx_hal_rcc_ex.o
 .text.RCCEx_PLLSAI2_Config
                0x08006820      0x1b8 ./Drivers/STM32L4xx_HAL_Driver/Src/stm32l4xx_hal_rcc_ex.o
 .text.HAL_SPI_Init
                0x080069d8      0x146 ./Drivers/STM32L4xx_HAL_Driver/Src/stm32l4xx_hal_spi.o
                0x080069d8                HAL_SPI_Init
 .text.HAL_SPI_Transmit
                0x08006b1e      0x2ec ./Drivers/STM32L4xx_HAL_Driver/Src/stm32l4xx_hal_spi.o
                0x08006b1e                HAL_SPI_Transmit
 .text.HAL_SPI_Receive
                0x08006e0a      0x270 ./Drivers/STM32L4xx_HAL_Driver/Src/stm32l4xx_hal_spi.o
                0x08006e0a                HAL_SPI_Receive
 .text.HAL_SPI_TransmitReceive
                0x0800707a      0x43e ./Drivers/STM32L4xx_HAL_Driver/Src/stm32l4xx_hal_spi.o
                0x0800707a                HAL_SPI_TransmitReceive
 .text.SPI_WaitFlagStateUntilTimeout
                0x080074b8      0x110 ./Drivers/STM32L4xx_HAL_Driver/Src/stm32l4xx_hal_spi.o
 .text.SPI_WaitFifoStateUntilTimeout
                0x080075c8      0x12c ./Drivers/STM32L4xx_HAL_Driver/Src/stm32l4xx_hal_spi.o
 .text.SPI_EndRxTransaction
                0x080076f4       0xb0 ./Drivers/STM32L4xx_HAL_Driver/Src/stm32l4xx_hal_spi.o
 .text.SPI_EndRxTxTransaction
                0x080077a4       0x8c ./Drivers/STM32L4xx_HAL_Driver/Src/stm32l4xx_hal_spi.o
 .text.HAL_UART_Init
                0x08007830       0x9c ./Drivers/STM32L4xx_HAL_Driver/Src/stm32l4xx_hal_uart.o
                0x08007830                HAL_UART_Init
 .text.HAL_UART_Transmit
                0x080078cc      0x126 ./Drivers/STM32L4xx_HAL_Driver/Src/stm32l4xx_hal_uart.o
                0x080078cc                HAL_UART_Transmit
 .text.HAL_UART_Receive
                0x080079f2      0x1a0 ./Drivers/STM32L4xx_HAL_Driver/Src/stm32l4xx_hal_uart.o
                0x080079f2                HAL_UART_Receive
 *fill*         0x08007b92        0x2 
 .text.UART_SetConfig
                0x08007b94      0x570 ./Drivers/STM32L4xx_HAL_Driver/Src/stm32l4xx_hal_uart.o
                0x08007b94                UART_SetConfig
 .text.UART_AdvFeatureConfig
                0x08008104      0x144 ./Drivers/STM32L4xx_HAL_Driver/Src/stm32l4xx_hal_uart.o
                0x08008104                UART_AdvFeatureConfig
 .text.UART_CheckIdleState
                0x08008248      0x150 ./Drivers/STM32L4xx_HAL_Driver/Src/stm32l4xx_hal_uart.o
                0x08008248                UART_CheckIdleState
 .text.UART_WaitOnFlagUntilTimeout
                0x08008398       0xda ./Drivers/STM32L4xx_HAL_Driver/Src/stm32l4xx_hal_uart.o
                0x08008398                UART_WaitOnFlagUntilTimeout
 .text.UART_EndRxTransfer
                0x08008472       0xc8 ./Drivers/STM32L4xx_HAL_Driver/Src/stm32l4xx_hal_uart.o
 *fill*         0x0800853a        0x2 
 .text.std      0x0800853c       0x6c C:/ST/STM32CubeIDE_2.0.0/STM32CubeIDE/plugins/com.st.stm32cube.ide.mcu.externaltools.gnu-tools-for-stm32.13.3.rel1.win32_1.0.100.202509120712/tools/bin/../lib/gcc/arm-none-eabi/13.3.1/../../../../arm-none-eabi/lib/thumb/v7e-m+fp/hard\libc_nano.a(libc_a-findfp.o)
 .text.stdio_exit_handler
                0x080085a8       0x18 C:/ST/STM32CubeIDE_2.0.0/STM32CubeIDE/plugins/com.st.stm32cube.ide.mcu.externaltools.gnu-tools-for-stm32.13.3.rel1.win32_1.0.100.202509120712/tools/bin/../lib/gcc/arm-none-eabi/13.3.1/../../../../arm-none-eabi/lib/thumb/v7e-m+fp/hard\libc_nano.a(libc_a-findfp.o)
 .text.cleanup_stdio
                0x080085c0       0x40 C:/ST/STM32CubeIDE_2.0.0/STM32CubeIDE/plugins/com.st.stm32cube.ide.mcu.externaltools.gnu-tools-for-stm32.13.3.rel1.win32_1.0.100.202509120712/tools/bin/../lib/gcc/arm-none-eabi/13.3.1/../../../../arm-none-eabi/lib/thumb/v7e-m+fp/hard\libc_nano.a(libc_a-findfp.o)
 .text.global_stdio_init.part.0
                0x08008600       0x3c C:/ST/STM32CubeIDE_2.0.0/STM32CubeIDE/plugins/com.st.stm32cube.ide.mcu.externaltools.gnu-tools-for-stm32.13.3.rel1.win32_1.0.100.202509120712/tools/bin/../lib/gcc/arm-none-eabi/13.3.1/../../../../arm-none-eabi/lib/thumb/v7e-m+fp/hard\libc_nano.a(libc_a-findfp.o)
 .text.__sfp_lock_acquire
                0x0800863c        0xc C:/ST/STM32CubeIDE_2.0.0/STM32CubeIDE/plugins/com.st.stm32cube.ide.mcu.externaltools.gnu-tools-for-stm32.13.3.rel1.win32_1.0.100.202509120712/tools/bin/../lib/gcc/arm-none-eabi/13.3.1/../../../../arm-none-eabi/lib/thumb/v7e-m+fp/hard\libc_nano.a(libc_a-findfp.o)
                0x0800863c                __sfp_lock_acquire
 .text.__sfp_lock_release
                0x08008648        0xc C:/ST/STM32CubeIDE_2.0.0/STM32CubeIDE/plugins/com.st.stm32cube.ide.mcu.externaltools.gnu-tools-for-stm32.13.3.rel1.win32_1.0.100.202509120712/tools/bin/../lib/gcc/arm-none-eabi/13.3.1/../../../../arm-none-eabi/lib/thumb/v7e-m+fp/hard\libc_nano.a(libc_a-findfp.o)
                0x08008648                __sfp_lock_release
 .text.__sinit  0x08008654       0x30 C:/ST/STM32CubeIDE_2.0.0/STM32CubeIDE/plugins/com.st.stm32cube.ide.mcu.externaltools.gnu-tools-for-stm32.13.3.rel1.win32_1.0.100.202509120712/tools/bin/../lib/gcc/arm-none-eabi/13.3.1/../../../../arm-none-eabi/lib/thumb/v7e-m+fp/hard\libc_nano.a(libc_a-findfp.o)
                0x08008654                __sinit
 .text._fwalk_sglue
                0x08008684       0x3c C:/ST/STM32CubeIDE_2.0.0/STM32CubeIDE/plugins/com.st.stm32cube.ide.mcu.externaltools.gnu-tools-for-stm32.13.3.rel1.win32_1.0.100.202509120712/tools/bin/../lib/gcc/arm-none-eabi/13.3.1/../../../../arm-none-eabi/lib/thumb/v7e-m+fp/hard\libc_nano.a(libc_a-fwalk.o)
                0x08008684                _fwalk_sglue
 .text.printf   0x080086c0       0x24 C:/ST/STM32CubeIDE_2.0.0/STM32CubeIDE/plugins/com.st.stm32cube.ide.mcu.externaltools.gnu-tools-for-stm32.13.3.rel1.win32_1.0.100.202509120712/tools/bin/../lib/gcc/arm-none-eabi/13.3.1/../../../../arm-none-eabi/lib/thumb/v7e-m+fp/hard\libc_nano.a(libc_a-printf.o)
                0x080086c0                iprintf
                0x080086c0                printf
 .text.sprintf  0x080086e4       0x44 C:/ST/STM32CubeIDE_2.0.0/STM32CubeIDE/plugins/com.st.stm32cube.ide.mcu.externaltools.gnu-tools-for-stm32.13.3.rel1.win32_1.0.100.202509120712/tools/bin/../lib/gcc/arm-none-eabi/13.3.1/../../../../arm-none-eabi/lib/thumb/v7e-m+fp/hard\libc_nano.a(libc_a-sprintf.o)
                0x080086e4                siprintf
                0x080086e4                sprintf
 .text.__sread  0x08008728       0x22 C:/ST/STM32CubeIDE_2.0.0/STM32CubeIDE/plugins/com.st.stm32cube.ide.mcu.externaltools.gnu-tools-for-stm32.13.3.rel1.win32_1.0.100.202509120712/tools/bin/../lib/gcc/arm-none-eabi/13.3.1/../../../../arm-none-eabi/lib/thumb/v7e-m+fp/hard\libc_nano.a(libc_a-stdio.o)
                0x08008728                __sread
 .text.__swrite
                0x0800874a       0x38 C:/ST/STM32CubeIDE_2.0.0/STM32CubeIDE/plugins/com.st.stm32cube.ide.mcu.externaltools.gnu-tools-for-stm32.13.3.rel1.win32_1.0.100.202509120712/tools/bin/../lib/gcc/arm-none-eabi/13.3.1/../../../../arm-none-eabi/lib/thumb/v7e-m+fp/hard\libc_nano.a(libc_a-stdio.o)
                0x0800874a                __swrite
 .text.__sseek  0x08008782       0x24 C:/ST/STM32CubeIDE_2.0.0/STM32CubeIDE/plugins/com.st.stm32cube.ide.mcu.externaltools.gnu-tools-for-stm32.13.3.rel1.win32_1.0.100.202509120712/tools/bin/../lib/gcc/arm-none-eabi/13.3.1/../../../../arm-none-eabi/lib/thumb/v7e-m+fp/hard\libc_nano.a(libc_a-stdio.o)
                0x08008782                __sseek
 .text.__sclose
                0x080087a6        0x8 C:/ST/STM32CubeIDE_2.0.0/STM32CubeIDE/plugins/com.st.stm32cube.ide.mcu.externaltools.gnu-tools-for-stm32.13.3.rel1.win32_1.0.100.202509120712/tools/bin/../lib/gcc/arm-none-eabi/13.3.1/../../../../arm-none-eabi/lib/thumb/v7e-m+fp/hard\libc_nano.a(libc_a-stdio.o)
                0x080087a6                __sclose
 .text._vsnprintf_r
                0x080087ae       0x5c C:/ST/STM32CubeIDE_2.0.0/STM32CubeIDE/plugins/com.st.stm32cube.ide.mcu.externaltools.gnu-tools-for-stm32.13.3.rel1.win32_1.0.100.202509120712/tools/bin/../lib/gcc/arm-none-eabi/13.3.1/../../../../arm-none-eabi/lib/thumb/v7e-m+fp/hard\libc_nano.a(libc_a-vsnprintf.o)
                0x080087ae                _vsniprintf_r
                0x080087ae                _vsnprintf_r
 *fill*         0x0800880a        0x2 
 .text.vsnprintf
                0x0800880c       0x1c C:/ST/STM32CubeIDE_2.0.0/STM32CubeIDE/plugins/com.st.stm32cube.ide.mcu.externaltools.gnu-tools-for-stm32.13.3.rel1.win32_1.0.100.202509120712/tools/bin/../lib/gcc/arm-none-eabi/13.3.1/../../../../arm-none-eabi/lib/thumb/v7e-m+fp/hard\libc_nano.a(libc_a-vsnprintf.o)
                0x0800880c                vsniprintf
                0x0800880c                vsnprintf
 .text.memset   0x08008828       0x10 C:/ST/STM32CubeIDE_2.0.0/STM32CubeIDE/plugins/com.st.stm32cube.ide.mcu.externaltools.gnu-tools-for-stm32.13.3.rel1.win32_1.0.100.202509120712/tools/bin/../lib/gcc/arm-none-eabi/13.3.1/../../../../arm-none-eabi/lib/thumb/v7e-m+fp/hard\libc_nano.a(libc_a-memset.o)
                0x08008828                memset
 .text._close_r
                0x08008838       0x20 C:/ST/STM32CubeIDE_2.0.0/STM32CubeIDE/plugins/com.st.stm32cube.ide.mcu.externaltools.gnu-tools-for-stm32.13.3.rel1.win32_1.0.100.202509120712/tools/bin/../lib/gcc/arm-none-eabi/13.3.1/../../../../arm-none-eabi/lib/thumb/v7e-m+fp/hard\libc_nano.a(libc_a-closer.o)
                0x08008838                _close_r
 .text._lseek_r
                0x08008858       0x24 C:/ST/STM32CubeIDE_2.0.0/STM32CubeIDE/plugins/com.st.stm32cube.ide.mcu.externaltools.gnu-tools-for-stm32.13.3.rel1.win32_1.0.100.202509120712/tools/bin/../lib/gcc/arm-none-eabi/13.3.1/../../../../arm-none-eabi/lib/thumb/v7e-m+fp/hard\libc_nano.a(libc_a-lseekr.o)
                0x08008858                _lseek_r
 .text._read_r  0x0800887c       0x24 C:/ST/STM32CubeIDE_2.0.0/STM32CubeIDE/plugins/com.st.stm32cube.ide.mcu.externaltools.gnu-tools-for-stm32.13.3.rel1.win32_1.0.100.202509120712/tools/bin/../lib/gcc/arm-none-eabi/13.3.1/../../../../arm-none-eabi/lib/thumb/v7e-m+fp/hard\libc_nano.a(libc_a-readr.o)
                0x0800887c                _read_r
 .text._write_r
                0x080088a0       0x24 C:/ST/STM32CubeIDE_2.0.0/STM32CubeIDE/plugins/com.st.stm32cube.ide.mcu.externaltools.gnu-tools-for-stm32.13.3.rel1.win32_1.0.100.202509120712/tools/bin/../lib/gcc/arm-none-eabi/13.3.1/../../../../arm-none-eabi/lib/thumb/v7e-m+fp/hard\libc_nano.a(libc_a-writer.o)
                0x080088a0                _write_r
 .text.__errno  0x080088c4        0xc C:/ST/STM32CubeIDE_2.0.0/STM32CubeIDE/plugins/com.st.stm32cube.ide.mcu.externaltools.gnu-tools-for-stm32.13.3.rel1.win32_1.0.100.202509120712/tools/bin/../lib/gcc/arm-none-eabi/13.3.1/../../../../arm-none-eabi/lib/thumb/v7e-m+fp/hard\libc_nano.a(libc_a-errno.o)
                0x080088c4                __errno
 .text.__libc_init_array
                0x080088d0       0x48 C:/ST/STM32CubeIDE_2.0.0/STM32CubeIDE/plugins/com.st.stm32cube.ide.mcu.externaltools.gnu-tools-for-stm32.13.3.rel1.win32_1.0.100.202509120712/tools/bin/../lib/gcc/arm-none-eabi/13.3.1/../../../../arm-none-eabi/lib/thumb/v7e-m+fp/hard\libc_nano.a(libc_a-init.o)
                0x080088d0                __libc_init_array
 .text.__retarget_lock_init_recursive
                0x08008918        0x2 C:/ST/STM32CubeIDE_2.0.0/STM32CubeIDE/plugins/com.st.stm32cube.ide.mcu.externaltools.gnu-tools-for-stm32.13.3.rel1.win32_1.0.100.202509120712/tools/bin/../lib/gcc/arm-none-eabi/13.3.1/../../../../arm-none-eabi/lib/thumb/v7e-m+fp/hard\libc_nano.a(libc_a-lock.o)
                0x08008918                __retarget_lock_init_recursive
 .text.__retarget_lock_acquire_recursive
                0x0800891a        0x2 C:/ST/STM32CubeIDE_2.0.0/STM32CubeIDE/plugins/com.st.stm32cube.ide.mcu.externaltools.gnu-tools-for-stm32.13.3.rel1.win32_1.0.100.202509120712/tools/bin/../lib/gcc/arm-none-eabi/13.3.1/../../../../arm-none-eabi/lib/thumb/v7e-m+fp/hard\libc_nano.a(libc_a-lock.o)
                0x0800891a                __retarget_lock_acquire_recursive
 .text.__retarget_lock_release_recursive
                0x0800891c        0x2 C:/ST/STM32CubeIDE_2.0.0/STM32CubeIDE/plugins/com.st.stm32cube.ide.mcu.externaltools.gnu-tools-for-stm32.13.3.rel1.win32_1.0.100.202509120712/tools/bin/../lib/gcc/arm-none-eabi/13.3.1/../../../../arm-none-eabi/lib/thumb/v7e-m+fp/hard\libc_nano.a(libc_a-lock.o)
                0x0800891c                __retarget_lock_release_recursive
 *fill*         0x0800891e        0x2 
 .text._free_r  0x08008920       0x94 C:/ST/STM32CubeIDE_2.0.0/STM32CubeIDE/plugins/com.st.stm32cube.ide.mcu.externaltools.gnu-tools-for-stm32.13.3.rel1.win32_1.0.100.202509120712/tools/bin/../lib/gcc/arm-none-eabi/13.3.1/../../../../arm-none-eabi/lib/thumb/v7e-m+fp/hard\libc_nano.a(libc_a-freer.o)
                0x08008920                _free_r
 .text.sbrk_aligned
                0x080089b4       0x44 C:/ST/STM32CubeIDE_2.0.0/STM32CubeIDE/plugins/com.st.stm32cube.ide.mcu.externaltools.gnu-tools-for-stm32.13.3.rel1.win32_1.0.100.202509120712/tools/bin/../lib/gcc/arm-none-eabi/13.3.1/../../../../arm-none-eabi/lib/thumb/v7e-m+fp/hard\libc_nano.a(libc_a-mallocr.o)
 .text._malloc_r
                0x080089f8      0x100 C:/ST/STM32CubeIDE_2.0.0/STM32CubeIDE/plugins/com.st.stm32cube.ide.mcu.externaltools.gnu-tools-for-stm32.13.3.rel1.win32_1.0.100.202509120712/tools/bin/../lib/gcc/arm-none-eabi/13.3.1/../../../../arm-none-eabi/lib/thumb/v7e-m+fp/hard\libc_nano.a(libc_a-mallocr.o)
                0x080089f8                _malloc_r
 .text.__malloc_lock
                0x08008af8        0xc C:/ST/STM32CubeIDE_2.0.0/STM32CubeIDE/plugins/com.st.stm32cube.ide.mcu.externaltools.gnu-tools-for-stm32.13.3.rel1.win32_1.0.100.202509120712/tools/bin/../lib/gcc/arm-none-eabi/13.3.1/../../../../arm-none-eabi/lib/thumb/v7e-m+fp/hard\libc_nano.a(libc_a-mlock.o)
                0x08008af8                __malloc_lock
 .text.__malloc_unlock
                0x08008b04        0xc C:/ST/STM32CubeIDE_2.0.0/STM32CubeIDE/plugins/com.st.stm32cube.ide.mcu.externaltools.gnu-tools-for-stm32.13.3.rel1.win32_1.0.100.202509120712/tools/bin/../lib/gcc/arm-none-eabi/13.3.1/../../../../arm-none-eabi/lib/thumb/v7e-m+fp/hard\libc_nano.a(libc_a-mlock.o)
                0x08008b04                __malloc_unlock
 .text.__ssputs_r
                0x08008b10       0xb6 C:/ST/STM32CubeIDE_2.0.0/STM32CubeIDE/plugins/com.st.stm32cube.ide.mcu.externaltools.gnu-tools-for-stm32.13.3.rel1.win32_1.0.100.202509120712/tools/bin/../lib/gcc/arm-none-eabi/13.3.1/../../../../arm-none-eabi/lib/thumb/v7e-m+fp/hard\libc_nano.a(libc_a-nano-svfprintf.o)
                0x08008b10                __ssputs_r
 *fill*         0x08008bc6        0x2 
 .text._svfprintf_r
                0x08008bc8      0x1f8 C:/ST/STM32CubeIDE_2.0.0/STM32CubeIDE/plugins/com.st.stm32cube.ide.mcu.externaltools.gnu-tools-for-stm32.13.3.rel1.win32_1.0.100.202509120712/tools/bin/../lib/gcc/arm-none-eabi/13.3.1/../../../../arm-none-eabi/lib/thumb/v7e-m+fp/hard\libc_nano.a(libc_a-nano-svfprintf.o)
                0x08008bc8                _svfiprintf_r
                0x08008bc8                _svfprintf_r
 .text.__sfputc_r
                0x08008dc0       0x2e C:/ST/STM32CubeIDE_2.0.0/STM32CubeIDE/plugins/com.st.stm32cube.ide.mcu.externaltools.gnu-tools-for-stm32.13.3.rel1.win32_1.0.100.202509120712/tools/bin/../lib/gcc/arm-none-eabi/13.3.1/../../../../arm-none-eabi/lib/thumb/v7e-m+fp/hard\libc_nano.a(libc_a-nano-vfprintf.o)
 .text.__sfputs_r
                0x08008dee       0x24 C:/ST/STM32CubeIDE_2.0.0/STM32CubeIDE/plugins/com.st.stm32cube.ide.mcu.externaltools.gnu-tools-for-stm32.13.3.rel1.win32_1.0.100.202509120712/tools/bin/../lib/gcc/arm-none-eabi/13.3.1/../../../../arm-none-eabi/lib/thumb/v7e-m+fp/hard\libc_nano.a(libc_a-nano-vfprintf.o)
                0x08008dee                __sfputs_r
 *fill*         0x08008e12        0x2 
 .text._vfprintf_r
                0x08008e14      0x230 C:/ST/STM32CubeIDE_2.0.0/STM32CubeIDE/plugins/com.st.stm32cube.ide.mcu.externaltools.gnu-tools-for-stm32.13.3.rel1.win32_1.0.100.202509120712/tools/bin/../lib/gcc/arm-none-eabi/13.3.1/../../../../arm-none-eabi/lib/thumb/v7e-m+fp/hard\libc_nano.a(libc_a-nano-vfprintf.o)
                0x08008e14                _vfprintf_r
                0x08008e14                _vfiprintf_r
 .text._printf_common
                0x08009044       0xda C:/ST/STM32CubeIDE_2.0.0/STM32CubeIDE/plugins/com.st.stm32cube.ide.mcu.externaltools.gnu-tools-for-stm32.13.3.rel1.win32_1.0.100.202509120712/tools/bin/../lib/gcc/arm-none-eabi/13.3.1/../../../../arm-none-eabi/lib/thumb/v7e-m+fp/hard\libc_nano.a(libc_a-nano-vfprintf_i.o)
                0x08009044                _printf_common
 *fill*         0x0800911e        0x2 
 .text._printf_i
                0x08009120      0x23c C:/ST/STM32CubeIDE_2.0.0/STM32CubeIDE/plugins/com.st.stm32cube.ide.mcu.externaltools.gnu-tools-for-stm32.13.3.rel1.win32_1.0.100.202509120712/tools/bin/../lib/gcc/arm-none-eabi/13.3.1/../../../../arm-none-eabi/lib/thumb/v7e-m+fp/hard\libc_nano.a(libc_a-nano-vfprintf_i.o)
                0x08009120                _printf_i
 .text.__sflush_r
                0x0800935c      0x108 C:/ST/STM32CubeIDE_2.0.0/STM32CubeIDE/plugins/com.st.stm32cube.ide.mcu.externaltools.gnu-tools-for-stm32.13.3.rel1.win32_1.0.100.202509120712/tools/bin/../lib/gcc/arm-none-eabi/13.3.1/../../../../arm-none-eabi/lib/thumb/v7e-m+fp/hard\libc_nano.a(libc_a-fflush.o)
                0x0800935c                __sflush_r
 .text._fflush_r
                0x08009464       0x50 C:/ST/STM32CubeIDE_2.0.0/STM32CubeIDE/plugins/com.st.stm32cube.ide.mcu.externaltools.gnu-tools-for-stm32.13.3.rel1.win32_1.0.100.202509120712/tools/bin/../lib/gcc/arm-none-eabi/13.3.1/../../../../arm-none-eabi/lib/thumb/v7e-m+fp/hard\libc_nano.a(libc_a-fflush.o)
                0x08009464                _fflush_r
 .text.__swbuf_r
                0x080094b4       0x7c C:/ST/STM32CubeIDE_2.0.0/STM32CubeIDE/plugins/com.st.stm32cube.ide.mcu.externaltools.gnu-tools-for-stm32.13.3.rel1.win32_1.0.100.202509120712/tools/bin/../lib/gcc/arm-none-eabi/13.3.1/../../../../arm-none-eabi/lib/thumb/v7e-m+fp/hard\libc_nano.a(libc_a-wbuf.o)
                0x080094b4                __swbuf_r
 .text.__swsetup_r
                0x08009530       0xac C:/ST/STM32CubeIDE_2.0.0/STM32CubeIDE/plugins/com.st.stm32cube.ide.mcu.externaltools.gnu-tools-for-stm32.13.3.rel1.win32_1.0.100.202509120712/tools/bin/../lib/gcc/arm-none-eabi/13.3.1/../../../../arm-none-eabi/lib/thumb/v7e-m+fp/hard\libc_nano.a(libc_a-wsetup.o)
                0x08009530                __swsetup_r
 .text.memmove  0x080095dc       0x34 C:/ST/STM32CubeIDE_2.0.0/STM32CubeIDE/plugins/com.st.stm32cube.ide.mcu.externaltools.gnu-tools-for-stm32.13.3.rel1.win32_1.0.100.202509120712/tools/bin/../lib/gcc/arm-none-eabi/13.3.1/../../../../arm-none-eabi/lib/thumb/v7e-m+fp/hard\libc_nano.a(libc_a-memmove.o)
                0x080095dc                memmove
 .text._sbrk_r  0x08009610       0x20 C:/ST/STM32CubeIDE_2.0.0/STM32CubeIDE/plugins/com.st.stm32cube.ide.mcu.externaltools.gnu-tools-for-stm32.13.3.rel1.win32_1.0.100.202509120712/tools/bin/../lib/gcc/arm-none-eabi/13.3.1/../../../../arm-none-eabi/lib/thumb/v7e-m+fp/hard\libc_nano.a(libc_a-sbrkr.o)
                0x08009610                _sbrk_r
 .text.memcpy   0x08009630       0x1c C:/ST/STM32CubeIDE_2.0.0/STM32CubeIDE/plugins/com.st.stm32cube.ide.mcu.externaltools.gnu-tools-for-stm32.13.3.rel1.win32_1.0.100.202509120712/tools/bin/../lib/gcc/arm-none-eabi/13.3.1/../../../../arm-none-eabi/lib/thumb/v7e-m+fp/hard\libc_nano.a(libc_a-memcpy-stub.o)
                0x08009630                memcpy
 .text._realloc_r
                0x0800964c       0x5c C:/ST/STM32CubeIDE_2.0.0/STM32CubeIDE/plugins/com.st.stm32cube.ide.mcu.externaltools.gnu-tools-for-stm32.13.3.rel1.win32_1.0.100.202509120712/tools/bin/../lib/gcc/arm-none-eabi/13.3.1/../../../../arm-none-eabi/lib/thumb/v7e-m+fp/hard\libc_nano.a(libc_a-reallocr.o)
                0x0800964c                _realloc_r
 .text.__swhatbuf_r
                0x080096a8       0x4c C:/ST/STM32CubeIDE_2.0.0/STM32CubeIDE/plugins/com.st.stm32cube.ide.mcu.externaltools.gnu-tools-for-stm32.13.3.rel1.win32_1.0.100.202509120712/tools/bin/../lib/gcc/arm-none-eabi/13.3.1/../../../../arm-none-eabi/lib/thumb/v7e-m+fp/hard\libc_nano.a(libc_a-makebuf.o)
                0x080096a8                __swhatbuf_r
 .text.__smakebuf_r
                0x080096f4       0x78 C:/ST/STM32CubeIDE_2.0.0/STM32CubeIDE/plugins/com.st.stm32cube.ide.mcu.externaltools.gnu-tools-for-stm32.13.3.rel1.win32_1.0.100.202509120712/tools/bin/../lib/gcc/arm-none-eabi/13.3.1/../../../../arm-none-eabi/lib/thumb/v7e-m+fp/hard\libc_nano.a(libc_a-makebuf.o)
                0x080096f4                __smakebuf_r
 .text._fstat_r
                0x0800976c       0x24 C:/ST/STM32CubeIDE_2.0.0/STM32CubeIDE/plugins/com.st.stm32cube.ide.mcu.externaltools.gnu-tools-for-stm32.13.3.rel1.win32_1.0.100.202509120712/tools/bin/../lib/gcc/arm-none-eabi/13.3.1/../../../../arm-none-eabi/lib/thumb/v7e-m+fp/hard\libc_nano.a(libc_a-fstatr.o)
                0x0800976c                _fstat_r
 .text._isatty_r
                0x08009790       0x20 C:/ST/STM32CubeIDE_2.0.0/STM32CubeIDE/plugins/com.st.stm32cube.ide.mcu.externaltools.gnu-tools-for-stm32.13.3.rel1.win32_1.0.100.202509120712/tools/bin/../lib/gcc/arm-none-eabi/13.3.1/../../../../arm-none-eabi/lib/thumb/v7e-m+fp/hard\libc_nano.a(libc_a-isattyr.o)
                0x08009790                _isatty_r
 .text._malloc_usable_size_r
                0x080097b0       0x10 C:/ST/STM32CubeIDE_2.0.0/STM32CubeIDE/plugins/com.st.stm32cube.ide.mcu.externaltools.gnu-tools-for-stm32.13.3.rel1.win32_1.0.100.202509120712/tools/bin/../lib/gcc/arm-none-eabi/13.3.1/../../../../arm-none-eabi/lib/thumb/v7e-m+fp/hard\libc_nano.a(libc_a-msizer.o)
                0x080097b0                _malloc_usable_size_r
 *(.glue_7)
 .glue_7        0x080097c0        0x0 linker stubs
 *(.glue_7t)
 .glue_7t       0x080097c0        0x0 linker stubs
 *(.eh_frame)
 .eh_frame      0x080097c0        0x0 C:/ST/STM32CubeIDE_2.0.0/STM32CubeIDE/plugins/com.st.stm32cube.ide.mcu.externaltools.gnu-tools-for-stm32.13.3.rel1.win32_1.0.100.202509120712/tools/bin/../lib/gcc/arm-none-eabi/13.3.1/thumb/v7e-m+fp/hard/crtbegin.o
 *(.init)
 .init          0x080097c0        0x4 C:/ST/STM32CubeIDE_2.0.0/STM32CubeIDE/plugins/com.st.stm32cube.ide.mcu.externaltools.gnu-tools-for-stm32.13.3.rel1.win32_1.0.100.202509120712/tools/bin/../lib/gcc/arm-none-eabi/13.3.1/thumb/v7e-m+fp/hard/crti.o
                0x080097c0                _init
 .init          0x080097c4        0x8 C:/ST/STM32CubeIDE_2.0.0/STM32CubeIDE/plugins/com.st.stm32cube.ide.mcu.externaltools.gnu-tools-for-stm32.13.3.rel1.win32_1.0.100.202509120712/tools/bin/../lib/gcc/arm-none-eabi/13.3.1/thumb/v7e-m+fp/hard/crtn.o
 *(.fini)
 .fini          0x080097cc        0x4 C:/ST/STM32CubeIDE_2.0.0/STM32CubeIDE/plugins/com.st.stm32cube.ide.mcu.externaltools.gnu-tools-for-stm32.13.3.rel1.win32_1.0.100.202509120712/tools/bin/../lib/gcc/arm-none-eabi/13.3.1/thumb/v7e-m+fp/hard/crti.o
                0x080097cc                _fini
 .fini          0x080097d0        0x8 C:/ST/STM32CubeIDE_2.0.0/STM32CubeIDE/plugins/com.st.stm32cube.ide.mcu.externaltools.gnu-tools-for-stm32.13.3.rel1.win32_1.0.100.202509120712/tools/bin/../lib/gcc/arm-none-eabi/13.3.1/thumb/v7e-m+fp/hard/crtn.o
                0x080097d8                        . = ALIGN (0x4)
                0x080097d8                        _etext = .

.vfp11_veneer   0x080097d8        0x0
 .vfp11_veneer  0x080097d8        0x0 linker stubs

.v4_bx          0x080097d8        0x0
 .v4_bx         0x080097d8        0x0 linker stubs

.iplt           0x080097d8        0x0
 .iplt          0x080097d8        0x0 C:/ST/STM32CubeIDE_2.0.0/STM32CubeIDE/plugins/com.st.stm32cube.ide.mcu.externaltools.gnu-tools-for-stm32.13.3.rel1.win32_1.0.100.202509120712/tools/bin/../lib/gcc/arm-none-eabi/13.3.1/thumb/v7e-m+fp/hard/crtbegin.o

.rodata         0x080097d8      0x3d0
                0x080097d8                        . = ALIGN (0x4)
 *(.rodata)
 .rodata        0x080097d8        0x8 ./BSP/Sensors/Src/ad7124.o
 .rodata        0x080097e0        0x5 ./BSP/Src/uart_handler.o
 *fill*         0x080097e5        0x3 
 .rodata        0x080097e8      0x344 ./Core/Src/main.o
 *(.rodata*)
 .rodata.AHBPrescTable
                0x08009b2c       0x10 ./Core/Src/system_stm32l4xx.o
                0x08009b2c                AHBPrescTable
 .rodata.APBPrescTable
                0x08009b3c        0x8 ./Core/Src/system_stm32l4xx.o
                0x08009b3c                APBPrescTable
 .rodata.MSIRangeTable
                0x08009b44       0x30 ./Core/Src/system_stm32l4xx.o
                0x08009b44                MSIRangeTable
 .rodata._svfprintf_r.str1.1
                0x08009b74       0x33 C:/ST/STM32CubeIDE_2.0.0/STM32CubeIDE/plugins/com.st.stm32cube.ide.mcu.externaltools.gnu-tools-for-stm32.13.3.rel1.win32_1.0.100.202509120712/tools/bin/../lib/gcc/arm-none-eabi/13.3.1/../../../../arm-none-eabi/lib/thumb/v7e-m+fp/hard\libc_nano.a(libc_a-nano-svfprintf.o)
                                 0x11 (size before relaxing)
 .rodata._vfprintf_r.str1.1
                0x08009ba7        0x0 C:/ST/STM32CubeIDE_2.0.0/STM32CubeIDE/plugins/com.st.stm32cube.ide.mcu.externaltools.gnu-tools-for-stm32.13.3.rel1.win32_1.0.100.202509120712/tools/bin/../lib/gcc/arm-none-eabi/13.3.1/../../../../arm-none-eabi/lib/thumb/v7e-m+fp/hard\libc_nano.a(libc_a-nano-vfprintf.o)
                                 0x11 (size before relaxing)
 .rodata._printf_i.str1.1
                0x08009ba7        0x0 C:/ST/STM32CubeIDE_2.0.0/STM32CubeIDE/plugins/com.st.stm32cube.ide.mcu.externaltools.gnu-tools-for-stm32.13.3.rel1.win32_1.0.100.202509120712/tools/bin/../lib/gcc/arm-none-eabi/13.3.1/../../../../arm-none-eabi/lib/thumb/v7e-m+fp/hard\libc_nano.a(libc_a-nano-vfprintf_i.o)
                                 0x22 (size before relaxing)
                0x08009ba8                        . = ALIGN (0x4)
 *fill*         0x08009ba7        0x1 

.ARM.extab      0x08009ba8        0x0
                0x08009ba8                        . = ALIGN (0x4)
 *(.ARM.extab* .gnu.linkonce.armextab.*)
                0x08009ba8                        . = ALIGN (0x4)

.ARM            0x08009ba8        0x8
                0x08009ba8                        . = ALIGN (0x4)
                0x08009ba8                        __exidx_start = .
 *(.ARM.exidx*)
 .ARM.exidx     0x08009ba8        0x8 C:/ST/STM32CubeIDE_2.0.0/STM32CubeIDE/plugins/com.st.stm32cube.ide.mcu.externaltools.gnu-tools-for-stm32.13.3.rel1.win32_1.0.100.202509120712/tools/bin/../lib/gcc/arm-none-eabi/13.3.1/../../../../arm-none-eabi/lib/thumb/v7e-m+fp/hard\libc_nano.a(libc_a-memchr.o)
 .ARM.exidx     0x08009bb0        0x0 C:/ST/STM32CubeIDE_2.0.0/STM32CubeIDE/plugins/com.st.stm32cube.ide.mcu.externaltools.gnu-tools-for-stm32.13.3.rel1.win32_1.0.100.202509120712/tools/bin/../lib/gcc/arm-none-eabi/13.3.1/thumb/v7e-m+fp/hard\libgcc.a(_udivmoddi4.o)
                                  0x8 (size before relaxing)
                0x08009bb0                        __exidx_end = .
                0x08009bb0                        . = ALIGN (0x4)

.preinit_array  0x08009bb0        0x0
                0x08009bb0                        . = ALIGN (0x4)
                0x08009bb0                        PROVIDE (__preinit_array_start = .)
 *(.preinit_array*)
                0x08009bb0                        PROVIDE (__preinit_array_end = .)
                0x08009bb0                        . = ALIGN (0x4)

.init_array     0x08009bb0        0x4
                0x08009bb0                        . = ALIGN (0x4)
                0x08009bb0                        PROVIDE (__init_array_start = .)
 *(SORT_BY_NAME(.init_array.*))
 *(.init_array*)
 .init_array    0x08009bb0        0x4 C:/ST/STM32CubeIDE_2.0.0/STM32CubeIDE/plugins/com.st.stm32cube.ide.mcu.externaltools.gnu-tools-for-stm32.13.3.rel1.win32_1.0.100.202509120712/tools/bin/../lib/gcc/arm-none-eabi/13.3.1/thumb/v7e-m+fp/hard/crtbegin.o
                0x08009bb4                        PROVIDE (__init_array_end = .)
                0x08009bb4                        . = ALIGN (0x4)

.fini_array     0x08009bb4        0x4
                0x08009bb4                        . = ALIGN (0x4)
                [!provide]                        PROVIDE (__fini_array_start = .)
 *(SORT_BY_NAME(.fini_array.*))
 *(.fini_array*)
 .fini_array    0x08009bb4        0x4 C:/ST/STM32CubeIDE_2.0.0/STM32CubeIDE/plugins/com.st.stm32cube.ide.mcu.externaltools.gnu-tools-for-stm32.13.3.rel1.win32_1.0.100.202509120712/tools/bin/../lib/gcc/arm-none-eabi/13.3.1/thumb/v7e-m+fp/hard/crtbegin.o
                [!provide]                        PROVIDE (__fini_array_end = .)
                0x08009bb8                        . = ALIGN (0x4)
                0x08009bb8                        _sidata = LOADADDR (.data)

.rel.dyn        0x08009bb8        0x0
 .rel.iplt      0x08009bb8        0x0 C:/ST/STM32CubeIDE_2.0.0/STM32CubeIDE/plugins/com.st.stm32cube.ide.mcu.externaltools.gnu-tools-for-stm32.13.3.rel1.win32_1.0.100.202509120712/tools/bin/../lib/gcc/arm-none-eabi/13.3.1/thumb/v7e-m+fp/hard/crtbegin.o

.data           0x20000000      0x3f8 load address 0x08009bb8
                0x20000000                        . = ALIGN (0x4)
                0x20000000                        _sdata = .
 *(.data)
 *(.data*)
 .data.ad7124_regs
                0x20000000      0x390 ./BSP/Sensors/Src/ad7124_regs.o
                0x20000000                ad7124_regs
 .data.SystemCoreClock
                0x20000390        0x4 ./Core/Src/system_stm32l4xx.o
                0x20000390                SystemCoreClock
 .data.uwTickPrio
                0x20000394        0x4 ./Drivers/STM32L4xx_HAL_Driver/Src/stm32l4xx_hal.o
                0x20000394                uwTickPrio
 .data.uwTickFreq
                0x20000398        0x1 ./Drivers/STM32L4xx_HAL_Driver/Src/stm32l4xx_hal.o
                0x20000398                uwTickFreq
 *fill*         0x20000399        0x3 
 .data.__sglue  0x2000039c        0xc C:/ST/STM32CubeIDE_2.0.0/STM32CubeIDE/plugins/com.st.stm32cube.ide.mcu.externaltools.gnu-tools-for-stm32.13.3.rel1.win32_1.0.100.202509120712/tools/bin/../lib/gcc/arm-none-eabi/13.3.1/../../../../arm-none-eabi/lib/thumb/v7e-m+fp/hard\libc_nano.a(libc_a-findfp.o)
                0x2000039c                __sglue
 .data._impure_ptr
                0x200003a8        0x4 C:/ST/STM32CubeIDE_2.0.0/STM32CubeIDE/plugins/com.st.stm32cube.ide.mcu.externaltools.gnu-tools-for-stm32.13.3.rel1.win32_1.0.100.202509120712/tools/bin/../lib/gcc/arm-none-eabi/13.3.1/../../../../arm-none-eabi/lib/thumb/v7e-m+fp/hard\libc_nano.a(libc_a-impure.o)
                0x200003a8                _impure_ptr
 .data._impure_data
                0x200003ac       0x4c C:/ST/STM32CubeIDE_2.0.0/STM32CubeIDE/plugins/com.st.stm32cube.ide.mcu.externaltools.gnu-tools-for-stm32.13.3.rel1.win32_1.0.100.202509120712/tools/bin/../lib/gcc/arm-none-eabi/13.3.1/../../../../arm-none-eabi/lib/thumb/v7e-m+fp/hard\libc_nano.a(libc_a-impure.o)
                0x200003ac                _impure_data
 *(.RamFunc)
 *(.RamFunc*)
                0x200003f8                        . = ALIGN (0x4)
                0x200003f8                        _edata = .

.igot.plt       0x200003f8        0x0 load address 0x08009fb0
 .igot.plt      0x200003f8        0x0 C:/ST/STM32CubeIDE_2.0.0/STM32CubeIDE/plugins/com.st.stm32cube.ide.mcu.externaltools.gnu-tools-for-stm32.13.3.rel1.win32_1.0.100.202509120712/tools/bin/../lib/gcc/arm-none-eabi/13.3.1/thumb/v7e-m+fp/hard/crtbegin.o
                0x200003f8                        . = ALIGN (0x4)

.bss            0x200003f8      0x430 load address 0x08009fb0
                0x200003f8                        _sbss = .
                0x200003f8                        __bss_start__ = _sbss
 *(.bss)
 .bss           0x200003f8       0x1c C:/ST/STM32CubeIDE_2.0.0/STM32CubeIDE/plugins/com.st.stm32cube.ide.mcu.externaltools.gnu-tools-for-stm32.13.3.rel1.win32_1.0.100.202509120712/tools/bin/../lib/gcc/arm-none-eabi/13.3.1/thumb/v7e-m+fp/hard/crtbegin.o
 *(.bss*)
 .bss.ad7124_static.0
                0x20000414       0x8c ./BSP/Sensors/Src/ad7124.o
 .bss.hi2c4     0x200004a0       0x54 ./Core/Src/i2c.o
                0x200004a0                hi2c4
 .bss.ad7124    0x200004f4        0x4 ./Core/Src/main.o
                0x200004f4                ad7124
 .bss.ad7124_pc104
                0x200004f8        0x4 ./Core/Src/main.o
                0x200004f8                ad7124_pc104
 .bss.hspi1     0x200004fc       0x64 ./Core/Src/spi.o
                0x200004fc                hspi1
 .bss.hspi2     0x20000560       0x64 ./Core/Src/spi.o
                0x20000560                hspi2
 .bss.__sbrk_heap_end
                0x200005c4        0x4 ./Core/Src/sysmem.o
 .bss.huart4    0x200005c8       0x88 ./Core/Src/usart.o
                0x200005c8                huart4
 .bss.huart3    0x20000650       0x88 ./Core/Src/usart.o
                0x20000650                huart3
 .bss.uwTick    0x200006d8        0x4 ./Drivers/STM32L4xx_HAL_Driver/Src/stm32l4xx_hal.o
                0x200006d8                uwTick
 .bss.__sf      0x200006dc      0x138 C:/ST/STM32CubeIDE_2.0.0/STM32CubeIDE/plugins/com.st.stm32cube.ide.mcu.externaltools.gnu-tools-for-stm32.13.3.rel1.win32_1.0.100.202509120712/tools/bin/../lib/gcc/arm-none-eabi/13.3.1/../../../../arm-none-eabi/lib/thumb/v7e-m+fp/hard\libc_nano.a(libc_a-findfp.o)
                0x200006dc                __sf
 .bss.__stdio_exit_handler
                0x20000814        0x4 C:/ST/STM32CubeIDE_2.0.0/STM32CubeIDE/plugins/com.st.stm32cube.ide.mcu.externaltools.gnu-tools-for-stm32.13.3.rel1.win32_1.0.100.202509120712/tools/bin/../lib/gcc/arm-none-eabi/13.3.1/../../../../arm-none-eabi/lib/thumb/v7e-m+fp/hard\libc_nano.a(libc_a-findfp.o)
                0x20000814                __stdio_exit_handler
 .bss.errno     0x20000818        0x4 C:/ST/STM32CubeIDE_2.0.0/STM32CubeIDE/plugins/com.st.stm32cube.ide.mcu.externaltools.gnu-tools-for-stm32.13.3.rel1.win32_1.0.100.202509120712/tools/bin/../lib/gcc/arm-none-eabi/13.3.1/../../../../arm-none-eabi/lib/thumb/v7e-m+fp/hard\libc_nano.a(libc_a-reent.o)
                0x20000818                errno
 .bss.__lock___malloc_recursive_mutex
                0x2000081c        0x1 C:/ST/STM32CubeIDE_2.0.0/STM32CubeIDE/plugins/com.st.stm32cube.ide.mcu.externaltools.gnu-tools-for-stm32.13.3.rel1.win32_1.0.100.202509120712/tools/bin/../lib/gcc/arm-none-eabi/13.3.1/../../../../arm-none-eabi/lib/thumb/v7e-m+fp/hard\libc_nano.a(libc_a-lock.o)
                0x2000081c                __lock___malloc_recursive_mutex
 .bss.__lock___sfp_recursive_mutex
                0x2000081d        0x1 C:/ST/STM32CubeIDE_2.0.0/STM32CubeIDE/plugins/com.st.stm32cube.ide.mcu.externaltools.gnu-tools-for-stm32.13.3.rel1.win32_1.0.100.202509120712/tools/bin/../lib/gcc/arm-none-eabi/13.3.1/../../../../arm-none-eabi/lib/thumb/v7e-m+fp/hard\libc_nano.a(libc_a-lock.o)
                0x2000081d                __lock___sfp_recursive_mutex
 *fill*         0x2000081e        0x2 
 .bss.__malloc_sbrk_start
                0x20000820        0x4 C:/ST/STM32CubeIDE_2.0.0/STM32CubeIDE/plugins/com.st.stm32cube.ide.mcu.externaltools.gnu-tools-for-stm32.13.3.rel1.win32_1.0.100.202509120712/tools/bin/../lib/gcc/arm-none-eabi/13.3.1/../../../../arm-none-eabi/lib/thumb/v7e-m+fp/hard\libc_nano.a(libc_a-mallocr.o)
                0x20000820                __malloc_sbrk_start
 .bss.__malloc_free_list
                0x20000824        0x4 C:/ST/STM32CubeIDE_2.0.0/STM32CubeIDE/plugins/com.st.stm32cube.ide.mcu.externaltools.gnu-tools-for-stm32.13.3.rel1.win32_1.0.100.202509120712/tools/bin/../lib/gcc/arm-none-eabi/13.3.1/../../../../arm-none-eabi/lib/thumb/v7e-m+fp/hard\libc_nano.a(libc_a-mallocr.o)
                0x20000824                __malloc_free_list
 *(COMMON)
                0x20000828                        . = ALIGN (0x4)
                0x20000828                        _ebss = .
                0x20000828                        __bss_end__ = _ebss

._user_heap_stack
                0x20000828      0x600 load address 0x08009fb0
                0x20000828                        . = ALIGN (0x8)
                [!provide]                        PROVIDE (end = .)
                0x20000828                        PROVIDE (_end = .)
                0x20000a28                        . = (. + _Min_Heap_Size)
 *fill*         0x20000828      0x200 
                0x20000e28                        . = (. + _Min_Stack_Size)
 *fill*         0x20000a28      0x400 
                0x20000e28                        . = ALIGN (0x8)

/DISCARD/
 libc.a(*)
 libm.a(*)
 libgcc.a(*)

.ARM.attributes
                0x00000000       0x30
 *(.ARM.attributes)
 .ARM.attributes
                0x00000000       0x22 C:/ST/STM32CubeIDE_2.0.0/STM32CubeIDE/plugins/com.st.stm32cube.ide.mcu.externaltools.gnu-tools-for-stm32.13.3.rel1.win32_1.0.100.202509120712/tools/bin/../lib/gcc/arm-none-eabi/13.3.1/thumb/v7e-m+fp/hard/crti.o
 .ARM.attributes
                0x00000022       0x34 C:/ST/STM32CubeIDE_2.0.0/STM32CubeIDE/plugins/com.st.stm32cube.ide.mcu.externaltools.gnu-tools-for-stm32.13.3.rel1.win32_1.0.100.202509120712/tools/bin/../lib/gcc/arm-none-eabi/13.3.1/thumb/v7e-m+fp/hard/crtbegin.o
 .ARM.attributes
                0x00000056       0x34 ./BSP/Sensors/Src/ad7124.o
 .ARM.attributes
                0x0000008a       0x34 ./BSP/Sensors/Src/ad7124_regs.o
 .ARM.attributes
                0x000000be       0x34 ./BSP/Sensors/Src/ad7124_sensor.o
 .ARM.attributes
                0x000000f2       0x34 ./BSP/Sensors/Src/fdc2214.o
 .ARM.attributes
                0x00000126       0x34 ./BSP/Sensors/Src/max31856.o
 .ARM.attributes
                0x0000015a       0x34 ./BSP/Src/uart_handler.o
 .ARM.attributes
                0x0000018e       0x34 ./Core/Src/gpio.o
 .ARM.attributes
                0x000001c2       0x34 ./Core/Src/i2c.o
 .ARM.attributes
                0x000001f6       0x34 ./Core/Src/main.o
 .ARM.attributes
                0x0000022a       0x34 ./Core/Src/spi.o
 .ARM.attributes
                0x0000025e       0x34 ./Core/Src/stm32l4xx_hal_msp.o
 .ARM.attributes
                0x00000292       0x34 ./Core/Src/stm32l4xx_it.o
 .ARM.attributes
                0x000002c6       0x34 ./Core/Src/syscalls.o
 .ARM.attributes
                0x000002fa       0x34 ./Core/Src/sysmem.o
 .ARM.attributes
                0x0000032e       0x34 ./Core/Src/system_stm32l4xx.o
 .ARM.attributes
                0x00000362       0x34 ./Core/Src/usart.o
 .ARM.attributes
                0x00000396       0x21 ./Core/Startup/startup_stm32l4a6vgtx.o
 .ARM.attributes
                0x000003b7       0x34 ./Drivers/STM32L4xx_HAL_Driver/Src/stm32l4xx_hal.o
 .ARM.attributes
                0x000003eb       0x34 ./Drivers/STM32L4xx_HAL_Driver/Src/stm32l4xx_hal_cortex.o
 .ARM.attributes
                0x0000041f       0x34 ./Drivers/STM32L4xx_HAL_Driver/Src/stm32l4xx_hal_gpio.o
 .ARM.attributes
                0x00000453       0x34 ./Drivers/STM32L4xx_HAL_Driver/Src/stm32l4xx_hal_i2c.o
 .ARM.attributes
                0x00000487       0x34 ./Drivers/STM32L4xx_HAL_Driver/Src/stm32l4xx_hal_i2c_ex.o
 .ARM.attributes
                0x000004bb       0x34 ./Drivers/STM32L4xx_HAL_Driver/Src/stm32l4xx_hal_pwr_ex.o
 .ARM.attributes
                0x000004ef       0x34 ./Drivers/STM32L4xx_HAL_Driver/Src/stm32l4xx_hal_rcc.o
 .ARM.attributes
                0x00000523       0x34 ./Drivers/STM32L4xx_HAL_Driver/Src/stm32l4xx_hal_rcc_ex.o
 .ARM.attributes
                0x00000557       0x34 ./Drivers/STM32L4xx_HAL_Driver/Src/stm32l4xx_hal_spi.o
 .ARM.attributes
                0x0000058b       0x34 ./Drivers/STM32L4xx_HAL_Driver/Src/stm32l4xx_hal_uart.o
 .ARM.attributes
                0x000005bf       0x34 C:/ST/STM32CubeIDE_2.0.0/STM32CubeIDE/plugins/com.st.stm32cube.ide.mcu.externaltools.gnu-tools-for-stm32.13.3.rel1.win32_1.0.100.202509120712/tools/bin/../lib/gcc/arm-none-eabi/13.3.1/../../../../arm-none-eabi/lib/thumb/v7e-m+fp/hard\libc_nano.a(libc_a-findfp.o)
 .ARM.attributes
                0x000005f3       0x34 C:/ST/STM32CubeIDE_2.0.0/STM32CubeIDE/plugins/com.st.stm32cube.ide.mcu.externaltools.gnu-tools-for-stm32.13.3.rel1.win32_1.0.100.202509120712/tools/bin/../lib/gcc/arm-none-eabi/13.3.1/../../../../arm-none-eabi/lib/thumb/v7e-m+fp/hard\libc_nano.a(libc_a-fwalk.o)
 .ARM.attributes
                0x00000627       0x34 C:/ST/STM32CubeIDE_2.0.0/STM32CubeIDE/plugins/com.st.stm32cube.ide.mcu.externaltools.gnu-tools-for-stm32.13.3.rel1.win32_1.0.100.202509120712/tools/bin/../lib/gcc/arm-none-eabi/13.3.1/../../../../arm-none-eabi/lib/thumb/v7e-m+fp/hard\libc_nano.a(libc_a-printf.o)
 .ARM.attributes
                0x0000065b       0x34 C:/ST/STM32CubeIDE_2.0.0/STM32CubeIDE/plugins/com.st.stm32cube.ide.mcu.externaltools.gnu-tools-for-stm32.13.3.rel1.win32_1.0.100.202509120712/tools/bin/../lib/gcc/arm-none-eabi/13.3.1/../../../../arm-none-eabi/lib/thumb/v7e-m+fp/hard\libc_nano.a(libc_a-sprintf.o)
 .ARM.attributes
                0x0000068f       0x34 C:/ST/STM32CubeIDE_2.0.0/STM32CubeIDE/plugins/com.st.stm32cube.ide.mcu.externaltools.gnu-tools-for-stm32.13.3.rel1.win32_1.0.100.202509120712/tools/bin/../lib/gcc/arm-none-eabi/13.3.1/../../../../arm-none-eabi/lib/thumb/v7e-m+fp/hard\libc_nano.a(libc_a-stdio.o)
 .ARM.attributes
                0x000006c3       0x34 C:/ST/STM32CubeIDE_2.0.0/STM32CubeIDE/plugins/com.st.stm32cube.ide.mcu.externaltools.gnu-tools-for-stm32.13.3.rel1.win32_1.0.100.202509120712/tools/bin/../lib/gcc/arm-none-eabi/13.3.1/../../../../arm-none-eabi/lib/thumb/v7e-m+fp/hard\libc_nano.a(libc_a-vsnprintf.o)
 .ARM.attributes
                0x000006f7       0x34 C:/ST/STM32CubeIDE_2.0.0/STM32CubeIDE/plugins/com.st.stm32cube.ide.mcu.externaltools.gnu-tools-for-stm32.13.3.rel1.win32_1.0.100.202509120712/tools/bin/../lib/gcc/arm-none-eabi/13.3.1/../../../../arm-none-eabi/lib/thumb/v7e-m+fp/hard\libc_nano.a(libc_a-memset.o)
 .ARM.attributes
                0x0000072b       0x34 C:/ST/STM32CubeIDE_2.0.0/STM32CubeIDE/plugins/com.st.stm32cube.ide.mcu.externaltools.gnu-tools-for-stm32.13.3.rel1.win32_1.0.100.202509120712/tools/bin/../lib/gcc/arm-none-eabi/13.3.1/../../../../arm-none-eabi/lib/thumb/v7e-m+fp/hard\libc_nano.a(libc_a-closer.o)
 .ARM.attributes
                0x0000075f       0x34 C:/ST/STM32CubeIDE_2.0.0/STM32CubeIDE/plugins/com.st.stm32cube.ide.mcu.externaltools.gnu-tools-for-stm32.13.3.rel1.win32_1.0.100.202509120712/tools/bin/../lib/gcc/arm-none-eabi/13.3.1/../../../../arm-none-eabi/lib/thumb/v7e-m+fp/hard\libc_nano.a(libc_a-reent.o)
 .ARM.attributes
                0x00000793       0x34 C:/ST/STM32CubeIDE_2.0.0/STM32CubeIDE/plugins/com.st.stm32cube.ide.mcu.externaltools.gnu-tools-for-stm32.13.3.rel1.win32_1.0.100.202509120712/tools/bin/../lib/gcc/arm-none-eabi/13.3.1/../../../../arm-none-eabi/lib/thumb/v7e-m+fp/hard\libc_nano.a(libc_a-impure.o)
 .ARM.attributes
                0x000007c7       0x34 C:/ST/STM32CubeIDE_2.0.0/STM32CubeIDE/plugins/com.st.stm32cube.ide.mcu.externaltools.gnu-tools-for-stm32.13.3.rel1.win32_1.0.100.202509120712/tools/bin/../lib/gcc/arm-none-eabi/13.3.1/../../../../arm-none-eabi/lib/thumb/v7e-m+fp/hard\libc_nano.a(libc_a-lseekr.o)
 .ARM.attributes
                0x000007fb       0x34 C:/ST/STM32CubeIDE_2.0.0/STM32CubeIDE/plugins/com.st.stm32cube.ide.mcu.externaltools.gnu-tools-for-stm32.13.3.rel1.win32_1.0.100.202509120712/tools/bin/../lib/gcc/arm-none-eabi/13.3.1/../../../../arm-none-eabi/lib/thumb/v7e-m+fp/hard\libc_nano.a(libc_a-readr.o)
 .ARM.attributes
                0x0000082f       0x34 C:/ST/STM32CubeIDE_2.0.0/STM32CubeIDE/plugins/com.st.stm32cube.ide.mcu.externaltools.gnu-tools-for-stm32.13.3.rel1.win32_1.0.100.202509120712/tools/bin/../lib/gcc/arm-none-eabi/13.3.1/../../../../arm-none-eabi/lib/thumb/v7e-m+fp/hard\libc_nano.a(libc_a-writer.o)
 .ARM.attributes
                0x00000863       0x34 C:/ST/STM32CubeIDE_2.0.0/STM32CubeIDE/plugins/com.st.stm32cube.ide.mcu.externaltools.gnu-tools-for-stm32.13.3.rel1.win32_1.0.100.202509120712/tools/bin/../lib/gcc/arm-none-eabi/13.3.1/../../../../arm-none-eabi/lib/thumb/v7e-m+fp/hard\libc_nano.a(libc_a-errno.o)
 .ARM.attributes
                0x00000897       0x34 C:/ST/STM32CubeIDE_2.0.0/STM32CubeIDE/plugins/com.st.stm32cube.ide.mcu.externaltools.gnu-tools-for-stm32.13.3.rel1.win32_1.0.100.202509120712/tools/bin/../lib/gcc/arm-none-eabi/13.3.1/../../../../arm-none-eabi/lib/thumb/v7e-m+fp/hard\libc_nano.a(libc_a-init.o)
 .ARM.attributes
                0x000008cb       0x34 C:/ST/STM32CubeIDE_2.0.0/STM32CubeIDE/plugins/com.st.stm32cube.ide.mcu.externaltools.gnu-tools-for-stm32.13.3.rel1.win32_1.0.100.202509120712/tools/bin/../lib/gcc/arm-none-eabi/13.3.1/../../../../arm-none-eabi/lib/thumb/v7e-m+fp/hard\libc_nano.a(libc_a-lock.o)
 .ARM.attributes
                0x000008ff       0x34 C:/ST/STM32CubeIDE_2.0.0/STM32CubeIDE/plugins/com.st.stm32cube.ide.mcu.externaltools.gnu-tools-for-stm32.13.3.rel1.win32_1.0.100.202509120712/tools/bin/../lib/gcc/arm-none-eabi/13.3.1/../../../../arm-none-eabi/lib/thumb/v7e-m+fp/hard\libc_nano.a(libc_a-freer.o)
 .ARM.attributes
                0x00000933       0x34 C:/ST/STM32CubeIDE_2.0.0/STM32CubeIDE/plugins/com.st.stm32cube.ide.mcu.externaltools.gnu-tools-for-stm32.13.3.rel1.win32_1.0.100.202509120712/tools/bin/../lib/gcc/arm-none-eabi/13.3.1/../../../../arm-none-eabi/lib/thumb/v7e-m+fp/hard\libc_nano.a(libc_a-mallocr.o)
 .ARM.attributes
                0x00000967       0x34 C:/ST/STM32CubeIDE_2.0.0/STM32CubeIDE/plugins/com.st.stm32cube.ide.mcu.externaltools.gnu-tools-for-stm32.13.3.rel1.win32_1.0.100.202509120712/tools/bin/../lib/gcc/arm-none-eabi/13.3.1/../../../../arm-none-eabi/lib/thumb/v7e-m+fp/hard\libc_nano.a(libc_a-mlock.o)
 .ARM.attributes
                0x0000099b       0x34 C:/ST/STM32CubeIDE_2.0.0/STM32CubeIDE/plugins/com.st.stm32cube.ide.mcu.externaltools.gnu-tools-for-stm32.13.3.rel1.win32_1.0.100.202509120712/tools/bin/../lib/gcc/arm-none-eabi/13.3.1/../../../../arm-none-eabi/lib/thumb/v7e-m+fp/hard\libc_nano.a(libc_a-nano-svfprintf.o)
 .ARM.attributes
                0x000009cf       0x34 C:/ST/STM32CubeIDE_2.0.0/STM32CubeIDE/plugins/com.st.stm32cube.ide.mcu.externaltools.gnu-tools-for-stm32.13.3.rel1.win32_1.0.100.202509120712/tools/bin/../lib/gcc/arm-none-eabi/13.3.1/../../../../arm-none-eabi/lib/thumb/v7e-m+fp/hard\libc_nano.a(libc_a-nano-vfprintf.o)
 .ARM.attributes
                0x00000a03       0x34 C:/ST/STM32CubeIDE_2.0.0/STM32CubeIDE/plugins/com.st.stm32cube.ide.mcu.externaltools.gnu-tools-for-stm32.13.3.rel1.win32_1.0.100.202509120712/tools/bin/../lib/gcc/arm-none-eabi/13.3.1/../../../../arm-none-eabi/lib/thumb/v7e-m+fp/hard\libc_nano.a(libc_a-nano-vfprintf_i.o)
 .ARM.attributes
                0x00000a37       0x34 C:/ST/STM32CubeIDE_2.0.0/STM32CubeIDE/plugins/com.st.stm32cube.ide.mcu.externaltools.gnu-tools-for-stm32.13.3.rel1.win32_1.0.100.202509120712/tools/bin/../lib/gcc/arm-none-eabi/13.3.1/../../../../arm-none-eabi/lib/thumb/v7e-m+fp/hard\libc_nano.a(libc_a-fflush.o)
 .ARM.attributes
                0x00000a6b       0x34 C:/ST/STM32CubeIDE_2.0.0/STM32CubeIDE/plugins/com.st.stm32cube.ide.mcu.externaltools.gnu-tools-for-stm32.13.3.rel1.win32_1.0.100.202509120712/tools/bin/../lib/gcc/arm-none-eabi/13.3.1/../../../../arm-none-eabi/lib/thumb/v7e-m+fp/hard\libc_nano.a(libc_a-wbuf.o)
 .ARM.attributes
                0x00000a9f       0x34 C:/ST/STM32CubeIDE_2.0.0/STM32CubeIDE/plugins/com.st.stm32cube.ide.mcu.externaltools.gnu-tools-for-stm32.13.3.rel1.win32_1.0.100.202509120712/tools/bin/../lib/gcc/arm-none-eabi/13.3.1/../../../../arm-none-eabi/lib/thumb/v7e-m+fp/hard\libc_nano.a(libc_a-wsetup.o)
 .ARM.attributes
                0x00000ad3       0x34 C:/ST/STM32CubeIDE_2.0.0/STM32CubeIDE/plugins/com.st.stm32cube.ide.mcu.externaltools.gnu-tools-for-stm32.13.3.rel1.win32_1.0.100.202509120712/tools/bin/../lib/gcc/arm-none-eabi/13.3.1/../../../../arm-none-eabi/lib/thumb/v7e-m+fp/hard\libc_nano.a(libc_a-memmove.o)
 .ARM.attributes
                0x00000b07       0x34 C:/ST/STM32CubeIDE_2.0.0/STM32CubeIDE/plugins/com.st.stm32cube.ide.mcu.externaltools.gnu-tools-for-stm32.13.3.rel1.win32_1.0.100.202509120712/tools/bin/../lib/gcc/arm-none-eabi/13.3.1/../../../../arm-none-eabi/lib/thumb/v7e-m+fp/hard\libc_nano.a(libc_a-sbrkr.o)
 .ARM.attributes
                0x00000b3b       0x1c C:/ST/STM32CubeIDE_2.0.0/STM32CubeIDE/plugins/com.st.stm32cube.ide.mcu.externaltools.gnu-tools-for-stm32.13.3.rel1.win32_1.0.100.202509120712/tools/bin/../lib/gcc/arm-none-eabi/13.3.1/../../../../arm-none-eabi/lib/thumb/v7e-m+fp/hard\libc_nano.a(libc_a-memchr.o)
 .ARM.attributes
                0x00000b57       0x34 C:/ST/STM32CubeIDE_2.0.0/STM32CubeIDE/plugins/com.st.stm32cube.ide.mcu.externaltools.gnu-tools-for-stm32.13.3.rel1.win32_1.0.100.202509120712/tools/bin/../lib/gcc/arm-none-eabi/13.3.1/../../../../arm-none-eabi/lib/thumb/v7e-m+fp/hard\libc_nano.a(libc_a-memcpy-stub.o)
 .ARM.attributes
                0x00000b8b       0x34 C:/ST/STM32CubeIDE_2.0.0/STM32CubeIDE/plugins/com.st.stm32cube.ide.mcu.externaltools.gnu-tools-for-stm32.13.3.rel1.win32_1.0.100.202509120712/tools/bin/../lib/gcc/arm-none-eabi/13.3.1/../../../../arm-none-eabi/lib/thumb/v7e-m+fp/hard\libc_nano.a(libc_a-reallocr.o)
 .ARM.attributes
                0x00000bbf       0x34 C:/ST/STM32CubeIDE_2.0.0/STM32CubeIDE/plugins/com.st.stm32cube.ide.mcu.externaltools.gnu-tools-for-stm32.13.3.rel1.win32_1.0.100.202509120712/tools/bin/../lib/gcc/arm-none-eabi/13.3.1/../../../../arm-none-eabi/lib/thumb/v7e-m+fp/hard\libc_nano.a(libc_a-makebuf.o)
 .ARM.attributes
                0x00000bf3       0x34 C:/ST/STM32CubeIDE_2.0.0/STM32CubeIDE/plugins/com.st.stm32cube.ide.mcu.externaltools.gnu-tools-for-stm32.13.3.rel1.win32_1.0.100.202509120712/tools/bin/../lib/gcc/arm-none-eabi/13.3.1/../../../../arm-none-eabi/lib/thumb/v7e-m+fp/hard\libc_nano.a(libc_a-fstatr.o)
 .ARM.attributes
                0x00000c27       0x34 C:/ST/STM32CubeIDE_2.0.0/STM32CubeIDE/plugins/com.st.stm32cube.ide.mcu.externaltools.gnu-tools-for-stm32.13.3.rel1.win32_1.0.100.202509120712/tools/bin/../lib/gcc/arm-none-eabi/13.3.1/../../../../arm-none-eabi/lib/thumb/v7e-m+fp/hard\libc_nano.a(libc_a-isattyr.o)
 .ARM.attributes
                0x00000c5b       0x34 C:/ST/STM32CubeIDE_2.0.0/STM32CubeIDE/plugins/com.st.stm32cube.ide.mcu.externaltools.gnu-tools-for-stm32.13.3.rel1.win32_1.0.100.202509120712/tools/bin/../lib/gcc/arm-none-eabi/13.3.1/../../../../arm-none-eabi/lib/thumb/v7e-m+fp/hard\libc_nano.a(libc_a-msizer.o)
 .ARM.attributes
                0x00000c8f       0x22 C:/ST/STM32CubeIDE_2.0.0/STM32CubeIDE/plugins/com.st.stm32cube.ide.mcu.externaltools.gnu-tools-for-stm32.13.3.rel1.win32_1.0.100.202509120712/tools/bin/../lib/gcc/arm-none-eabi/13.3.1/thumb/v7e-m+fp/hard\libgcc.a(_arm_addsubdf3.o)
 .ARM.attributes
                0x00000cb1       0x22 C:/ST/STM32CubeIDE_2.0.0/STM32CubeIDE/plugins/com.st.stm32cube.ide.mcu.externaltools.gnu-tools-for-stm32.13.3.rel1.win32_1.0.100.202509120712/tools/bin/../lib/gcc/arm-none-eabi/13.3.1/thumb/v7e-m+fp/hard\libgcc.a(_arm_muldivdf3.o)
 .ARM.attributes
                0x00000cd3       0x22 C:/ST/STM32CubeIDE_2.0.0/STM32CubeIDE/plugins/com.st.stm32cube.ide.mcu.externaltools.gnu-tools-for-stm32.13.3.rel1.win32_1.0.100.202509120712/tools/bin/../lib/gcc/arm-none-eabi/13.3.1/thumb/v7e-m+fp/hard\libgcc.a(_arm_truncdfsf2.o)
 .ARM.attributes
                0x00000cf5       0x22 C:/ST/STM32CubeIDE_2.0.0/STM32CubeIDE/plugins/com.st.stm32cube.ide.mcu.externaltools.gnu-tools-for-stm32.13.3.rel1.win32_1.0.100.202509120712/tools/bin/../lib/gcc/arm-none-eabi/13.3.1/thumb/v7e-m+fp/hard\libgcc.a(_aeabi_uldivmod.o)
 .ARM.attributes
                0x00000d17       0x34 C:/ST/STM32CubeIDE_2.0.0/STM32CubeIDE/plugins/com.st.stm32cube.ide.mcu.externaltools.gnu-tools-for-stm32.13.3.rel1.win32_1.0.100.202509120712/tools/bin/../lib/gcc/arm-none-eabi/13.3.1/thumb/v7e-m+fp/hard\libgcc.a(_udivmoddi4.o)
 .ARM.attributes
                0x00000d4b       0x22 C:/ST/STM32CubeIDE_2.0.0/STM32CubeIDE/plugins/com.st.stm32cube.ide.mcu.externaltools.gnu-tools-for-stm32.13.3.rel1.win32_1.0.100.202509120712/tools/bin/../lib/gcc/arm-none-eabi/13.3.1/thumb/v7e-m+fp/hard\libgcc.a(_dvmd_tls.o)
 .ARM.attributes
                0x00000d6d       0x22 C:/ST/STM32CubeIDE_2.0.0/STM32CubeIDE/plugins/com.st.stm32cube.ide.mcu.externaltools.gnu-tools-for-stm32.13.3.rel1.win32_1.0.100.202509120712/tools/bin/../lib/gcc/arm-none-eabi/13.3.1/thumb/v7e-m+fp/hard/crtn.o
OUTPUT(PIB_SOFTWARE.elf elf32-littlearm)
LOAD linker stubs
LOAD C:/ST/STM32CubeIDE_2.0.0/STM32CubeIDE/plugins/com.st.stm32cube.ide.mcu.externaltools.gnu-tools-for-stm32.13.3.rel1.win32_1.0.100.202509120712/tools/bin/../lib/gcc/arm-none-eabi/13.3.1/../../../../arm-none-eabi/lib/thumb/v7e-m+fp/hard\libc.a
LOAD C:/ST/STM32CubeIDE_2.0.0/STM32CubeIDE/plugins/com.st.stm32cube.ide.mcu.externaltools.gnu-tools-for-stm32.13.3.rel1.win32_1.0.100.202509120712/tools/bin/../lib/gcc/arm-none-eabi/13.3.1/../../../../arm-none-eabi/lib/thumb/v7e-m+fp/hard\libm.a
LOAD C:/ST/STM32CubeIDE_2.0.0/STM32CubeIDE/plugins/com.st.stm32cube.ide.mcu.externaltools.gnu-tools-for-stm32.13.3.rel1.win32_1.0.100.202509120712/tools/bin/../lib/gcc/arm-none-eabi/13.3.1/thumb/v7e-m+fp/hard\libgcc.a

.debug_info     0x00000000    0x1649b
 .debug_info    0x00000000     0x19eb ./BSP/Sensors/Src/ad7124.o
 .debug_info    0x000019eb      0x2ad ./BSP/Sensors/Src/ad7124_regs.o
 .debug_info    0x00001c98      0xb54 ./BSP/Sensors/Src/ad7124_sensor.o
 .debug_info    0x000027ec      0x868 ./BSP/Sensors/Src/fdc2214.o
 .debug_info    0x00003054      0xed1 ./BSP/Sensors/Src/max31856.o
 .debug_info    0x00003f25      0x7ea ./BSP/Src/uart_handler.o
 .debug_info    0x0000470f      0x502 ./Core/Src/gpio.o
 .debug_info    0x00004c11      0xcfb ./Core/Src/i2c.o
 .debug_info    0x0000590c     0x1d06 ./Core/Src/main.o
 .debug_info    0x00007612      0xa18 ./Core/Src/spi.o
 .debug_info    0x0000802a      0x319 ./Core/Src/stm32l4xx_hal_msp.o
 .debug_info    0x00008343      0x157 ./Core/Src/stm32l4xx_it.o
 .debug_info    0x0000849a      0x6a3 ./Core/Src/syscalls.o
 .debug_info    0x00008b3d      0x168 ./Core/Src/sysmem.o
 .debug_info    0x00008ca5      0x5fe ./Core/Src/system_stm32l4xx.o
 .debug_info    0x000092a3      0xd84 ./Core/Src/usart.o
 .debug_info    0x0000a027       0x30 ./Core/Startup/startup_stm32l4a6vgtx.o
 .debug_info    0x0000a057      0xb93 ./Drivers/STM32L4xx_HAL_Driver/Src/stm32l4xx_hal.o
 .debug_info    0x0000abea      0xde9 ./Drivers/STM32L4xx_HAL_Driver/Src/stm32l4xx_hal_cortex.o
 .debug_info    0x0000b9d3      0x7b7 ./Drivers/STM32L4xx_HAL_Driver/Src/stm32l4xx_hal_gpio.o
 .debug_info    0x0000c18a     0x20fc ./Drivers/STM32L4xx_HAL_Driver/Src/stm32l4xx_hal_i2c.o
 .debug_info    0x0000e286      0x9c3 ./Drivers/STM32L4xx_HAL_Driver/Src/stm32l4xx_hal_i2c_ex.o
 .debug_info    0x0000ec49      0x9c2 ./Drivers/STM32L4xx_HAL_Driver/Src/stm32l4xx_hal_pwr_ex.o
 .debug_info    0x0000f60b      0xc6c ./Drivers/STM32L4xx_HAL_Driver/Src/stm32l4xx_hal_rcc.o
 .debug_info    0x00010277     0x1108 ./Drivers/STM32L4xx_HAL_Driver/Src/stm32l4xx_hal_rcc_ex.o
 .debug_info    0x0001137f     0x1572 ./Drivers/STM32L4xx_HAL_Driver/Src/stm32l4xx_hal_spi.o
 .debug_info    0x000128f1     0x3baa ./Drivers/STM32L4xx_HAL_Driver/Src/stm32l4xx_hal_uart.o

.debug_abbrev   0x00000000     0x3476
 .debug_abbrev  0x00000000      0x2b9 ./BSP/Sensors/Src/ad7124.o
 .debug_abbrev  0x000002b9       0xd6 ./BSP/Sensors/Src/ad7124_regs.o
 .debug_abbrev  0x0000038f      0x1d3 ./BSP/Sensors/Src/ad7124_sensor.o
 .debug_abbrev  0x00000562      0x222 ./BSP/Sensors/Src/fdc2214.o
 .debug_abbrev  0x00000784      0x225 ./BSP/Sensors/Src/max31856.o
 .debug_abbrev  0x000009a9      0x1de ./BSP/Src/uart_handler.o
 .debug_abbrev  0x00000b87      0x158 ./Core/Src/gpio.o
 .debug_abbrev  0x00000cdf      0x218 ./Core/Src/i2c.o
 .debug_abbrev  0x00000ef7      0x3e5 ./Core/Src/main.o
 .debug_abbrev  0x000012dc      0x1fe ./Core/Src/spi.o
 .debug_abbrev  0x000014da       0xdd ./Core/Src/stm32l4xx_hal_msp.o
 .debug_abbrev  0x000015b7       0xac ./Core/Src/stm32l4xx_it.o
 .debug_abbrev  0x00001663      0x1b6 ./Core/Src/syscalls.o
 .debug_abbrev  0x00001819       0xbc ./Core/Src/sysmem.o
 .debug_abbrev  0x000018d5      0x117 ./Core/Src/system_stm32l4xx.o
 .debug_abbrev  0x000019ec      0x1fa ./Core/Src/usart.o
 .debug_abbrev  0x00001be6       0x24 ./Core/Startup/startup_stm32l4a6vgtx.o
 .debug_abbrev  0x00001c0a      0x243 ./Drivers/STM32L4xx_HAL_Driver/Src/stm32l4xx_hal.o
 .debug_abbrev  0x00001e4d      0x31c ./Drivers/STM32L4xx_HAL_Driver/Src/stm32l4xx_hal_cortex.o
 .debug_abbrev  0x00002169      0x1d1 ./Drivers/STM32L4xx_HAL_Driver/Src/stm32l4xx_hal_gpio.o
 .debug_abbrev  0x0000233a      0x285 ./Drivers/STM32L4xx_HAL_Driver/Src/stm32l4xx_hal_i2c.o
 .debug_abbrev  0x000025bf      0x1cb ./Drivers/STM32L4xx_HAL_Driver/Src/stm32l4xx_hal_i2c_ex.o
 .debug_abbrev  0x0000278a      0x1f9 ./Drivers/STM32L4xx_HAL_Driver/Src/stm32l4xx_hal_pwr_ex.o
 .debug_abbrev  0x00002983      0x2dc ./Drivers/STM32L4xx_HAL_Driver/Src/stm32l4xx_hal_rcc.o
 .debug_abbrev  0x00002c5f      0x2a2 ./Drivers/STM32L4xx_HAL_Driver/Src/stm32l4xx_hal_rcc_ex.o
 .debug_abbrev  0x00002f01      0x282 ./Drivers/STM32L4xx_HAL_Driver/Src/stm32l4xx_hal_spi.o
 .debug_abbrev  0x00003183      0x2f3 ./Drivers/STM32L4xx_HAL_Driver/Src/stm32l4xx_hal_uart.o

.debug_aranges  0x00000000     0x1178
 .debug_aranges
                0x00000000      0x118 ./BSP/Sensors/Src/ad7124.o
 .debug_aranges
                0x00000118       0x18 ./BSP/Sensors/Src/ad7124_regs.o
 .debug_aranges
                0x00000130       0x20 ./BSP/Sensors/Src/ad7124_sensor.o
 .debug_aranges
                0x00000150       0x48 ./BSP/Sensors/Src/fdc2214.o
 .debug_aranges
                0x00000198       0xa0 ./BSP/Sensors/Src/max31856.o
 .debug_aranges
                0x00000238       0x28 ./BSP/Src/uart_handler.o
 .debug_aranges
                0x00000260       0x20 ./Core/Src/gpio.o
 .debug_aranges
                0x00000280       0x30 ./Core/Src/i2c.o
 .debug_aranges
                0x000002b0       0x40 ./Core/Src/main.o
 .debug_aranges
                0x000002f0       0x38 ./Core/Src/spi.o
 .debug_aranges
                0x00000328       0x20 ./Core/Src/stm32l4xx_hal_msp.o
 .debug_aranges
                0x00000348       0x60 ./Core/Src/stm32l4xx_it.o
 .debug_aranges
                0x000003a8       0xa8 ./Core/Src/syscalls.o
 .debug_aranges
                0x00000450       0x20 ./Core/Src/sysmem.o
 .debug_aranges
                0x00000470       0x28 ./Core/Src/system_stm32l4xx.o
 .debug_aranges
                0x00000498       0x38 ./Core/Src/usart.o
 .debug_aranges
                0x000004d0       0x28 ./Core/Startup/startup_stm32l4a6vgtx.o
 .debug_aranges
                0x000004f8      0x130 ./Drivers/STM32L4xx_HAL_Driver/Src/stm32l4xx_hal.o
 .debug_aranges
                0x00000628      0x128 ./Drivers/STM32L4xx_HAL_Driver/Src/stm32l4xx_hal_cortex.o
 .debug_aranges
                0x00000750       0x58 ./Drivers/STM32L4xx_HAL_Driver/Src/stm32l4xx_hal_gpio.o
 .debug_aranges
                0x000007a8      0x2a0 ./Drivers/STM32L4xx_HAL_Driver/Src/stm32l4xx_hal_i2c.o
 .debug_aranges
                0x00000a48       0x48 ./Drivers/STM32L4xx_HAL_Driver/Src/stm32l4xx_hal_i2c_ex.o
 .debug_aranges
                0x00000a90      0x150 ./Drivers/STM32L4xx_HAL_Driver/Src/stm32l4xx_hal_pwr_ex.o
 .debug_aranges
                0x00000be0       0x90 ./Drivers/STM32L4xx_HAL_Driver/Src/stm32l4xx_hal_rcc.o
 .debug_aranges
                0x00000c70      0x108 ./Drivers/STM32L4xx_HAL_Driver/Src/stm32l4xx_hal_rcc_ex.o
 .debug_aranges
                0x00000d78      0x1d8 ./Drivers/STM32L4xx_HAL_Driver/Src/stm32l4xx_hal_spi.o
 .debug_aranges
                0x00000f50      0x228 ./Drivers/STM32L4xx_HAL_Driver/Src/stm32l4xx_hal_uart.o

.debug_rnglists
                0x00000000      0xd4d
 .debug_rnglists
                0x00000000       0xd7 ./BSP/Sensors/Src/ad7124.o
 .debug_rnglists
                0x000000d7       0x14 ./BSP/Sensors/Src/ad7124_sensor.o