Archive member included to satisfy reference by file (symbol)

C:/ST/STM32CubeIDE_2.1.1/STM32CubeIDE/plugins/com.st.stm32cube.ide.mcu.externaltools.gnu-tools-for-stm32.14.3.rel1.win32_1.0.100.202602081740/tools/bin/../lib/gcc/arm-none-eabi/14.3.1/../../../../arm-none-eabi/lib/thumb/v7e-m+fp/hard\libc_nano.a(libc_a-calloc.o)
                              ./BSP/Src/spi_support.o (calloc)
C:/ST/STM32CubeIDE_2.1.1/STM32CubeIDE/plugins/com.st.stm32cube.ide.mcu.externaltools.gnu-tools-for-stm32.14.3.rel1.win32_1.0.100.202602081740/tools/bin/../lib/gcc/arm-none-eabi/14.3.1/../../../../arm-none-eabi/lib/thumb/v7e-m+fp/hard\libc_nano.a(libc_a-callocr.o)
                              C:/ST/STM32CubeIDE_2.1.1/STM32CubeIDE/plugins/com.st.stm32cube.ide.mcu.externaltools.gnu-tools-for-stm32.14.3.rel1.win32_1.0.100.202602081740/tools/bin/../lib/gcc/arm-none-eabi/14.3.1/../../../../arm-none-eabi/lib/thumb/v7e-m+fp/hard\libc_nano.a(libc_a-calloc.o) (_calloc_r)
C:/ST/STM32CubeIDE_2.1.1/STM32CubeIDE/plugins/com.st.stm32cube.ide.mcu.externaltools.gnu-tools-for-stm32.14.3.rel1.win32_1.0.100.202602081740/tools/bin/../lib/gcc/arm-none-eabi/14.3.1/../../../../arm-none-eabi/lib/thumb/v7e-m+fp/hard\libc_nano.a(libc_a-exit.o)
                              C:/ST/STM32CubeIDE_2.1.1/STM32CubeIDE/plugins/com.st.stm32cube.ide.mcu.externaltools.gnu-tools-for-stm32.14.3.rel1.win32_1.0.100.202602081740/tools/bin/../lib/gcc/arm-none-eabi/14.3.1/../../../../arm-none-eabi/lib/thumb/v7e-m+fp/hard/crt0.o (exit)
C:/ST/STM32CubeIDE_2.1.1/STM32CubeIDE/plugins/com.st.stm32cube.ide.mcu.externaltools.gnu-tools-for-stm32.14.3.rel1.win32_1.0.100.202602081740/tools/bin/../lib/gcc/arm-none-eabi/14.3.1/../../../../arm-none-eabi/lib/thumb/v7e-m+fp/hard\libc_nano.a(libc_a-malloc.o)
                              ./BSP/Sensors/Src/ad7124.o (malloc)
C:/ST/STM32CubeIDE_2.1.1/STM32CubeIDE/plugins/com.st.stm32cube.ide.mcu.externaltools.gnu-tools-for-stm32.14.3.rel1.win32_1.0.100.202602081740/tools/bin/../lib/gcc/arm-none-eabi/14.3.1/../../../../arm-none-eabi/lib/thumb/v7e-m+fp/hard\libc_nano.a(libc_a-mallocr.o)
                              C:/ST/STM32CubeIDE_2.1.1/STM32CubeIDE/plugins/com.st.stm32cube.ide.mcu.externaltools.gnu-tools-for-stm32.14.3.rel1.win32_1.0.100.202602081740/tools/bin/../lib/gcc/arm-none-eabi/14.3.1/../../../../arm-none-eabi/lib/thumb/v7e-m+fp/hard\libc_nano.a(libc_a-callocr.o) (_malloc_r)
C:/ST/STM32CubeIDE_2.1.1/STM32CubeIDE/plugins/com.st.stm32cube.ide.mcu.externaltools.gnu-tools-for-stm32.14.3.rel1.win32_1.0.100.202602081740/tools/bin/../lib/gcc/arm-none-eabi/14.3.1/../../../../arm-none-eabi/lib/thumb/v7e-m+fp/hard\libc_nano.a(libc_a-mlock.o)
                              C:/ST/STM32CubeIDE_2.1.1/STM32CubeIDE/plugins/com.st.stm32cube.ide.mcu.externaltools.gnu-tools-for-stm32.14.3.rel1.win32_1.0.100.202602081740/tools/bin/../lib/gcc/arm-none-eabi/14.3.1/../../../../arm-none-eabi/lib/thumb/v7e-m+fp/hard\libc_nano.a(libc_a-mallocr.o) (__malloc_lock)
C:/ST/STM32CubeIDE_2.1.1/STM32CubeIDE/plugins/com.st.stm32cube.ide.mcu.externaltools.gnu-tools-for-stm32.14.3.rel1.win32_1.0.100.202602081740/tools/bin/../lib/gcc/arm-none-eabi/14.3.1/../../../../arm-none-eabi/lib/thumb/v7e-m+fp/hard\libc_nano.a(libc_a-nano-vfprintf_float.o)
                              (_printf_float)
C:/ST/STM32CubeIDE_2.1.1/STM32CubeIDE/plugins/com.st.stm32cube.ide.mcu.externaltools.gnu-tools-for-stm32.14.3.rel1.win32_1.0.100.202602081740/tools/bin/../lib/gcc/arm-none-eabi/14.3.1/../../../../arm-none-eabi/lib/thumb/v7e-m+fp/hard\libc_nano.a(libc_a-nano-vfprintf_i.o)
                              C:/ST/STM32CubeIDE_2.1.1/STM32CubeIDE/plugins/com.st.stm32cube.ide.mcu.externaltools.gnu-tools-for-stm32.14.3.rel1.win32_1.0.100.202602081740/tools/bin/../lib/gcc/arm-none-eabi/14.3.1/../../../../arm-none-eabi/lib/thumb/v7e-m+fp/hard\libc_nano.a(libc_a-nano-vfprintf_float.o) (_printf_common)
C:/ST/STM32CubeIDE_2.1.1/STM32CubeIDE/plugins/com.st.stm32cube.ide.mcu.externaltools.gnu-tools-for-stm32.14.3.rel1.win32_1.0.100.202602081740/tools/bin/../lib/gcc/arm-none-eabi/14.3.1/../../../../arm-none-eabi/lib/thumb/v7e-m+fp/hard\libc_nano.a(libc_a-findfp.o)
                              ./Middlewares/Third_Party/FreeRTOS/Source/tasks.o (__sf)
C:/ST/STM32CubeIDE_2.1.1/STM32CubeIDE/plugins/com.st.stm32cube.ide.mcu.externaltools.gnu-tools-for-stm32.14.3.rel1.win32_1.0.100.202602081740/tools/bin/../lib/gcc/arm-none-eabi/14.3.1/../../../../arm-none-eabi/lib/thumb/v7e-m+fp/hard\libc_nano.a(libc_a-fwalk.o)
                              C:/ST/STM32CubeIDE_2.1.1/STM32CubeIDE/plugins/com.st.stm32cube.ide.mcu.externaltools.gnu-tools-for-stm32.14.3.rel1.win32_1.0.100.202602081740/tools/bin/../lib/gcc/arm-none-eabi/14.3.1/../../../../arm-none-eabi/lib/thumb/v7e-m+fp/hard\libc_nano.a(libc_a-findfp.o) (_fwalk_sglue)
[...]
Memory Configuration

Name             Origin             Length             Attributes
RAM              0x20000000         0x00040000         xrw
RAM2             0x10000000         0x00010000         xrw
FLASH            0x08000000         0x00100000         xr
*default*        0x00000000         0xffffffff

Linker script and memory map

LOAD C:/ST/STM32CubeIDE_2.1.1/STM32CubeIDE/plugins/com.st.stm32cube.ide.mcu.externaltools.gnu-tools-for-stm32.14.3.rel1.win32_1.0.100.202602081740/tools/bin/../lib/gcc/arm-none-eabi/14.3.1/thumb/v7e-m+fp/hard/crti.o
LOAD C:/ST/STM32CubeIDE_2.1.1/STM32CubeIDE/plugins/com.st.stm32cube.ide.mcu.externaltools.gnu-tools-for-stm32.14.3.rel1.win32_1.0.100.202602081740/tools/bin/../lib/gcc/arm-none-eabi/14.3.1/thumb/v7e-m+fp/hard/crtbegin.o
LOAD C:/ST/STM32CubeIDE_2.1.1/STM32CubeIDE/plugins/com.st.stm32cube.ide.mcu.externaltools.gnu-tools-for-stm32.14.3.rel1.win32_1.0.100.202602081740/tools/bin/../lib/gcc/arm-none-eabi/14.3.1/../../../../arm-none-eabi/lib/thumb/v7e-m+fp/hard/crt0.o
LOAD ./App/Src/control_task.o
LOAD ./App/Src/pid.o
LOAD ./BSP/Sensors/Src/ad7124.o
LOAD ./BSP/Sensors/Src/ad7124_console_app.o
LOAD ./BSP/Sensors/Src/ad7124_regs.o
LOAD ./BSP/Sensors/Src/ad7124_regs_config_a.o
LOAD ./BSP/Sensors/Src/ad7124_regs_config_b.o
LOAD ./BSP/Sensors/Src/ad7124_support.o
LOAD ./BSP/Sensors/Src/delay.o
LOAD ./BSP/Sensors/Src/driver_ina226.o
LOAD ./BSP/Sensors/Src/fdc2214.o
LOAD ./BSP/Sensors/Src/max31856.o
LOAD ./BSP/Src/iic_driver.o
LOAD ./BSP/Src/platform_support.o
LOAD ./BSP/Src/spi_support.o
LOAD ./BSP/Src/uart_handler.o
LOAD ./Core/Src/freertos.o
LOAD ./Core/Src/fsm.o
LOAD ./Core/Src/gpio.o
LOAD ./Core/Src/i2c.o
LOAD ./Core/Src/main.o
LOAD ./Core/Src/sensors.o
LOAD ./Core/Src/spi.o
LOAD ./Core/Src/stm32l4xx_hal_msp.o
LOAD ./Core/Src/stm32l4xx_hal_timebase_tim.o
LOAD ./Core/Src/stm32l4xx_it.o
LOAD ./Core/Src/syscalls.o
LOAD ./Core/Src/sysmem.o
LOAD ./Core/Src/system_stm32l4xx.o
LOAD ./Core/Src/tim.o
LOAD ./Core/Src/usart.o
LOAD ./Core/Startup/startup_stm32l4a6vgtx.o
LOAD ./Drivers/STM32L4xx_HAL_Driver/Src/stm32l4xx_hal.o
LOAD ./Drivers/STM32L4xx_HAL_Driver/Src/stm32l4xx_hal_cortex.o
LOAD ./Drivers/STM32L4xx_HAL_Driver/Src/stm32l4xx_hal_dma.o
LOAD ./Drivers/STM32L4xx_HAL_Driver/Src/stm32l4xx_hal_dma_ex.o
LOAD ./Drivers/STM32L4xx_HAL_Driver/Src/stm32l4xx_hal_exti.o
LOAD ./Drivers/STM32L4xx_HAL_Driver/Src/stm32l4xx_hal_flash.o
LOAD ./Drivers/STM32L4xx_HAL_Driver/Src/stm32l4xx_hal_flash_ex.o
LOAD ./Drivers/STM32L4xx_HAL_Driver/Src/stm32l4xx_hal_flash_ramfunc.o
LOAD ./Drivers/STM32L4xx_HAL_Driver/Src/stm32l4xx_hal_gpio.o
LOAD ./Drivers/STM32L4xx_HAL_Driver/Src/stm32l4xx_hal_i2c.o
LOAD ./Drivers/STM32L4xx_HAL_Driver/Src/stm32l4xx_hal_i2c_ex.o
LOAD ./Drivers/STM32L4xx_HAL_Driver/Src/stm32l4xx_hal_pwr.o
LOAD ./Drivers/STM32L4xx_HAL_Driver/Src/stm32l4xx_hal_pwr_ex.o
LOAD ./Drivers/STM32L4xx_HAL_Driver/Src/stm32l4xx_hal_rcc.o
LOAD ./Drivers/STM32L4xx_HAL_Driver/Src/stm32l4xx_hal_rcc_ex.o
LOAD ./Drivers/STM32L4xx_HAL_Driver/Src/stm32l4xx_hal_spi.o
LOAD ./Drivers/STM32L4xx_HAL_Driver/Src/stm32l4xx_hal_spi_ex.o
LOAD ./Drivers/STM32L4xx_HAL_Driver/Src/stm32l4xx_hal_tim.o
LOAD ./Drivers/STM32L4xx_HAL_Driver/Src/stm32l4xx_hal_tim_ex.o
LOAD ./Drivers/STM32L4xx_HAL_Driver/Src/stm32l4xx_hal_uart.o
LOAD ./Drivers/STM32L4xx_HAL_Driver/Src/stm32l4xx_hal_uart_ex.o
LOAD ./Middlewares/Third_Party/FreeRTOS/Source/CMSIS_RTOS_V2/cmsis_os2.o
LOAD ./Middlewares/Third_Party/FreeRTOS/Source/croutine.o
LOAD ./Middlewares/Third_Party/FreeRTOS/Source/event_groups.o
LOAD ./Middlewares/Third_Party/FreeRTOS/Source/list.o
LOAD ./Middlewares/Third_Party/FreeRTOS/Source/queue.o
LOAD ./Middlewares/Third_Party/FreeRTOS/Source/stream_buffer.o
LOAD ./Middlewares/Third_Party/FreeRTOS/Source/tasks.o
LOAD ./Middlewares/Third_Party/FreeRTOS/Source/timers.o
LOAD ./Middlewares/Third_Party/FreeRTOS/Source/portable/GCC/ARM_CM4F/port.o
LOAD ./Middlewares/Third_Party/FreeRTOS/Source/portable/MemMang/heap_4.o
START GROUP
LOAD C:/ST/STM32CubeIDE_2.1.1/STM32CubeIDE/plugins/com.st.stm32cube.ide.mcu.externaltools.gnu-tools-for-stm32.14.3.rel1.win32_1.0.100.202602081740/tools/bin/../lib/gcc/arm-none-eabi/14.3.1/../../../../arm-none-eabi/lib/thumb/v7e-m+fp/hard\libc_nano.a
LOAD C:/ST/STM32CubeIDE_2.1.1/STM32CubeIDE/plugins/com.st.stm32cube.ide.mcu.externaltools.gnu-tools-for-stm32.14.3.rel1.win32_1.0.100.202602081740/tools/bin/../lib/gcc/arm-none-eabi/14.3.1/../../../../arm-none-eabi/lib/thumb/v7e-m+fp/hard\libm.a
END GROUP
START GROUP
LOAD C:/ST/STM32CubeIDE_2.1.1/STM32CubeIDE/plugins/com.st.stm32cube.ide.mcu.externaltools.gnu-tools-for-stm32.14.3.rel1.win32_1.0.100.202602081740/tools/bin/../lib/gcc/arm-none-eabi/14.3.1/thumb/v7e-m+fp/hard\libgcc.a
LOAD C:/ST/STM32CubeIDE_2.1.1/STM32CubeIDE/plugins/com.st.stm32cube.ide.mcu.externaltools.gnu-tools-for-stm32.14.3.rel1.win32_1.0.100.202602081740/tools/bin/../lib/gcc/arm-none-eabi/14.3.1/../../../../arm-none-eabi/lib/thumb/v7e-m+fp/hard\libc_nano.a
END GROUP
START GROUP
LOAD C:/ST/STM32CubeIDE_2.1.1/STM32CubeIDE/plugins/com.st.stm32cube.ide.mcu.externaltools.gnu-tools-for-stm32.14.3.rel1.win32_1.0.100.202602081740/tools/bin/../lib/gcc/arm-none-eabi/14.3.1/thumb/v7e-m+fp/hard\libgcc.a
LOAD C:/ST/STM32CubeIDE_2.1.1/STM32CubeIDE/plugins/com.st.stm32cube.ide.mcu.externaltools.gnu-tools-for-stm32.14.3.rel1.win32_1.0.100.202602081740/tools/bin/../lib/gcc/arm-none-eabi/14.3.1/../../../../arm-none-eabi/lib/thumb/v7e-m+fp/hard\libc_nano.a
LOAD C:/ST/STM32CubeIDE_2.1.1/STM32CubeIDE/plugins/com.st.stm32cube.ide.mcu.externaltools.gnu-tools-for-stm32.14.3.rel1.win32_1.0.100.202602081740/tools/bin/../lib/gcc/arm-none-eabi/14.3.1/../../../../arm-none-eabi/lib/thumb/v7e-m+fp/hard\libnosys.a
END GROUP
START GROUP
LOAD C:/ST/STM32CubeIDE_2.1.1/STM32CubeIDE/plugins/com.st.stm32cube.ide.mcu.externaltools.gnu-tools-for-stm32.14.3.rel1.win32_1.0.100.202602081740/tools/bin/../lib/gcc/arm-none-eabi/14.3.1/thumb/v7e-m+fp/hard\libgcc.a
LOAD C:/ST/STM32CubeIDE_2.1.1/STM32CubeIDE/plugins/com.st.stm32cube.ide.mcu.externaltools.gnu-tools-for-stm32.14.3.rel1.win32_1.0.100.202602081740/tools/bin/../lib/gcc/arm-none-eabi/14.3.1/../../../../arm-none-eabi/lib/thumb/v7e-m+fp/hard\libc_nano.a
LOAD C:/ST/STM32CubeIDE_2.1.1/STM32CubeIDE/plugins/com.st.stm32cube.ide.mcu.externaltools.gnu-tools-for-stm32.14.3.rel1.win32_1.0.100.202602081740/tools/bin/../lib/gcc/arm-none-eabi/14.3.1/../../../../arm-none-eabi/lib/thumb/v7e-m+fp/hard\libnosys.a
END GROUP
LOAD C:/ST/STM32CubeIDE_2.1.1/STM32CubeIDE/plugins/com.st.stm32cube.ide.mcu.externaltools.gnu-tools-for-stm32.14.3.rel1.win32_1.0.100.202602081740/tools/bin/../lib/gcc/arm-none-eabi/14.3.1/thumb/v7e-m+fp/hard/crtend.o
LOAD C:/ST/STM32CubeIDE_2.1.1/STM32CubeIDE/plugins/com.st.stm32cube.ide.mcu.externaltools.gnu-tools-for-stm32.14.3.rel1.win32_1.0.100.202602081740/tools/bin/../lib/gcc/arm-none-eabi/14.3.1/thumb/v7e-m+fp/hard/crtn.o
                0x20040000                        _estack = (ORIGIN (RAM) + LENGTH (RAM))
                0x00000200                        _Min_Heap_Size = 0x200
                0x00000400                        _Min_Stack_Size = 0x400

.isr_vector     0x08000000      0x1ac
                0x08000000                        . = ALIGN (0x4)
 *(.isr_vector)
 .isr_vector    0x08000000      0x1ac ./Core/Startup/startup_stm32l4a6vgtx.o
                0x08000000                g_pfnVectors
                0x080001ac                        . = ALIGN (0x4)

.text           0x080001b0    0x12868
                0x080001b0                        . = ALIGN (0x4)
 *(.text)
 .text          0x080001b0       0x40 C:/ST/STM32CubeIDE_2.1.1/STM32CubeIDE/plugins/com.st.stm32cube.ide.mcu.externaltools.gnu-tools-for-stm32.14.3.rel1.win32_1.0.100.202602081740/tools/bin/../lib/gcc/arm-none-eabi/14.3.1/thumb/v7e-m+fp/hard/crtbegin.o
 .text          0x080001f0       0xa0 C:/ST/STM32CubeIDE_2.1.1/STM32CubeIDE/plugins/com.st.stm32cube.ide.mcu.externaltools.gnu-tools-for-stm32.14.3.rel1.win32_1.0.100.202602081740/tools/bin/../lib/gcc/arm-none-eabi/14.3.1/../../../../arm-none-eabi/lib/thumb/v7e-m+fp/hard\libc_nano.a(libc_a-memchr.o)
                0x080001f0                memchr
 .text          0x08000290       0x10 C:/ST/STM32CubeIDE_2.1.1/STM32CubeIDE/plugins/com.st.stm32cube.ide.mcu.externaltools.gnu-tools-for-stm32.14.3.rel1.win32_1.0.100.202602081740/tools/bin/../lib/gcc/arm-none-eabi/14.3.1/../../../../arm-none-eabi/lib/thumb/v7e-m+fp/hard\libc_nano.a(libc_a-strlen.o)
                0x08000290                strlen
 .text          0x080002a0      0x378 C:/ST/STM32CubeIDE_2.1.1/STM32CubeIDE/plugins/com.st.stm32cube.ide.mcu.externaltools.gnu-tools-for-stm32.14.3.rel1.win32_1.0.100.202602081740/tools/bin/../lib/gcc/arm-none-eabi/14.3.1/thumb/v7e-m+fp/hard\libgcc.a(_arm_addsubdf3.o)
                0x080002a0                __aeabi_drsub
                0x080002a8                __aeabi_dsub
                0x080002a8                __subdf3
                0x080002ac                __aeabi_dadd
                0x080002ac                __adddf3
                0x08000524                __floatunsidf
                0x08000524                __aeabi_ui2d
                0x08000544                __floatsidf
                0x08000544                __aeabi_i2d
                0x08000568                __aeabi_f2d
                0x08000568                __extendsfdf2
                0x080005ac                __floatundidf
                0x080005ac                __aeabi_ul2d
                0x080005bc                __floatdidf
                0x080005bc                __aeabi_l2d
 .text          0x08000618      0x424 C:/ST/STM32CubeIDE_2.1.1/STM32CubeIDE/plugins/com.st.stm32cube.ide.mcu.externaltools.gnu-tools-for-stm32.14.3.rel1.win32_1.0.100.202602081740/tools/bin/../lib/gcc/arm-none-eabi/14.3.1/thumb/v7e-m+fp/hard\libgcc.a(_arm_muldivdf3.o)
                0x08000618                __aeabi_dmul
                0x08000618                __muldf3
                0x0800086c                __divdf3
                0x0800086c                __aeabi_ddiv
 .text          0x08000a3c      0x110 C:/ST/STM32CubeIDE_2.1.1/STM32CubeIDE/plugins/com.st.stm32cube.ide.mcu.externaltools.gnu-tools-for-stm32.14.3.rel1.win32_1.0.100.202602081740/tools/bin/../lib/gcc/arm-none-eabi/14.3.1/thumb/v7e-m+fp/hard\libgcc.a(_arm_cmpdf2.o)
                0x08000a3c                __gtdf2
                0x08000a3c                __gedf2
                0x08000a44                __ltdf2
                0x08000a44                __ledf2
                0x08000a4c                __nedf2
                0x08000a4c                __eqdf2
                0x08000a4c                __cmpdf2
                0x08000ac8                __aeabi_cdrcmple
                0x08000ad8                __aeabi_cdcmpeq
                0x08000ad8                __aeabi_cdcmple
                0x08000ae8                __aeabi_dcmpeq
                0x08000afc                __aeabi_dcmplt
                0x08000b10                __aeabi_dcmple
                0x08000b24                __aeabi_dcmpge
                0x08000b38                __aeabi_dcmpgt
 .text          0x08000b4c       0x2c C:/ST/STM32CubeIDE_2.1.1/STM32CubeIDE/plugins/com.st.stm32cube.ide.mcu.externaltools.gnu-tools-for-stm32.14.3.rel1.win32_1.0.100.202602081740/tools/bin/../lib/gcc/arm-none-eabi/14.3.1/thumb/v7e-m+fp/hard\libgcc.a(_arm_unorddf2.o)
                0x08000b4c                __unorddf2
                0x08000b4c                __aeabi_dcmpun
 .text          0x08000b78       0x50 C:/ST/STM32CubeIDE_2.1.1/STM32CubeIDE/plugins/com.st.stm32cube.ide.mcu.externaltools.gnu-tools-for-stm32.14.3.rel1.win32_1.0.100.202602081740/tools/bin/../lib/gcc/arm-none-eabi/14.3.1/thumb/v7e-m+fp/hard\libgcc.a(_arm_fixdfsi.o)
                0x08000b78                __aeabi_d2iz
                0x08000b78                __fixdfsi
 .text          0x08000bc8       0xa0 C:/ST/STM32CubeIDE_2.1.1/STM32CubeIDE/plugins/com.st.stm32cube.ide.mcu.externaltools.gnu-tools-for-stm32.14.3.rel1.win32_1.0.100.202602081740/tools/bin/../lib/gcc/arm-none-eabi/14.3.1/thumb/v7e-m+fp/hard\libgcc.a(_arm_truncdfsf2.o)
                0x08000bc8                __truncdfsf2
                0x08000bc8                __aeabi_d2f
 .text          0x08000c68       0x30 C:/ST/STM32CubeIDE_2.1.1/STM32CubeIDE/plugins/com.st.stm32cube.ide.mcu.externaltools.gnu-tools-for-stm32.14.3.rel1.win32_1.0.100.202602081740/tools/bin/../lib/gcc/arm-none-eabi/14.3.1/thumb/v7e-m+fp/hard\libgcc.a(_aeabi_uldivmod.o)
                0x08000c68                __aeabi_uldivmod
 .text          0x08000c98      0x2f8 C:/ST/STM32CubeIDE_2.1.1/STM32CubeIDE/plugins/com.st.stm32cube.ide.mcu.externaltools.gnu-tools-for-stm32.14.3.rel1.win32_1.0.100.202602081740/tools/bin/../lib/gcc/arm-none-eabi/14.3.1/thumb/v7e-m+fp/hard\libgcc.a(_udivmoddi4.o)
                0x08000c98                __udivmoddi4
 .text          0x08000f90        0x4 C:/ST/STM32CubeIDE_2.1.1/STM32CubeIDE/plugins/com.st.stm32cube.ide.mcu.externaltools.gnu-tools-for-stm32.14.3.rel1.win32_1.0.100.202602081740/tools/bin/../lib/gcc/arm-none-eabi/14.3.1/thumb/v7e-m+fp/hard\libgcc.a(_dvmd_tls.o)
                0x08000f90                __aeabi_idiv0
                0x08000f90                __aeabi_ldiv0
 *(.text*)
 .text.ad7124_no_check_read_register
                0x08000f94      0x18c ./BSP/Sensors/Src/ad7124.o
                0x08000f94                ad7124_no_check_read_register
 .text.ad7124_no_check_write_register
                0x08001120       0xe0 ./BSP/Sensors/Src/ad7124.o
                0x08001120                ad7124_no_check_write_register
 .text.ad7124_read_register
                0x08001200       0x4a ./BSP/Sensors/Src/ad7124.o
                0x08001200                ad7124_read_register
 .text.ad7124_write_register
                0x0800124a       0x58 ./BSP/Sensors/Src/ad7124.o
                0x0800124a                ad7124_write_register
 *fill*         0x080012a2        0x2 
 .text.ad7124_reset
                0x080012a4       0x64 ./BSP/Sensors/Src/ad7124.o
                0x080012a4                ad7124_reset
 .text.ad7124_wait_for_spi_ready
                0x08001308       0x7a ./BSP/Sensors/Src/ad7124.o
                0x08001308                ad7124_wait_for_spi_ready
 .text.ad7124_wait_to_power_on
                0x08001382       0x7a ./BSP/Sensors/Src/ad7124.o
                0x08001382                ad7124_wait_to_power_on
 .text.ad7124_wait_for_conv_ready
                0x080013fc       0x74 ./BSP/Sensors/Src/ad7124.o
                0x080013fc                ad7124_wait_for_conv_ready
 .text.ad7124_read_data
                0x08001470       0x3e ./BSP/Sensors/Src/ad7124.o
                0x08001470                ad7124_read_data
 .text.ad7124_compute_crc8
                0x080014ae       0x84 ./BSP/Sensors/Src/ad7124.o
                0x080014ae                ad7124_compute_crc8
 .text.ad7124_update_crcsetting
                0x08001532       0x3e ./BSP/Sensors/Src/ad7124.o
                0x08001532                ad7124_update_crcsetting
 .text.ad7124_update_dev_spi_settings
                0x08001570       0x3e ./BSP/Sensors/Src/ad7124.o
                0x08001570                ad7124_update_dev_spi_settings
 .text.ad7124_setup
                0x080015ae       0xe0 ./BSP/Sensors/Src/ad7124.o
                0x080015ae                ad7124_setup
 *fill*         0x0800168e        0x2 
 .text.ad7124_app_initialize
                0x08001690       0xf4 ./BSP/Sensors/Src/ad7124_console_app.o
                0x08001690                ad7124_app_initialize
 .text.dislay_channel_samples
                0x08001784      0x150 ./BSP/Sensors/Src/ad7124_console_app.o
 .text.display_channel_sample
                0x080018d4       0x5c ./BSP/Sensors/Src/ad7124_console_app.o
                0x080018d4                display_channel_sample
 .text.clear_channel_samples
                0x08001930       0x44 ./BSP/Sensors/Src/ad7124_console_app.o
 .text.menu_single_conversion
                0x08001974      0x250 ./BSP/Sensors/Src/ad7124_console_app.o
                0x08001974                menu_single_conversion
 .text.ad7124_read_device_id
                0x08001bc4       0x64 ./BSP/Sensors/Src/ad7124_console_app.o
                0x08001bc4                ad7124_read_device_id
 .text.ad7124_read_channel_current_pc104
                0x08001c28       0x3c ./BSP/Sensors/Src/ad7124_console_app.o
                0x08001c28                ad7124_read_channel_current_pc104
 .text.ad7124_get_channel_setup
                0x08001c64       0x30 ./BSP/Sensors/Src/ad7124_support.o
                0x08001c64                ad7124_get_channel_setup
 .text.ad7124_get_channel_pga
                0x08001c94       0x38 ./BSP/Sensors/Src/ad7124_support.o
                0x08001c94                ad7124_get_channel_pga
 .text.ad7124_get_channel_bipolar
                0x08001ccc       0x38 ./BSP/Sensors/Src/ad7124_support.o
                0x08001ccc                ad7124_get_channel_bipolar
 .text.ad7124_convert_sample_to_voltage
                0x08001d04       0xf8 ./BSP/Sensors/Src/ad7124_support.o
                0x08001d04                ad7124_convert_sample_to_voltage
 .text.mdelay   0x08001dfc       0x1c ./BSP/Sensors/Src/delay.o
                0x08001dfc                mdelay
 .text.FDC2214_Begin
                0x08001e18       0x18 ./BSP/Sensors/Src/fdc2214.o
                0x08001e18                FDC2214_Begin
 .text.isConnected
                0x08001e30       0xd8 ./BSP/Sensors/Src/fdc2214.o
                0x08001e30                isConnected
 .text.reset_fdc2214
                0x08001f08       0x12 ./BSP/Sensors/Src/fdc2214.o
                0x08001f08                reset_fdc2214
 *fill*         0x08001f1a        0x2 
 .text.FDC2214_get_device_id
                0x08001f1c       0x58 ./BSP/Sensors/Src/fdc2214.o
                0x08001f1c                FDC2214_get_device_id
 .text.setReferenceCount
                0x08001f74       0x2a ./BSP/Sensors/Src/fdc2214.o
                0x08001f74                setReferenceCount
 .text.setSettleCount
                0x08001f9e       0x2a ./BSP/Sensors/Src/fdc2214.o
                0x08001f9e                setSettleCount
 .text.setOffset
                0x08001fc8       0x2a ./BSP/Sensors/Src/fdc2214.o
                0x08001fc8                setOffset
 *fill*         0x08001ff2        0x2 
 .text.setClockDividers
                0x08001ff4       0x60 ./BSP/Sensors/Src/fdc2214.o
                0x08001ff4                setClockDividers
 .text.setDriveCurrent
                0x08002054       0x32 ./BSP/Sensors/Src/fdc2214.o
                0x08002054                setDriveCurrent
 *fill*         0x08002086        0x2 
 .text.FDC2214_configure_defaults
                0x08002088       0x88 ./BSP/Sensors/Src/fdc2214.o
                0x08002088                FDC2214_configure_defaults
 .text.FDC2214_set_active_channel
                0x08002110       0x40 ./BSP/Sensors/Src/fdc2214.o
                0x08002110                FDC2214_set_active_channel
 .text.FDC2214_setAutoscan
                0x08002150       0x60 ./BSP/Sensors/Src/fdc2214.o
                0x08002150                FDC2214_setAutoscan
 .text.FDC2214_wakeup
                0x080021b0       0x20 ./BSP/Sensors/Src/fdc2214.o
                0x080021b0                FDC2214_wakeup
 .text.FDC2214_is_data_ready
                0x080021d0       0x68 ./BSP/Sensors/Src/fdc2214.o
                0x080021d0                FDC2214_is_data_ready
 .text.FDC2214_readRawChannel
                0x08002238       0x54 ./BSP/Sensors/Src/fdc2214.o
                0x08002238                FDC2214_readRawChannel
 .text.FDC2214_readFrequencyHz
                0x0800228c       0xa8 ./BSP/Sensors/Src/fdc2214.o
                0x0800228c                FDC2214_readFrequencyHz
 *fill*         0x08002334        0x4 
 .text.FDC2214_readCapacitancePf
                0x08002338       0xbc ./BSP/Sensors/Src/fdc2214.o
                0x08002338                FDC2214_readCapacitancePf
 .text.FDC2214_read_differential_capacitance
                0x080023f4       0x48 ./BSP/Sensors/Src/fdc2214.o
                0x080023f4                FDC2214_read_differential_capacitance
 .text.FDC2214_read_accumulator_height
                0x0800243c       0x3c ./BSP/Sensors/Src/fdc2214.o
                0x0800243c                FDC2214_read_accumulator_height
 .text.readStatus
                0x08002478       0x10 ./BSP/Sensors/Src/fdc2214.o
                0x08002478                readStatus
 .text.read_register
                0x08002488       0x68 ./BSP/Sensors/Src/fdc2214.o
                0x08002488                read_register
 .text.write_register
                0x080024f0       0x6c ./BSP/Sensors/Src/fdc2214.o
                0x080024f0                write_register
 .text.write_config
                0x0800255c       0x18 ./BSP/Sensors/Src/fdc2214.o
                0x0800255c                write_config
 .text.write_mux_config
                0x08002574       0x18 ./BSP/Sensors/Src/fdc2214.o
                0x08002574                write_mux_config
 .text.max31856_init
                0x0800258c       0x46 ./BSP/Sensors/Src/max31856.o
                0x0800258c                max31856_init
 .text.max31856_set_conversion_mode
                0x080025d2       0x46 ./BSP/Sensors/Src/max31856.o
                0x080025d2                max31856_set_conversion_mode
 .text.max31856_set_noise_filter
                0x08002618       0x46 ./BSP/Sensors/Src/max31856.o
                0x08002618                max31856_set_noise_filter
 .text.max31856_set_cold_junction_enable
                0x0800265e       0x46 ./BSP/Sensors/Src/max31856.o
                0x0800265e                max31856_set_cold_junction_enable
 .text.max31856_set_thermocouple_type
                0x080026a4       0x46 ./BSP/Sensors/Src/max31856.o
                0x080026a4                max31856_set_thermocouple_type
 .text.max31856_set_average_samples
                0x080026ea       0x46 ./BSP/Sensors/Src/max31856.o
                0x080026ea                max31856_set_average_samples
 .text.max31856_read_TC_temp
                0x08002730       0x68 ./BSP/Sensors/Src/max31856.o
                0x08002730                max31856_read_TC_temp
 .text.max31856_read_CJ_temp
                0x08002798       0x60 ./BSP/Sensors/Src/max31856.o
                0x08002798                max31856_read_CJ_temp
 .text.max31856_set_open_circuit_fault_detection
                0x080027f8       0x46 ./BSP/Sensors/Src/max31856.o
                0x080027f8                max31856_set_open_circuit_fault_detection
 .text.max31856_read_fault
                0x0800283e       0x20 ./BSP/Sensors/Src/max31856.o
                0x0800283e                max31856_read_fault
 .text.max31856_write_register
                0x0800285e       0x5c ./BSP/Sensors/Src/max31856.o
                0x0800285e                max31856_write_register
 .text.max31856_read_register
                0x080028ba       0x54 ./BSP/Sensors/Src/max31856.o
                0x080028ba                max31856_read_register
 .text.max31856_read_nregisters
                0x0800290e       0x5a ./BSP/Sensors/Src/max31856.o
                0x0800290e                max31856_read_nregisters
 .text.has_fault
                0x08002968       0x2e ./BSP/Sensors/Src/max31856.o
                0x08002968                has_fault
 *fill*         0x08002996        0x2 
 .text.discern_error
                0x08002998      0x100 ./BSP/Sensors/Src/max31856.o
                0x08002998                discern_error
 .text.print_errors
                0x08002a98       0x68 ./BSP/Sensors/Src/max31856.o
                0x08002a98                print_errors
 .text.toggle_activity_led
                0x08002b00       0x18 ./BSP/Src/platform_support.o
                0x08002b00                toggle_activity_led
 .text.spi_init
                0x08002b18       0xd0 ./BSP/Src/spi_support.o
                0x08002b18                spi_init
 .text.spi_write_and_read
                0x08002be8       0x6c ./BSP/Src/spi_support.o
                0x08002be8                spi_write_and_read
 .text.Serial_Print
                0x08002c54       0x40 ./BSP/Src/uart_handler.o
                0x08002c54                Serial_Print
 .text.Serial_Printf
                0x08002c94       0x44 ./BSP/Src/uart_handler.o
                0x08002c94                Serial_Printf
 .text.cmd_is_safety
                0x08002cd8       0x22 ./BSP/Src/uart_handler.o
                0x08002cd8                cmd_is_safety
 *fill*         0x08002cfa        0x2 
 .text.MX_FREERTOS_Init
                0x08002cfc      0x1b8 ./Core/Src/freertos.o
                0x08002cfc                MX_FREERTOS_Init
 .text.StartDefaultTask
                0x08002eb4       0x24 ./Core/Src/freertos.o
                0x08002eb4                StartDefaultTask
 .text.StartTask02
                0x08002ed8       0x70 ./Core/Src/freertos.o
                0x08002ed8                StartTask02
 .text.StartTask03
                0x08002f48       0x5c ./Core/Src/freertos.o
                0x08002f48                StartTask03
 .text.StartTask04
                0x08002fa4     0x1100 ./Core/Src/freertos.o
                0x08002fa4                StartTask04
 .text.StartTask05
                0x080040a4       0x48 ./Core/Src/freertos.o
                0x080040a4                StartTask05
 .text.StartTask06
                0x080040ec       0x90 ./Core/Src/freertos.o
                0x080040ec                StartTask06
 .text.StartTask07
                0x0800417c       0x10 ./Core/Src/freertos.o
                0x0800417c                StartTask07
 .text.MX_GPIO_Init
                0x0800418c      0x1c4 ./Core/Src/gpio.o
                0x0800418c                MX_GPIO_Init
 .text.MX_I2C4_Init
                0x08004350       0x80 ./Core/Src/i2c.o
                0x08004350                MX_I2C4_Init
 .text.HAL_I2C_MspInit
                0x080043d0       0xc0 ./Core/Src/i2c.o
                0x080043d0                HAL_I2C_MspInit
 .text.ITM_SendChar
                0x08004490       0x4e ./Core/Src/main.o
 *fill*         0x080044de        0x2 
 .text.main     0x080044e0      0x2d8 ./Core/Src/main.o
                0x080044e0                main
 .text.SystemClock_Config
                0x080047b8       0xa2 ./Core/Src/main.o
                0x080047b8                SystemClock_Config
 *fill*         0x0800485a        0x2 
 .text.HAL_UART_RxCpltCallback
                0x0800485c       0xc4 ./Core/Src/main.o
                0x0800485c                HAL_UART_RxCpltCallback
 .text._write   0x08004920       0x38 ./Core/Src/main.o
                0x08004920                _write
 .text.HAL_TIM_PeriodElapsedCallback
                0x08004958       0x24 ./Core/Src/main.o
                0x08004958                HAL_TIM_PeriodElapsedCallback
 .text.Error_Handler
                0x0800497c        0xc ./Core/Src/main.o
                0x0800497c                Error_Handler
 .text.update_pressure_data
                0x08004988       0x54 ./Core/Src/sensors.o
                0x08004988                update_pressure_data
 .text.update_temperature_data
                0x080049dc       0xc4 ./Core/Src/sensors.o
                0x080049dc                update_temperature_data
 .text.update_valve_states
                0x08004aa0      0x1ac ./Core/Src/sensors.o
                0x08004aa0                update_valve_states
 .text.MX_SPI1_Init
                0x08004c4c       0x7c ./Core/Src/spi.o
                0x08004c4c                MX_SPI1_Init
 .text.MX_SPI2_Init
                0x08004cc8       0x7c ./Core/Src/spi.o
                0x08004cc8                MX_SPI2_Init
 .text.HAL_SPI_MspInit
                0x08004d44       0xe8 ./Core/Src/spi.o
                0x08004d44                HAL_SPI_MspInit
 .text.HAL_MspInit
                0x08004e2c       0x50 ./Core/Src/stm32l4xx_hal_msp.o
                0x08004e2c                HAL_MspInit
 .text.HAL_InitTick
                0x08004e7c       0xf4 ./Core/Src/stm32l4xx_hal_timebase_tim.o
                0x08004e7c                HAL_InitTick
 .text.NMI_Handler
                0x08004f70        0x8 ./Core/Src/stm32l4xx_it.o
                0x08004f70                NMI_Handler
 .text.HardFault_Handler
                0x08004f78        0x8 ./Core/Src/stm32l4xx_it.o
                0x08004f78                HardFault_Handler
 .text.MemManage_Handler
                0x08004f80        0x8 ./Core/Src/stm32l4xx_it.o
                0x08004f80                MemManage_Handler
 .text.BusFault_Handler
                0x08004f88        0x8 ./Core/Src/stm32l4xx_it.o
                0x08004f88                BusFault_Handler
 .text.UsageFault_Handler
                0x08004f90        0x8 ./Core/Src/stm32l4xx_it.o
                0x08004f90                UsageFault_Handler
 .text.DebugMon_Handler
                0x08004f98        0xe ./Core/Src/stm32l4xx_it.o
                0x08004f98                DebugMon_Handler
 *fill*         0x08004fa6        0x2 
 .text.USART3_IRQHandler
                0x08004fa8       0x14 ./Core/Src/stm32l4xx_it.o
                0x08004fa8                USART3_IRQHandler
 .text.TIM6_DAC_IRQHandler
                0x08004fbc       0x14 ./Core/Src/stm32l4xx_it.o
                0x08004fbc                TIM6_DAC_IRQHandler
 .text._getpid  0x08004fd0       0x10 ./Core/Src/syscalls.o
                0x08004fd0                _getpid
 .text._kill    0x08004fe0       0x20 ./Core/Src/syscalls.o
                0x08004fe0                _kill
 .text._exit    0x08005000       0x16 ./Core/Src/syscalls.o
                0x08005000                _exit
 .text._read    0x08005016       0x3a ./Core/Src/syscalls.o
                0x08005016                _read
 .text._close   0x08005050       0x18 ./Core/Src/syscalls.o
                0x08005050                _close
 .text._fstat   0x08005068       0x20 ./Core/Src/syscalls.o
                0x08005068                _fstat
 .text._isatty  0x08005088       0x16 ./Core/Src/syscalls.o
                0x08005088                _isatty
 .text._lseek   0x0800509e       0x1a ./Core/Src/syscalls.o
                0x0800509e                _lseek
 .text._sbrk    0x080050b8       0x6c ./Core/Src/sysmem.o
                0x080050b8                _sbrk
 .text.SystemInit
                0x08005124       0x24 ./Core/Src/system_stm32l4xx.o
                0x08005124                SystemInit
 .text.MX_TIM3_Init
                0x08005148       0xf0 ./Core/Src/tim.o
                0x08005148                MX_TIM3_Init
 .text.MX_TIM8_Init
                0x08005238      0x158 ./Core/Src/tim.o
                0x08005238                MX_TIM8_Init
 .text.HAL_TIM_Base_MspInit
                0x08005390       0x68 ./Core/Src/tim.o
                0x08005390                HAL_TIM_Base_MspInit
 .text.HAL_TIM_MspPostInit
                0x080053f8       0xbc ./Core/Src/tim.o
                0x080053f8                HAL_TIM_MspPostInit
 .text.MX_UART4_Init
                0x080054b4       0x60 ./Core/Src/usart.o
                0x080054b4                MX_UART4_Init
 .text.MX_USART3_UART_Init
                0x08005514       0x60 ./Core/Src/usart.o
                0x08005514                MX_USART3_UART_Init
 .text.HAL_UART_MspInit
                0x08005574      0x154 ./Core/Src/usart.o
                0x08005574                HAL_UART_MspInit
 .text.Reset_Handler
                0x080056c8       0x50 ./Core/Startup/startup_stm32l4a6vgtx.o
                0x080056c8                Reset_Handler
 .text.Default_Handler
                0x08005718        0x2 ./Core/Startup/startup_stm32l4a6vgtx.o
                0x08005718                RTC_Alarm_IRQHandler
                0x08005718                HASH_RNG_IRQHandler
                0x08005718                EXTI2_IRQHandler
                0x08005718                TIM8_TRG_COM_IRQHandler
                0x08005718                TIM8_CC_IRQHandler
                0x08005718                TIM1_CC_IRQHandler
                0x08005718                TSC_IRQHandler
                0x08005718                TAMP_STAMP_IRQHandler
                0x08005718                CAN2_RX1_IRQHandler
                0x08005718                EXTI3_IRQHandler
                0x08005718                LPTIM2_IRQHandler
                0x08005718                DFSDM1_FLT1_IRQHandler
                0x08005718                I2C3_ER_IRQHandler
                0x08005718                DFSDM1_FLT2_IRQHandler
                0x08005718                EXTI0_IRQHandler
                0x08005718                I2C2_EV_IRQHandler
                0x08005718                CAN1_RX0_IRQHandler
                0x08005718                FPU_IRQHandler
                0x08005718                TIM1_UP_TIM16_IRQHandler
                0x08005718                CAN2_SCE_IRQHandler
                0x08005718                ADC1_2_IRQHandler
                0x08005718                SPI1_IRQHandler
                0x08005718                DCMI_IRQHandler
                0x08005718                CAN2_RX0_IRQHandler
                0x08005718                TIM8_UP_IRQHandler
                0x08005718                DMA2_Channel2_IRQHandler
                0x08005718                DMA1_Channel4_IRQHandler
                0x08005718                SAI2_IRQHandler
                0x08005718                DFSDM1_FLT3_IRQHandler
                0x08005718                DMA1_Channel7_IRQHandler
                0x08005718                CAN1_RX1_IRQHandler
                0x08005718                LCD_IRQHandler
                0x08005718                UART5_IRQHandler
                0x08005718                ADC3_IRQHandler
                0x08005718                TIM4_IRQHandler
                0x08005718                DMA2_Channel1_IRQHandler
                0x08005718                QUADSPI_IRQHandler
                0x08005718                I2C1_EV_IRQHandler
                0x08005718                DMA1_Channel6_IRQHandler
                0x08005718                UART4_IRQHandler
                0x08005718                DMA2_Channel4_IRQHandler
                0x08005718                TIM3_IRQHandler
                0x08005718                RCC_IRQHandler
                0x08005718                DMA1_Channel1_IRQHandler
                0x08005718                Default_Handler
                0x08005718                DMA2_Channel7_IRQHandler
                0x08005718                EXTI15_10_IRQHandler
                0x08005718                TIM7_IRQHandler
                0x08005718                SDMMC1_IRQHandler
                0x08005718                CAN2_TX_IRQHandler
                0x08005718                TIM5_IRQHandler
                0x08005718                I2C3_EV_IRQHandler
                0x08005718                EXTI9_5_IRQHandler
                0x08005718                RTC_WKUP_IRQHandler
                0x08005718                PVD_PVM_IRQHandler
                0x08005718                SPI2_IRQHandler
                0x08005718                CAN1_TX_IRQHandler
                0x08005718                DMA2_Channel5_IRQHandler
                0x08005718                CRS_IRQHandler
                0x08005718                DMA1_Channel5_IRQHandler
                0x08005718                EXTI4_IRQHandler
                0x08005718                TIM1_TRG_COM_TIM17_IRQHandler
                0x08005718                DMA1_Channel3_IRQHandler
                0x08005718                COMP_IRQHandler
                0x08005718                WWDG_IRQHandler
                0x08005718                I2C4_EV_IRQHandler
                0x08005718                LPUART1_IRQHandler
                0x08005718                DMA2_Channel6_IRQHandler
                0x08005718                TIM2_IRQHandler
                0x08005718                DMA2D_IRQHandler
                0x08005718                EXTI1_IRQHandler
                0x08005718                AES_IRQHandler
                0x08005718                USART2_IRQHandler
                0x08005718                DFSDM1_FLT0_IRQHandler
                0x08005718                I2C2_ER_IRQHandler
                0x08005718                DMA1_Channel2_IRQHandler
                0x08005718                TIM8_BRK_IRQHandler
                0x08005718                CAN1_SCE_IRQHandler
                0x08005718                FLASH_IRQHandler
                0x08005718                USART1_IRQHandler
                0x08005718                OTG_FS_IRQHandler
                0x08005718                SPI3_IRQHandler
                0x08005718                I2C1_ER_IRQHandler
                0x08005718                FMC_IRQHandler
                0x08005718                SWPMI1_IRQHandler
                0x08005718                LPTIM1_IRQHandler
                0x08005718                I2C4_ER_IRQHandler
                0x08005718                SAI1_IRQHandler
                0x08005718                DMA2_Channel3_IRQHandler
                0x08005718                TIM1_BRK_TIM15_IRQHandler
 .text.HAL_Init
                0x0800571a       0x30 ./Drivers/STM32L4xx_HAL_Driver/Src/stm32l4xx_hal.o
                0x0800571a                HAL_Init
 *fill*         0x0800574a        0x2 
 .text.HAL_IncTick
                0x0800574c       0x28 ./Drivers/STM32L4xx_HAL_Driver/Src/stm32l4xx_hal.o
                0x0800574c                HAL_IncTick
 .text.HAL_GetTick
                0x08005774       0x18 ./Drivers/STM32L4xx_HAL_Driver/Src/stm32l4xx_hal.o
                0x08005774                HAL_GetTick
 .text.HAL_Delay
                0x0800578c       0x48 ./Drivers/STM32L4xx_HAL_Driver/Src/stm32l4xx_hal.o
                0x0800578c                HAL_Delay
 .text.__NVIC_SetPriorityGrouping
                0x080057d4       0x48 ./Drivers/STM32L4xx_HAL_Driver/Src/stm32l4xx_hal_cortex.o
 .text.__NVIC_GetPriorityGrouping
                0x0800581c       0x1c ./Drivers/STM32L4xx_HAL_Driver/Src/stm32l4xx_hal_cortex.o
 .text.__NVIC_EnableIRQ
                0x08005838       0x3c ./Drivers/STM32L4xx_HAL_Driver/Src/stm32l4xx_hal_cortex.o
 .text.__NVIC_SetPriority
                0x08005874       0x54 ./Drivers/STM32L4xx_HAL_Driver/Src/stm32l4xx_hal_cortex.o
 .text.NVIC_EncodePriority
                0x080058c8       0x66 ./Drivers/STM32L4xx_HAL_Driver/Src/stm32l4xx_hal_cortex.o
 .text.HAL_NVIC_SetPriorityGrouping
                0x0800592e       0x16 ./Drivers/STM32L4xx_HAL_Driver/Src/stm32l4xx_hal_cortex.o
                0x0800592e                HAL_NVIC_SetPriorityGrouping
 .text.HAL_NVIC_SetPriority
                0x08005944       0x38 ./Drivers/STM32L4xx_HAL_Driver/Src/stm32l4xx_hal_cortex.o
                0x08005944                HAL_NVIC_SetPriority
 .text.HAL_NVIC_EnableIRQ
                0x0800597c       0x1c ./Drivers/STM32L4xx_HAL_Driver/Src/stm32l4xx_hal_cortex.o
                0x0800597c                HAL_NVIC_EnableIRQ
 .text.HAL_DMA_Abort
                0x08005998       0x82 ./Drivers/STM32L4xx_HAL_Driver/Src/stm32l4xx_hal_dma.o
                0x08005998                HAL_DMA_Abort
 .text.HAL_DMA_Abort_IT
                0x08005a1a       0x82 ./Drivers/STM32L4xx_HAL_Driver/Src/stm32l4xx_hal_dma.o
                0x08005a1a                HAL_DMA_Abort_IT
 .text.HAL_GPIO_Init
                0x08005a9c      0x324 ./Drivers/STM32L4xx_HAL_Driver/Src/stm32l4xx_hal_gpio.o
                0x08005a9c                HAL_GPIO_Init
 .text.HAL_GPIO_ReadPin
                0x08005dc0       0x30 ./Drivers/STM32L4xx_HAL_Driver/Src/stm32l4xx_hal_gpio.o
                0x08005dc0                HAL_GPIO_ReadPin
 .text.HAL_GPIO_WritePin
                0x08005df0       0x30 ./Drivers/STM32L4xx_HAL_Driver/Src/stm32l4xx_hal_gpio.o
                0x08005df0                HAL_GPIO_WritePin
 .text.HAL_GPIO_TogglePin
                0x08005e20       0x34 ./Drivers/STM32L4xx_HAL_Driver/Src/stm32l4xx_hal_gpio.o
                0x08005e20                HAL_GPIO_TogglePin
 .text.HAL_I2C_Init
                0x08005e54      0x136 ./Drivers/STM32L4xx_HAL_Driver/Src/stm32l4xx_hal_i2c.o
                0x08005e54                HAL_I2C_Init
 *fill*         0x08005f8a        0x2 
 .text.HAL_I2C_Mem_Write
                0x08005f8c      0x228 ./Drivers/STM32L4xx_HAL_Driver/Src/stm32l4xx_hal_i2c.o
                0x08005f8c                HAL_I2C_Mem_Write
 .text.HAL_I2C_Mem_Read
                0x080061b4      0x234 ./Drivers/STM32L4xx_HAL_Driver/Src/stm32l4xx_hal_i2c.o
                0x080061b4                HAL_I2C_Mem_Read
 .text.I2C_RequestMemoryWrite
                0x080063e8       0xa8 ./Drivers/STM32L4xx_HAL_Driver/Src/stm32l4xx_hal_i2c.o
 .text.I2C_RequestMemoryRead
                0x08006490       0xa8 ./Drivers/STM32L4xx_HAL_Driver/Src/stm32l4xx_hal_i2c.o
 .text.I2C_Flush_TXDR
                0x08006538       0x48 ./Drivers/STM32L4xx_HAL_Driver/Src/stm32l4xx_hal_i2c.o
 .text.I2C_WaitOnFlagUntilTimeout
                0x08006580       0xb2 ./Drivers/STM32L4xx_HAL_Driver/Src/stm32l4xx_hal_i2c.o
 .text.I2C_WaitOnTXISFlagUntilTimeout
                0x08006632       0x8e ./Drivers/STM32L4xx_HAL_Driver/Src/stm32l4xx_hal_i2c.o
 .text.I2C_WaitOnSTOPFlagUntilTimeout
                0x080066c0       0x86 ./Drivers/STM32L4xx_HAL_Driver/Src/stm32l4xx_hal_i2c.o
 *fill*         0x08006746        0x2 
 .text.I2C_IsErrorOccurred
                0x08006748      0x1c0 ./Drivers/STM32L4xx_HAL_Driver/Src/stm32l4xx_hal_i2c.o
 .text.I2C_TransferConfig
                0x08006908       0x64 ./Drivers/STM32L4xx_HAL_Driver/Src/stm32l4xx_hal_i2c.o
 .text.HAL_I2CEx_ConfigAnalogFilter
                0x0800696c       0x96 ./Drivers/STM32L4xx_HAL_Driver/Src/stm32l4xx_hal_i2c_ex.o
                0x0800696c                HAL_I2CEx_ConfigAnalogFilter
 .text.HAL_I2CEx_ConfigDigitalFilter
                0x08006a02       0x98 ./Drivers/STM32L4xx_HAL_Driver/Src/stm32l4xx_hal_i2c_ex.o
                0x08006a02                HAL_I2CEx_ConfigDigitalFilter
 *fill*         0x08006a9a        0x2 
 .text.HAL_PWREx_GetVoltageRange
                0x08006a9c       0x1c ./Drivers/STM32L4xx_HAL_Driver/Src/stm32l4xx_hal_pwr_ex.o
                0x08006a9c                HAL_PWREx_GetVoltageRange
 .text.HAL_PWREx_ControlVoltageScaling
                0x08006ab8       0xac ./Drivers/STM32L4xx_HAL_Driver/Src/stm32l4xx_hal_pwr_ex.o
                0x08006ab8                HAL_PWREx_ControlVoltageScaling
 .text.HAL_RCC_OscConfig
                0x08006b64      0x834 ./Drivers/STM32L4xx_HAL_Driver/Src/stm32l4xx_hal_rcc.o
                0x08006b64                HAL_RCC_OscConfig
 .text.HAL_RCC_ClockConfig
                0x08007398      0x200 ./Drivers/STM32L4xx_HAL_Driver/Src/stm32l4xx_hal_rcc.o
                0x08007398                HAL_RCC_ClockConfig
 .text.HAL_RCC_GetSysClockFreq
                0x08007598      0x118 ./Drivers/STM32L4xx_HAL_Driver/Src/stm32l4xx_hal_rcc.o
                0x08007598                HAL_RCC_GetSysClockFreq
 .text.HAL_RCC_GetHCLKFreq
                0x080076b0       0x18 ./Drivers/STM32L4xx_HAL_Driver/Src/stm32l4xx_hal_rcc.o
                0x080076b0                HAL_RCC_GetHCLKFreq
 .text.HAL_RCC_GetPCLK1Freq
                0x080076c8       0x2c ./Drivers/STM32L4xx_HAL_Driver/Src/stm32l4xx_hal_rcc.o
                0x080076c8                HAL_RCC_GetPCLK1Freq
 .text.HAL_RCC_GetPCLK2Freq
                0x080076f4       0x2c ./Drivers/STM32L4xx_HAL_Driver/Src/stm32l4xx_hal_rcc.o
                0x080076f4                HAL_RCC_GetPCLK2Freq
 .text.HAL_RCC_GetClockConfig
                0x08007720       0x64 ./Drivers/STM32L4xx_HAL_Driver/Src/stm32l4xx_hal_rcc.o
                0x08007720                HAL_RCC_GetClockConfig
 .text.RCC_SetFlashLatencyFromMSIRange
                0x08007784       0xc0 ./Drivers/STM32L4xx_HAL_Driver/Src/stm32l4xx_hal_rcc.o
 .text.HAL_RCCEx_PeriphCLKConfig
                0x08007844      0x5f8 ./Drivers/STM32L4xx_HAL_Driver/Src/stm32l4xx_hal_rcc_ex.o
                0x08007844                HAL_RCCEx_PeriphCLKConfig
 .text.RCCEx_PLLSAI1_Config
                0x08007e3c      0x1e4 ./Drivers/STM32L4xx_HAL_Driver/Src/stm32l4xx_hal_rcc_ex.o
 .text.RCCEx_PLLSAI2_Config
                0x08008020      0x1b8 ./Drivers/STM32L4xx_HAL_Driver/Src/stm32l4xx_hal_rcc_ex.o
 .text.HAL_SPI_Init
                0x080081d8      0x146 ./Drivers/STM32L4xx_HAL_Driver/Src/stm32l4xx_hal_spi.o
                0x080081d8                HAL_SPI_Init
 .text.HAL_SPI_Transmit
                0x0800831e      0x2ec ./Drivers/STM32L4xx_HAL_Driver/Src/stm32l4xx_hal_spi.o
                0x0800831e                HAL_SPI_Transmit
 .text.HAL_SPI_Receive
                0x0800860a      0x270 ./Drivers/STM32L4xx_HAL_Driver/Src/stm32l4xx_hal_spi.o
                0x0800860a                HAL_SPI_Receive
 .text.HAL_SPI_TransmitReceive
                0x0800887a      0x43e ./Drivers/STM32L4xx_HAL_Driver/Src/stm32l4xx_hal_spi.o
                0x0800887a                HAL_SPI_TransmitReceive
 .text.SPI_WaitFlagStateUntilTimeout
                0x08008cb8      0x110 ./Drivers/STM32L4xx_HAL_Driver/Src/stm32l4xx_hal_spi.o
 .text.SPI_WaitFifoStateUntilTimeout
                0x08008dc8      0x12c ./Drivers/STM32L4xx_HAL_Driver/Src/stm32l4xx_hal_spi.o
 .text.SPI_EndRxTransaction
                0x08008ef4       0xb0 ./Drivers/STM32L4xx_HAL_Driver/Src/stm32l4xx_hal_spi.o
 .text.SPI_EndRxTxTransaction
                0x08008fa4       0x8c ./Drivers/STM32L4xx_HAL_Driver/Src/stm32l4xx_hal_spi.o
 .text.HAL_TIM_Base_Init
                0x08009030       0xae ./Drivers/STM32L4xx_HAL_Driver/Src/stm32l4xx_hal_tim.o
                0x08009030                HAL_TIM_Base_Init
 *fill*         0x080090de        0x2 
 .text.HAL_TIM_Base_Start_IT
                0x080090e0       0xe0 ./Drivers/STM32L4xx_HAL_Driver/Src/stm32l4xx_hal_tim.o
                0x080090e0                HAL_TIM_Base_Start_IT
 .text.HAL_TIM_PWM_Init
                0x080091c0       0xae ./Drivers/STM32L4xx_HAL_Driver/Src/stm32l4xx_hal_tim.o
                0x080091c0                HAL_TIM_PWM_Init
 .text.HAL_TIM_PWM_MspInit
                0x0800926e       0x14 ./Drivers/STM32L4xx_HAL_Driver/Src/stm32l4xx_hal_tim.o
                0x0800926e                HAL_TIM_PWM_MspInit
 *fill*         0x08009282        0x2 
 .text.HAL_TIM_PWM_Start
                0x08009284      0x20c ./Drivers/STM32L4xx_HAL_Driver/Src/stm32l4xx_hal_tim.o
                0x08009284                HAL_TIM_PWM_Start
 .text.HAL_TIM_PWM_Stop
                0x08009490      0x130 ./Drivers/STM32L4xx_HAL_Driver/Src/stm32l4xx_hal_tim.o
                0x08009490                HAL_TIM_PWM_Stop
 .text.HAL_TIM_IRQHandler
                0x080095c0      0x20e ./Drivers/STM32L4xx_HAL_Driver/Src/stm32l4xx_hal_tim.o
                0x080095c0                HAL_TIM_IRQHandler
 *fill*         0x080097ce        0x2 
 .text.HAL_TIM_PWM_ConfigChannel
                0x080097d0      0x228 ./Drivers/STM32L4xx_HAL_Driver/Src/stm32l4xx_hal_tim.o
                0x080097d0                HAL_TIM_PWM_ConfigChannel
 .text.HAL_TIM_ConfigClockSource
                0x080099f8      0x192 ./Drivers/STM32L4xx_HAL_Driver/Src/stm32l4xx_hal_tim.o
                0x080099f8                HAL_TIM_ConfigClockSource
 .text.HAL_TIM_OC_DelayElapsedCallback
                0x08009b8a       0x14 ./Drivers/STM32L4xx_HAL_Driver/Src/stm32l4xx_hal_tim.o
                0x08009b8a                HAL_TIM_OC_DelayElapsedCallback
 .text.HAL_TIM_IC_CaptureCallback
                0x08009b9e       0x14 ./Drivers/STM32L4xx_HAL_Driver/Src/stm32l4xx_hal_tim.o
                0x08009b9e                HAL_TIM_IC_CaptureCallback
 .text.HAL_TIM_PWM_PulseFinishedCallback
                0x08009bb2       0x14 ./Drivers/STM32L4xx_HAL_Driver/Src/stm32l4xx_hal_tim.o
                0x08009bb2                HAL_TIM_PWM_PulseFinishedCallback
 .text.HAL_TIM_TriggerCallback
                0x08009bc6       0x14 ./Drivers/STM32L4xx_HAL_Driver/Src/stm32l4xx_hal_tim.o
                0x08009bc6                HAL_TIM_TriggerCallback
 *fill*         0x08009bda        0x2 
 .text.TIM_Base_SetConfig
                0x08009bdc      0x140 ./Drivers/STM32L4xx_HAL_Driver/Src/stm32l4xx_hal_tim.o
                0x08009bdc                TIM_Base_SetConfig
 .text.TIM_OC1_SetConfig
                0x08009d1c      0x124 ./Drivers/STM32L4xx_HAL_Driver/Src/stm32l4xx_hal_tim.o
 .text.TIM_OC2_SetConfig
                0x08009e40      0x118 ./Drivers/STM32L4xx_HAL_Driver/Src/stm32l4xx_hal_tim.o
                0x08009e40                TIM_OC2_SetConfig
 .text.TIM_OC3_SetConfig
                0x08009f58      0x114 ./Drivers/STM32L4xx_HAL_Driver/Src/stm32l4xx_hal_tim.o
 .text.TIM_OC4_SetConfig
                0x0800a06c       0xd4 ./Drivers/STM32L4xx_HAL_Driver/Src/stm32l4xx_hal_tim.o
 .text.TIM_OC5_SetConfig
                0x0800a140       0xc8 ./Drivers/STM32L4xx_HAL_Driver/Src/stm32l4xx_hal_tim.o
 .text.TIM_OC6_SetConfig
                0x0800a208       0xcc ./Drivers/STM32L4xx_HAL_Driver/Src/stm32l4xx_hal_tim.o
 .text.TIM_TI1_ConfigInputStage
                0x0800a2d4       0xa8 ./Drivers/STM32L4xx_HAL_Driver/Src/stm32l4xx_hal_tim.o
 .text.TIM_TI2_ConfigInputStage
                0x0800a37c       0x84 ./Drivers/STM32L4xx_HAL_Driver/Src/stm32l4xx_hal_tim.o
 .text.TIM_ITRx_SetConfig
                0x0800a400       0x36 ./Drivers/STM32L4xx_HAL_Driver/Src/stm32l4xx_hal_tim.o
 .text.TIM_ETR_SetConfig
                0x0800a436       0x40 ./Drivers/STM32L4xx_HAL_Driver/Src/stm32l4xx_hal_tim.o
                0x0800a436                TIM_ETR_SetConfig
 .text.TIM_CCxChannelCmd
                0x0800a476       0x4a ./Drivers/STM32L4xx_HAL_Driver/Src/stm32l4xx_hal_tim.o
                0x0800a476                TIM_CCxChannelCmd
 .text.HAL_TIMEx_MasterConfigSynchronization
                0x0800a4c0      0x110 ./Drivers/STM32L4xx_HAL_Driver/Src/stm32l4xx_hal_tim_ex.o
                0x0800a4c0                HAL_TIMEx_MasterConfigSynchronization
 .text.HAL_TIMEx_ConfigBreakDeadTime
                0x0800a5d0       0xfc ./Drivers/STM32L4xx_HAL_Driver/Src/stm32l4xx_hal_tim_ex.o
                0x0800a5d0                HAL_TIMEx_ConfigBreakDeadTime
 .text.HAL_TIMEx_CommutCallback
                0x0800a6cc       0x14 ./Drivers/STM32L4xx_HAL_Driver/Src/stm32l4xx_hal_tim_ex.o
                0x0800a6cc                HAL_TIMEx_CommutCallback
 .text.HAL_TIMEx_BreakCallback
                0x0800a6e0       0x14 ./Drivers/STM32L4xx_HAL_Driver/Src/stm32l4xx_hal_tim_ex.o
                0x0800a6e0                HAL_TIMEx_BreakCallback
 .text.HAL_TIMEx_Break2Callback
                0x0800a6f4       0x14 ./Drivers/STM32L4xx_HAL_Driver/Src/stm32l4xx_hal_tim_ex.o
                0x0800a6f4                HAL_TIMEx_Break2Callback
 .text.HAL_UART_Init
                0x0800a708       0x9c ./Drivers/STM32L4xx_HAL_Driver/Src/stm32l4xx_hal_uart.o
                0x0800a708                HAL_UART_Init
 .text.HAL_UART_Transmit
                0x0800a7a4      0x126 ./Drivers/STM32L4xx_HAL_Driver/Src/stm32l4xx_hal_uart.o
                0x0800a7a4                HAL_UART_Transmit
 *fill*         0x0800a8ca        0x2 
 .text.HAL_UART_Receive_IT
                0x0800a8cc       0x98 ./Drivers/STM32L4xx_HAL_Driver/Src/stm32l4xx_hal_uart.o
                0x0800a8cc                HAL_UART_Receive_IT
 .text.HAL_UART_IRQHandler
                0x0800a964      0x60c ./Drivers/STM32L4xx_HAL_Driver/Src/stm32l4xx_hal_uart.o
                0x0800a964                HAL_UART_IRQHandler
 .text.HAL_UART_TxCpltCallback
                0x0800af70       0x14 ./Drivers/STM32L4xx_HAL_Driver/Src/stm32l4xx_hal_uart.o
                0x0800af70                HAL_UART_TxCpltCallback
 .text.HAL_UART_ErrorCallback
                0x0800af84       0x14 ./Drivers/STM32L4xx_HAL_Driver/Src/stm32l4xx_hal_uart.o
                0x0800af84                HAL_UART_ErrorCallback
 .text.HAL_UARTEx_RxEventCallback
                0x0800af98       0x18 ./Drivers/STM32L4xx_HAL_Driver/Src/stm32l4xx_hal_uart.o
                0x0800af98                HAL_UARTEx_RxEventCallback
 .text.UART_SetConfig
                0x0800afb0      0x570 ./Drivers/STM32L4xx_HAL_Driver/Src/stm32l4xx_hal_uart.o
                0x0800afb0                UART_SetConfig
 .text.UART_AdvFeatureConfig
                0x0800b520      0x144 ./Drivers/STM32L4xx_HAL_Driver/Src/stm32l4xx_hal_uart.o
                0x0800b520                UART_AdvFeatureConfig
 .text.UART_CheckIdleState
                0x0800b664      0x150 ./Drivers/STM32L4xx_HAL_Driver/Src/stm32l4xx_hal_uart.o
                0x0800b664                UART_CheckIdleState
 .text.UART_WaitOnFlagUntilTimeout
                0x0800b7b4       0xda ./Drivers/STM32L4xx_HAL_Driver/Src/stm32l4xx_hal_uart.o
                0x0800b7b4                UART_WaitOnFlagUntilTimeout
 *fill*         0x0800b88e        0x2 
 .text.UART_Start_Receive_IT
                0x0800b890      0x18c ./Drivers/STM32L4xx_HAL_Driver/Src/stm32l4xx_hal_uart.o
                0x0800b890                UART_Start_Receive_IT
 .text.UART_EndRxTransfer
                0x0800ba1c       0xc8 ./Drivers/STM32L4xx_HAL_Driver/Src/stm32l4xx_hal_uart.o
 .text.UART_DMAAbortOnError
                0x0800bae4       0x1c ./Drivers/STM32L4xx_HAL_Driver/Src/stm32l4xx_hal_uart.o
 .text.UART_EndTransmit_IT
                0x0800bb00       0x54 ./Drivers/STM32L4xx_HAL_Driver/Src/stm32l4xx_hal_uart.o
 .text.UART_RxISR_8BIT
                0x0800bb54      0x1b8 ./Drivers/STM32L4xx_HAL_Driver/Src/stm32l4xx_hal_uart.o
 .text.UART_RxISR_16BIT
                0x0800bd0c      0x1b8 ./Drivers/STM32L4xx_HAL_Driver/Src/stm32l4xx_hal_uart.o
 .text.HAL_UARTEx_WakeupCallback
                0x0800bec4       0x14 ./Drivers/STM32L4xx_HAL_Driver/Src/stm32l4xx_hal_uart_ex.o
                0x0800bec4                HAL_UARTEx_WakeupCallback
 .text.__NVIC_SetPriority
                0x0800bed8       0x54 ./Middlewares/Third_Party/FreeRTOS/Source/CMSIS_RTOS_V2/cmsis_os2.o
 .text.SysTick_Handler
                0x0800bf2c       0x20 ./Middlewares/Third_Party/FreeRTOS/Source/CMSIS_RTOS_V2/cmsis_os2.o
                0x0800bf2c                SysTick_Handler
 .text.SVC_Setup
                0x0800bf4c       0x12 ./Middlewares/Third_Party/FreeRTOS/Source/CMSIS_RTOS_V2/cmsis_os2.o
 *fill*         0x0800bf5e        0x2 
 .text.osKernelInitialize
                0x0800bf60       0x48 ./Middlewares/Third_Party/FreeRTOS/Source/CMSIS_RTOS_V2/cmsis_os2.o
                0x0800bf60                osKernelInitialize
 .text.osKernelStart
                0x0800bfa8       0x4c ./Middlewares/Third_Party/FreeRTOS/Source/CMSIS_RTOS_V2/cmsis_os2.o
                0x0800bfa8                osKernelStart
 .text.osThreadNew
                0x0800bff4      0x126 ./Middlewares/Third_Party/FreeRTOS/Source/CMSIS_RTOS_V2/cmsis_os2.o
                0x0800bff4                osThreadNew
 .text.osDelay  0x0800c11a       0x36 ./Middlewares/Third_Party/FreeRTOS/Source/CMSIS_RTOS_V2/cmsis_os2.o
                0x0800c11a                osDelay
 .text.osMutexNew
                0x0800c150      0x10c ./Middlewares/Third_Party/FreeRTOS/Source/CMSIS_RTOS_V2/cmsis_os2.o
                0x0800c150                osMutexNew
 .text.osMutexAcquire
                0x0800c25c       0x96 ./Middlewares/Third_Party/FreeRTOS/Source/CMSIS_RTOS_V2/cmsis_os2.o
                0x0800c25c                osMutexAcquire
 .text.osMutexRelease
                0x0800c2f2       0x7a ./Middlewares/Third_Party/FreeRTOS/Source/CMSIS_RTOS_V2/cmsis_os2.o
                0x0800c2f2                osMutexRelease
 .text.osSemaphoreNew
                0x0800c36c      0x112 ./Middlewares/Third_Party/FreeRTOS/Source/CMSIS_RTOS_V2/cmsis_os2.o
                0x0800c36c                osSemaphoreNew
 *fill*         0x0800c47e        0x2 
 .text.osSemaphoreAcquire
                0x0800c480       0xa4 ./Middlewares/Third_Party/FreeRTOS/Source/CMSIS_RTOS_V2/cmsis_os2.o
                0x0800c480                osSemaphoreAcquire
 .text.osMessageQueueNew
                0x0800c524       0xe6 ./Middlewares/Third_Party/FreeRTOS/Source/CMSIS_RTOS_V2/cmsis_os2.o
                0x0800c524                osMessageQueueNew
 *fill*         0x0800c60a        0x2 
 .text.osMessageQueuePut
                0x0800c60c       0xc0 ./Middlewares/Third_Party/FreeRTOS/Source/CMSIS_RTOS_V2/cmsis_os2.o
                0x0800c60c                osMessageQueuePut
 .text.osMessageQueueGet
                0x0800c6cc       0xbc ./Middlewares/Third_Party/FreeRTOS/Source/CMSIS_RTOS_V2/cmsis_os2.o
                0x0800c6cc                osMessageQueueGet
 .text.vApplicationGetIdleTaskMemory
                0x0800c788       0x34 ./Middlewares/Third_Party/FreeRTOS/Source/CMSIS_RTOS_V2/cmsis_os2.o
                0x0800c788                vApplicationGetIdleTaskMemory
 .text.vApplicationGetTimerTaskMemory
                0x0800c7bc       0x34 ./Middlewares/Third_Party/FreeRTOS/Source/CMSIS_RTOS_V2/cmsis_os2.o
                0x0800c7bc                vApplicationGetTimerTaskMemory
 .text.vListInitialise
                0x0800c7f0       0x40 ./Middlewares/Third_Party/FreeRTOS/Source/list.o
                0x0800c7f0                vListInitialise
 .text.vListInitialiseItem
                0x0800c830       0x1a ./Middlewares/Third_Party/FreeRTOS/Source/list.o
                0x0800c830                vListInitialiseItem
 .text.vListInsertEnd
                0x0800c84a       0x48 ./Middlewares/Third_Party/FreeRTOS/Source/list.o
                0x0800c84a                vListInsertEnd
 .text.vListInsert
                0x0800c892       0x72 ./Middlewares/Third_Party/FreeRTOS/Source/list.o
                0x0800c892                vListInsert
 .text.uxListRemove
                0x0800c904       0x54 ./Middlewares/Third_Party/FreeRTOS/Source/list.o
                0x0800c904                uxListRemove
 .text.xQueueGenericReset
                0x0800c958       0xd4 ./Middlewares/Third_Party/FreeRTOS/Source/queue.o
                0x0800c958                xQueueGenericReset
 .text.xQueueGenericCreateStatic
                0x0800ca2c       0xfa ./Middlewares/Third_Party/FreeRTOS/Source/queue.o
                0x0800ca2c                xQueueGenericCreateStatic
 .text.xQueueGenericCreate
                0x0800cb26       0x76 ./Middlewares/Third_Party/FreeRTOS/Source/queue.o
                0x0800cb26                xQueueGenericCreate
 .text.prvInitialiseNewQueue
                0x0800cb9c       0x46 ./Middlewares/Third_Party/FreeRTOS/Source/queue.o
 .text.prvInitialiseMutex
                0x0800cbe2       0x34 ./Middlewares/Third_Party/FreeRTOS/Source/queue.o
 .text.xQueueCreateMutex
                0x0800cc16       0x30 ./Middlewares/Third_Party/FreeRTOS/Source/queue.o
                0x0800cc16                xQueueCreateMutex
 .text.xQueueCreateMutexStatic
                0x0800cc46       0x36 ./Middlewares/Third_Party/FreeRTOS/Source/queue.o
                0x0800cc46                xQueueCreateMutexStatic
 .text.xQueueGiveMutexRecursive
                0x0800cc7c       0x6a ./Middlewares/Third_Party/FreeRTOS/Source/queue.o
                0x0800cc7c                xQueueGiveMutexRecursive
 .text.xQueueTakeMutexRecursive
                0x0800cce6       0x6e ./Middlewares/Third_Party/FreeRTOS/Source/queue.o
                0x0800cce6                xQueueTakeMutexRecursive
 .text.xQueueCreateCountingSemaphoreStatic
                0x0800cd54       0x72 ./Middlewares/Third_Party/FreeRTOS/Source/queue.o
                0x0800cd54                xQueueCreateCountingSemaphoreStatic
 .text.xQueueCreateCountingSemaphore
                0x0800cdc6       0x6a ./Middlewares/Third_Party/FreeRTOS/Source/queue.o
                0x0800cdc6                xQueueCreateCountingSemaphore
 .text.xQueueGenericSend
                0x0800ce30      0x204 ./Middlewares/Third_Party/FreeRTOS/Source/queue.o
                0x0800ce30                xQueueGenericSend
 .text.xQueueGenericSendFromISR
                0x0800d034      0x13c ./Middlewares/Third_Party/FreeRTOS/Source/queue.o
                0x0800d034                xQueueGenericSendFromISR
 .text.xQueueGiveFromISR
                0x0800d170      0x120 ./Middlewares/Third_Party/FreeRTOS/Source/queue.o
                0x0800d170                xQueueGiveFromISR
 .text.xQueueReceive
                0x0800d290      0x1c4 ./Middlewares/Third_Party/FreeRTOS/Source/queue.o
                0x0800d290                xQueueReceive
 .text.xQueueSemaphoreTake
                0x0800d454      0x220 ./Middlewares/Third_Party/FreeRTOS/Source/queue.o
                0x0800d454                xQueueSemaphoreTake
 .text.xQueueReceiveFromISR
                0x0800d674      0x104 ./Middlewares/Third_Party/FreeRTOS/Source/queue.o
                0x0800d674                xQueueReceiveFromISR
 .text.vQueueDelete
                0x0800d778       0x48 ./Middlewares/Third_Party/FreeRTOS/Source/queue.o
                0x0800d778                vQueueDelete
 .text.prvGetDisinheritPriorityAfterTimeout
                0x0800d7c0       0x30 ./Middlewares/Third_Party/FreeRTOS/Source/queue.o
 .text.prvCopyDataToQueue
                0x0800d7f0       0xd4 ./Middlewares/Third_Party/FreeRTOS/Source/queue.o
 .text.prvCopyDataFromQueue
                0x0800d8c4       0x4c ./Middlewares/Third_Party/FreeRTOS/Source/queue.o
 .text.prvUnlockQueue
                0x0800d910       0xa4 ./Middlewares/Third_Party/FreeRTOS/Source/queue.o
 .text.prvIsQueueEmpty
                0x0800d9b4       0x2c ./Middlewares/Third_Party/FreeRTOS/Source/queue.o
 .text.prvIsQueueFull
                0x0800d9e0       0x30 ./Middlewares/Third_Party/FreeRTOS/Source/queue.o
 .text.vQueueAddToRegistry
                0x0800da10       0x54 ./Middlewares/Third_Party/FreeRTOS/Source/queue.o
                0x0800da10                vQueueAddToRegistry
 .text.vQueueUnregisterQueue
                0x0800da64       0x54 ./Middlewares/Third_Party/FreeRTOS/Source/queue.o
                0x0800da64                vQueueUnregisterQueue
 .text.vQueueWaitForMessageRestricted
                0x0800dab8       0x68 ./Middlewares/Third_Party/FreeRTOS/Source/queue.o
                0x0800dab8                vQueueWaitForMessageRestricted
 .text.xTaskCreateStatic
                0x0800db20       0xc0 ./Middlewares/Third_Party/FreeRTOS/Source/tasks.o
                0x0800db20                xTaskCreateStatic
 .text.xTaskCreate
                0x0800dbe0       0x8a ./Middlewares/Third_Party/FreeRTOS/Source/tasks.o
                0x0800dbe0                xTaskCreate
 *fill*         0x0800dc6a        0x2 
 .text.prvInitialiseNewTask
                0x0800dc6c      0x150 ./Middlewares/Third_Party/FreeRTOS/Source/tasks.o
 .text.prvAddNewTaskToReadyList
                0x0800ddbc       0xe0 ./Middlewares/Third_Party/FreeRTOS/Source/tasks.o
 .text.vTaskDelay
                0x0800de9c       0x6c ./Middlewares/Third_Party/FreeRTOS/Source/tasks.o
                0x0800de9c                vTaskDelay
 .text.vTaskStartScheduler
                0x0800df08       0xe0 ./Middlewares/Third_Party/FreeRTOS/Source/tasks.o
                0x0800df08                vTaskStartScheduler
 .text.vTaskSuspendAll
                0x0800dfe8       0x1c ./Middlewares/Third_Party/FreeRTOS/Source/tasks.o
                0x0800dfe8                vTaskSuspendAll
 .text.xTaskResumeAll
                0x0800e004      0x13c ./Middlewares/Third_Party/FreeRTOS/Source/tasks.o
                0x0800e004                xTaskResumeAll
 .text.xTaskGetTickCount
                0x0800e140       0x20 ./Middlewares/Third_Party/FreeRTOS/Source/tasks.o
                0x0800e140                xTaskGetTickCount
 .text.xTaskIncrementTick
                0x0800e160      0x174 ./Middlewares/Third_Party/FreeRTOS/Source/tasks.o
                0x0800e160                xTaskIncrementTick
 .text.vTaskSwitchContext
                0x0800e2d4       0xcc ./Middlewares/Third_Party/FreeRTOS/Source/tasks.o
                0x0800e2d4                vTaskSwitchContext
 .text.vTaskPlaceOnEventList
                0x0800e3a0       0x4c ./Middlewares/Third_Party/FreeRTOS/Source/tasks.o
                0x0800e3a0                vTaskPlaceOnEventList
 .text.vTaskPlaceOnEventListRestricted
                0x0800e3ec       0x58 ./Middlewares/Third_Party/FreeRTOS/Source/tasks.o
                0x0800e3ec                vTaskPlaceOnEventListRestricted
 .text.xTaskRemoveFromEventList
                0x0800e444       0xc8 ./Middlewares/Third_Party/FreeRTOS/Source/tasks.o
                0x0800e444                xTaskRemoveFromEventList
 .text.vTaskInternalSetTimeOutState
                0x0800e50c       0x2c ./Middlewares/Third_Party/FreeRTOS/Source/tasks.o
                0x0800e50c                vTaskInternalSetTimeOutState
 .text.xTaskCheckForTimeOut
                0x0800e538       0xc8 ./Middlewares/Third_Party/FreeRTOS/Source/tasks.o
                0x0800e538                xTaskCheckForTimeOut
 .text.vTaskMissedYield
                0x0800e600       0x18 ./Middlewares/Third_Party/FreeRTOS/Source/tasks.o
                0x0800e600                vTaskMissedYield
 .text.prvIdleTask
                0x0800e618       0x30 ./Middlewares/Third_Party/FreeRTOS/Source/tasks.o
 .text.prvInitialiseTaskLists
                0x0800e648       0x80 ./Middlewares/Third_Party/FreeRTOS/Source/tasks.o
 .text.prvCheckTasksWaitingTermination
                0x0800e6c8       0x5c ./Middlewares/Third_Party/FreeRTOS/Source/tasks.o
 .text.prvDeleteTCB
                0x0800e724       0x6a ./Middlewares/Third_Party/FreeRTOS/Source/tasks.o
 *fill*         0x0800e78e        0x2 
 .text.prvResetNextTaskUnblockTime
                0x0800e790       0x40 ./Middlewares/Third_Party/FreeRTOS/Source/tasks.o
 .text.xTaskGetCurrentTaskHandle
                0x0800e7d0       0x20 ./Middlewares/Third_Party/FreeRTOS/Source/tasks.o
                0x0800e7d0                xTaskGetCurrentTaskHandle
 .text.xTaskGetSchedulerState
                0x0800e7f0       0x3c ./Middlewares/Third_Party/FreeRTOS/Source/tasks.o
                0x0800e7f0                xTaskGetSchedulerState
 .text.xTaskPriorityInherit
                0x0800e82c       0xd0 ./Middlewares/Third_Party/FreeRTOS/Source/tasks.o
                0x0800e82c                xTaskPriorityInherit
 .text.xTaskPriorityDisinherit
                0x0800e8fc       0xe0 ./Middlewares/Third_Party/FreeRTOS/Source/tasks.o
                0x0800e8fc                xTaskPriorityDisinherit
 .text.vTaskPriorityDisinheritAfterTimeout
                0x0800e9dc      0x108 ./Middlewares/Third_Party/FreeRTOS/Source/tasks.o
                0x0800e9dc                vTaskPriorityDisinheritAfterTimeout
 .text.pvTaskIncrementMutexHeldCount
                0x0800eae4       0x28 ./Middlewares/Third_Party/FreeRTOS/Source/tasks.o
                0x0800eae4                pvTaskIncrementMutexHeldCount
 .text.prvAddCurrentTaskToDelayedList
                0x0800eb0c       0xa8 ./Middlewares/Third_Party/FreeRTOS/Source/tasks.o
 .text.xTimerCreateTimerTask
                0x0800ebb4       0x94 ./Middlewares/Third_Party/FreeRTOS/Source/timers.o
                0x0800ebb4                xTimerCreateTimerTask
 .text.xTimerGenericCommand
                0x0800ec48       0x9c ./Middlewares/Third_Party/FreeRTOS/Source/timers.o
                0x0800ec48                xTimerGenericCommand
 .text.prvProcessExpiredTimer
                0x0800ece4       0x9c ./Middlewares/Third_Party/FreeRTOS/Source/timers.o
 .text.prvTimerTask
                0x0800ed80       0x26 ./Middlewares/Third_Party/FreeRTOS/Source/timers.o
 *fill*         0x0800eda6        0x2 
 .text.prvProcessTimerOrBlockTask
                0x0800eda8       0x9c ./Middlewares/Third_Party/FreeRTOS/Source/timers.o
 .text.prvGetNextExpireTime
                0x0800ee44       0x48 ./Middlewares/Third_Party/FreeRTOS/Source/timers.o
 .text.prvSampleTimeNow
                0x0800ee8c       0x40 ./Middlewares/Third_Party/FreeRTOS/Source/timers.o
 .text.prvInsertTimerInActiveList
                0x0800eecc       0x84 ./Middlewares/Third_Party/FreeRTOS/Source/timers.o
 .text.prvProcessReceivedCommands
                0x0800ef50      0x1cc ./Middlewares/Third_Party/FreeRTOS/Source/timers.o
 .text.prvSwitchTimerLists
                0x0800f11c       0xcc ./Middlewares/Third_Party/FreeRTOS/Source/timers.o
 .text.prvCheckForValidListAndQueue
                0x0800f1e8       0x80 ./Middlewares/Third_Party/FreeRTOS/Source/timers.o
 .text.pxPortInitialiseStack
                0x0800f268       0x68 ./Middlewares/Third_Party/FreeRTOS/Source/portable/GCC/ARM_CM4F/port.o
                0x0800f268                pxPortInitialiseStack
 .text.prvTaskExitError
                0x0800f2d0       0x5c ./Middlewares/Third_Party/FreeRTOS/Source/portable/GCC/ARM_CM4F/port.o
 *fill*         0x0800f32c        0x4 
 .text.SVC_Handler
                0x0800f330       0x28 ./Middlewares/Third_Party/FreeRTOS/Source/portable/GCC/ARM_CM4F/port.o
                0x0800f330                SVC_Handler
 .text.prvPortStartFirstTask
                0x0800f358       0x28 ./Middlewares/Third_Party/FreeRTOS/Source/portable/GCC/ARM_CM4F/port.o
 .text.xPortStartScheduler
                0x0800f380      0x16c ./Middlewares/Third_Party/FreeRTOS/Source/portable/GCC/ARM_CM4F/port.o
                0x0800f380                xPortStartScheduler
 .text.vPortEnterCritical
                0x0800f4ec       0x64 ./Middlewares/Third_Party/FreeRTOS/Source/portable/GCC/ARM_CM4F/port.o
                0x0800f4ec                vPortEnterCritical
 .text.vPortExitCritical
                0x0800f550       0x54 ./Middlewares/Third_Party/FreeRTOS/Source/portable/GCC/ARM_CM4F/port.o
                0x0800f550                vPortExitCritical
 *fill*         0x0800f5a4        0xc 
 .text.PendSV_Handler
                0x0800f5b0       0x68 ./Middlewares/Third_Party/FreeRTOS/Source/portable/GCC/ARM_CM4F/port.o
                0x0800f5b0                PendSV_Handler
 .text.xPortSysTickHandler
                0x0800f618       0x44 ./Middlewares/Third_Party/FreeRTOS/Source/portable/GCC/ARM_CM4F/port.o
                0x0800f618                xPortSysTickHandler
 .text.vPortSetupTimerInterrupt
                0x0800f65c       0x48 ./Middlewares/Third_Party/FreeRTOS/Source/portable/GCC/ARM_CM4F/port.o
                0x0800f65c                vPortSetupTimerInterrupt
 .text.vPortEnableVFP
                0x0800f6a4       0x14 ./Middlewares/Third_Party/FreeRTOS/Source/portable/GCC/ARM_CM4F/port.o
 .text.vPortValidateInterruptPriority
                0x0800f6b8       0x84 ./Middlewares/Third_Party/FreeRTOS/Source/portable/GCC/ARM_CM4F/port.o
                0x0800f6b8                vPortValidateInterruptPriority
 .text.pvPortMalloc
                0x0800f73c      0x19c ./Middlewares/Third_Party/FreeRTOS/Source/portable/MemMang/heap_4.o
                0x0800f73c                pvPortMalloc
 .text.vPortFree
                0x0800f8d8       0xc8 ./Middlewares/Third_Party/FreeRTOS/Source/portable/MemMang/heap_4.o
                0x0800f8d8                vPortFree
 .text.prvHeapInit
                0x0800f9a0       0xc4 ./Middlewares/Third_Party/FreeRTOS/Source/portable/MemMang/heap_4.o
 .text.prvInsertBlockIntoFreeList
                0x0800fa64       0xb4 ./Middlewares/Third_Party/FreeRTOS/Source/portable/MemMang/heap_4.o
 .text.calloc   0x0800fb18       0x10 C:/ST/STM32CubeIDE_2.1.1/STM32CubeIDE/plugins/com.st.stm32cube.ide.mcu.externaltools.gnu-tools-for-stm32.14.3.rel1.win32_1.0.100.202602081740/tools/bin/../lib/gcc/arm-none-eabi/14.3.1/../../../../arm-none-eabi/lib/thumb/v7e-m+fp/hard\libc_nano.a(libc_a-calloc.o)
                0x0800fb18                calloc
 .text._calloc_r
                0x0800fb28       0x28 C:/ST/STM32CubeIDE_2.1.1/STM32CubeIDE/plugins/com.st.stm32cube.ide.mcu.externaltools.gnu-tools-for-stm32.14.3.rel1.win32_1.0.100.202602081740/tools/bin/../lib/gcc/arm-none-eabi/14.3.1/../../../../arm-none-eabi/lib/thumb/v7e-m+fp/hard\libc_nano.a(libc_a-callocr.o)
                0x0800fb28                _calloc_r
 .text.malloc   0x0800fb50       0x10 C:/ST/STM32CubeIDE_2.1.1/STM32CubeIDE/plugins/com.st.stm32cube.ide.mcu.externaltools.gnu-tools-for-stm32.14.3.rel1.win32_1.0.100.202602081740/tools/bin/../lib/gcc/arm-none-eabi/14.3.1/../../../../arm-none-eabi/lib/thumb/v7e-m+fp/hard\libc_nano.a(libc_a-malloc.o)
                0x0800fb50                malloc
 .text.sbrk_aligned
                0x0800fb60       0x44 C:/ST/STM32CubeIDE_2.1.1/STM32CubeIDE/plugins/com.st.stm32cube.ide.mcu.externaltools.gnu-tools-for-stm32.14.3.rel1.win32_1.0.100.202602081740/tools/bin/../lib/gcc/arm-none-eabi/14.3.1/../../../../arm-none-eabi/lib/thumb/v7e-m+fp/hard\libc_nano.a(libc_a-mallocr.o)
 .text._malloc_r
                0x0800fba4      0x100 C:/ST/STM32CubeIDE_2.1.1/STM32CubeIDE/plugins/com.st.stm32cube.ide.mcu.externaltools.gnu-tools-for-stm32.14.3.rel1.win32_1.0.100.202602081740/tools/bin/../lib/gcc/arm-none-eabi/14.3.1/../../../../arm-none-eabi/lib/thumb/v7e-m+fp/hard\libc_nano.a(libc_a-mallocr.o)
                0x0800fba4                _malloc_r
 .text.__malloc_lock
                0x0800fca4        0xc C:/ST/STM32CubeIDE_2.1.1/STM32CubeIDE/plugins/com.st.stm32cube.ide.mcu.externaltools.gnu-tools-for-stm32.14.3.rel1.win32_1.0.100.202602081740/tools/bin/../lib/gcc/arm-none-eabi/14.3.1/../../../../arm-none-eabi/lib/thumb/v7e-m+fp/hard\libc_nano.a(libc_a-mlock.o)
                0x0800fca4                __malloc_lock
 .text.__malloc_unlock
                0x0800fcb0        0xc C:/ST/STM32CubeIDE_2.1.1/STM32CubeIDE/plugins/com.st.stm32cube.ide.mcu.externaltools.gnu-tools-for-stm32.14.3.rel1.win32_1.0.100.202602081740/tools/bin/../lib/gcc/arm-none-eabi/14.3.1/../../../../arm-none-eabi/lib/thumb/v7e-m+fp/hard\libc_nano.a(libc_a-mlock.o)
                0x0800fcb0                __malloc_unlock
 .text.__cvt    0x0800fcbc       0xca C:/ST/STM32CubeIDE_2.1.1/STM32CubeIDE/plugins/com.st.stm32cube.ide.mcu.externaltools.gnu-tools-for-stm32.14.3.rel1.win32_1.0.100.202602081740/tools/bin/../lib/gcc/arm-none-eabi/14.3.1/../../../../arm-none-eabi/lib/thumb/v7e-m+fp/hard\libc_nano.a(libc_a-nano-vfprintf_float.o)
                0x0800fcbc                __cvt
 .text.__exponent
                0x0800fd86       0x74 C:/ST/STM32CubeIDE_2.1.1/STM32CubeIDE/plugins/com.st.stm32cube.ide.mcu.externaltools.gnu-tools-for-stm32.14.3.rel1.win32_1.0.100.202602081740/tools/bin/../lib/gcc/arm-none-eabi/14.3.1/../../../../arm-none-eabi/lib/thumb/v7e-m+fp/hard\libc_nano.a(libc_a-nano-vfprintf_float.o)
                0x0800fd86                __exponent
 *fill*         0x0800fdfa        0x2 
 .text._printf_float
                0x0800fdfc      0x450 C:/ST/STM32CubeIDE_2.1.1/STM32CubeIDE/plugins/com.st.stm32cube.ide.mcu.externaltools.gnu-tools-for-stm32.14.3.rel1.win32_1.0.100.202602081740/tools/bin/../lib/gcc/arm-none-eabi/14.3.1/../../../../arm-none-eabi/lib/thumb/v7e-m+fp/hard\libc_nano.a(libc_a-nano-vfprintf_float.o)
                0x0800fdfc                _printf_float
 .text._printf_common
                0x0801024c       0xda C:/ST/STM32CubeIDE_2.1.1/STM32CubeIDE/plugins/com.st.stm32cube.ide.mcu.externaltools.gnu-tools-for-stm32.14.3.rel1.win32_1.0.100.202602081740/tools/bin/../lib/gcc/arm-none-eabi/14.3.1/../../../../arm-none-eabi/lib/thumb/v7e-m+fp/hard\libc_nano.a(libc_a-nano-vfprintf_i.o)
                0x0801024c                _printf_common
 *fill*         0x08010326        0x2 
 .text._printf_i
                0x08010328      0x24c C:/ST/STM32CubeIDE_2.1.1/STM32CubeIDE/plugins/com.st.stm32cube.ide.mcu.externaltools.gnu-tools-for-stm32.14.3.rel1.win32_1.0.100.202602081740/tools/bin/../lib/gcc/arm-none-eabi/14.3.1/../../../../arm-none-eabi/lib/thumb/v7e-m+fp/hard\libc_nano.a(libc_a-nano-vfprintf_i.o)
                0x08010328                _printf_i
 .text.std      0x08010574       0x6c C:/ST/STM32CubeIDE_2.1.1/STM32CubeIDE/plugins/com.st.stm32cube.ide.mcu.externaltools.gnu-tools-for-stm32.14.3.rel1.win32_1.0.100.202602081740/tools/bin/../lib/gcc/arm-none-eabi/14.3.1/../../../../arm-none-eabi/lib/thumb/v7e-m+fp/hard\libc_nano.a(libc_a-findfp.o)
 .text.stdio_exit_handler
                0x080105e0       0x18 C:/ST/STM32CubeIDE_2.1.1/STM32CubeIDE/plugins/com.st.stm32cube.ide.mcu.externaltools.gnu-tools-for-stm32.14.3.rel1.win32_1.0.100.202602081740/tools/bin/../lib/gcc/arm-none-eabi/14.3.1/../../../../arm-none-eabi/lib/thumb/v7e-m+fp/hard\libc_nano.a(libc_a-findfp.o)
 .text.cleanup_stdio
                0x080105f8       0x40 C:/ST/STM32CubeIDE_2.1.1/STM32CubeIDE/plugins/com.st.stm32cube.ide.mcu.externaltools.gnu-tools-for-stm32.14.3.rel1.win32_1.0.100.202602081740/tools/bin/../lib/gcc/arm-none-eabi/14.3.1/../../../../arm-none-eabi/lib/thumb/v7e-m+fp/hard\libc_nano.a(libc_a-findfp.o)
 .text.global_stdio_init.part.0
                0x08010638       0x40 C:/ST/STM32CubeIDE_2.1.1/STM32CubeIDE/plugins/com.st.stm32cube.ide.mcu.externaltools.gnu-tools-for-stm32.14.3.rel1.win32_1.0.100.202602081740/tools/bin/../lib/gcc/arm-none-eabi/14.3.1/../../../../arm-none-eabi/lib/thumb/v7e-m+fp/hard\libc_nano.a(libc_a-findfp.o)
 .text.__sfp_lock_acquire
                0x08010678        0xc C:/ST/STM32CubeIDE_2.1.1/STM32CubeIDE/plugins/com.st.stm32cube.ide.mcu.externaltools.gnu-tools-for-stm32.14.3.rel1.win32_1.0.100.202602081740/tools/bin/../lib/gcc/arm-none-eabi/14.3.1/../../../../arm-none-eabi/lib/thumb/v7e-m+fp/hard\libc_nano.a(libc_a-findfp.o)
                0x08010678                __sfp_lock_acquire
 .text.__sfp_lock_release
                0x08010684        0xc C:/ST/STM32CubeIDE_2.1.1/STM32CubeIDE/plugins/com.st.stm32cube.ide.mcu.externaltools.gnu-tools-for-stm32.14.3.rel1.win32_1.0.100.202602081740/tools/bin/../lib/gcc/arm-none-eabi/14.3.1/../../../../arm-none-eabi/lib/thumb/v7e-m+fp/hard\libc_nano.a(libc_a-findfp.o)
                0x08010684                __sfp_lock_release
 .text.__sinit  0x08010690       0x30 C:/ST/STM32CubeIDE_2.1.1/STM32CubeIDE/plugins/com.st.stm32cube.ide.mcu.externaltools.gnu-tools-for-stm32.14.3.rel1.win32_1.0.100.202602081740/tools/bin/../lib/gcc/arm-none-eabi/14.3.1/../../../../arm-none-eabi/lib/thumb/v7e-m+fp/hard\libc_nano.a(libc_a-findfp.o)
                0x08010690                __sinit
 .text._fwalk_sglue
                0x080106c0       0x3c C:/ST/STM32CubeIDE_2.1.1/STM32CubeIDE/plugins/com.st.stm32cube.ide.mcu.externaltools.gnu-tools-for-stm32.14.3.rel1.win32_1.0.100.202602081740/tools/bin/../lib/gcc/arm-none-eabi/14.3.1/../../../../arm-none-eabi/lib/thumb/v7e-m+fp/hard\libc_nano.a(libc_a-fwalk.o)
                0x080106c0                _fwalk_sglue
 .text.printf   0x080106fc       0x24 C:/ST/STM32CubeIDE_2.1.1/STM32CubeIDE/plugins/com.st.stm32cube.ide.mcu.externaltools.gnu-tools-for-stm32.14.3.rel1.win32_1.0.100.202602081740/tools/bin/../lib/gcc/arm-none-eabi/14.3.1/../../../../arm-none-eabi/lib/thumb/v7e-m+fp/hard\libc_nano.a(libc_a-printf.o)
                0x080106fc                iprintf
                0x080106fc                printf
 .text._puts_r  0x08010720       0xaa C:/ST/STM32CubeIDE_2.1.1/STM32CubeIDE/plugins/com.st.stm32cube.ide.mcu.externaltools.gnu-tools-for-stm32.14.3.rel1.win32_1.0.100.202602081740/tools/bin/../lib/gcc/arm-none-eabi/14.3.1/../../../../arm-none-eabi/lib/thumb/v7e-m+fp/hard\libc_nano.a(libc_a-puts.o)
                0x08010720                _puts_r
 *fill*         0x080107ca        0x2 
 .text.puts     0x080107cc       0x10 C:/ST/STM32CubeIDE_2.1.1/STM32CubeIDE/plugins/com.st.stm32cube.ide.mcu.externaltools.gnu-tools-for-stm32.14.3.rel1.win32_1.0.100.202602081740/tools/bin/../lib/gcc/arm-none-eabi/14.3.1/../../../../arm-none-eabi/lib/thumb/v7e-m+fp/hard\libc_nano.a(libc_a-puts.o)
                0x080107cc                puts
 .text.sprintf  0x080107dc       0x44 C:/ST/STM32CubeIDE_2.1.1/STM32CubeIDE/plugins/com.st.stm32cube.ide.mcu.externaltools.gnu-tools-for-stm32.14.3.rel1.win32_1.0.100.202602081740/tools/bin/../lib/gcc/arm-none-eabi/14.3.1/../../../../arm-none-eabi/lib/thumb/v7e-m+fp/hard\libc_nano.a(libc_a-sprintf.o)
                0x080107dc                siprintf
                0x080107dc                sprintf
 .text.__sread  0x08010820       0x22 C:/ST/STM32CubeIDE_2.1.1/STM32CubeIDE/plugins/com.st.stm32cube.ide.mcu.externaltools.gnu-tools-for-stm32.14.3.rel1.win32_1.0.100.202602081740/tools/bin/../lib/gcc/arm-none-eabi/14.3.1/../../../../arm-none-eabi/lib/thumb/v7e-m+fp/hard\libc_nano.a(libc_a-stdio.o)
                0x08010820                __sread
 .text.__swrite
                0x08010842       0x38 C:/ST/STM32CubeIDE_2.1.1/STM32CubeIDE/plugins/com.st.stm32cube.ide.mcu.externaltools.gnu-tools-for-stm32.14.3.rel1.win32_1.0.100.202602081740/tools/bin/../lib/gcc/arm-none-eabi/14.3.1/../../../../arm-none-eabi/lib/thumb/v7e-m+fp/hard\libc_nano.a(libc_a-stdio.o)
                0x08010842                __swrite
 .text.__sseek  0x0801087a       0x26 C:/ST/STM32CubeIDE_2.1.1/STM32CubeIDE/plugins/com.st.stm32cube.ide.mcu.externaltools.gnu-tools-for-stm32.14.3.rel1.win32_1.0.100.202602081740/tools/bin/../lib/gcc/arm-none-eabi/14.3.1/../../../../arm-none-eabi/lib/thumb/v7e-m+fp/hard\libc_nano.a(libc_a-stdio.o)
                0x0801087a                __sseek
 .text.__sclose
                0x080108a0        0x8 C:/ST/STM32CubeIDE_2.1.1/STM32CubeIDE/plugins/com.st.stm32cube.ide.mcu.externaltools.gnu-tools-for-stm32.14.3.rel1.win32_1.0.100.202602081740/tools/bin/../lib/gcc/arm-none-eabi/14.3.1/../../../../arm-none-eabi/lib/thumb/v7e-m+fp/hard\libc_nano.a(libc_a-stdio.o)
                0x080108a0                __sclose
 .text._vsnprintf_r
                0x080108a8       0x5c C:/ST/STM32CubeIDE_2.1.1/STM32CubeIDE/plugins/com.st.stm32cube.ide.mcu.externaltools.gnu-tools-for-stm32.14.3.rel1.win32_1.0.100.202602081740/tools/bin/../lib/gcc/arm-none-eabi/14.3.1/../../../../arm-none-eabi/lib/thumb/v7e-m+fp/hard\libc_nano.a(libc_a-vsnprintf.o)
                0x080108a8                _vsniprintf_r
                0x080108a8                _vsnprintf_r
 .text.vsnprintf
                0x08010904       0x1c C:/ST/STM32CubeIDE_2.1.1/STM32CubeIDE/plugins/com.st.stm32cube.ide.mcu.externaltools.gnu-tools-for-stm32.14.3.rel1.win32_1.0.100.202602081740/tools/bin/../lib/gcc/arm-none-eabi/14.3.1/../../../../arm-none-eabi/lib/thumb/v7e-m+fp/hard\libc_nano.a(libc_a-vsnprintf.o)
                0x08010904                vsniprintf
                0x08010904                vsnprintf
 .text.__swbuf_r
                0x08010920       0x7c C:/ST/STM32CubeIDE_2.1.1/STM32CubeIDE/plugins/com.st.stm32cube.ide.mcu.externaltools.gnu-tools-for-stm32.14.3.rel1.win32_1.0.100.202602081740/tools/bin/../lib/gcc/arm-none-eabi/14.3.1/../../../../arm-none-eabi/lib/thumb/v7e-m+fp/hard\libc_nano.a(libc_a-wbuf.o)
                0x08010920                __swbuf_r
 .text.__swsetup_r
                0x0801099c       0xa8 C:/ST/STM32CubeIDE_2.1.1/STM32CubeIDE/plugins/com.st.stm32cube.ide.mcu.externaltools.gnu-tools-for-stm32.14.3.rel1.win32_1.0.100.202602081740/tools/bin/../lib/gcc/arm-none-eabi/14.3.1/../../../../arm-none-eabi/lib/thumb/v7e-m+fp/hard\libc_nano.a(libc_a-wsetup.o)
                0x0801099c                __swsetup_r
 .text.memset   0x08010a44       0x10 C:/ST/STM32CubeIDE_2.1.1/STM32CubeIDE/plugins/com.st.stm32cube.ide.mcu.externaltools.gnu-tools-for-stm32.14.3.rel1.win32_1.0.100.202602081740/tools/bin/../lib/gcc/arm-none-eabi/14.3.1/../../../../arm-none-eabi/lib/thumb/v7e-m+fp/hard\libc_nano.a(libc_a-memset.o)
                0x08010a44                memset
 .text._localeconv_r
                0x08010a54        0x8 C:/ST/STM32CubeIDE_2.1.1/STM32CubeIDE/plugins/com.st.stm32cube.ide.mcu.externaltools.gnu-tools-for-stm32.14.3.rel1.win32_1.0.100.202602081740/tools/bin/../lib/gcc/arm-none-eabi/14.3.1/../../../../arm-none-eabi/lib/thumb/v7e-m+fp/hard\libc_nano.a(libc_a-localeconv.o)
                0x08010a54                _localeconv_r
 .text._close_r
                0x08010a5c       0x20 C:/ST/STM32CubeIDE_2.1.1/STM32CubeIDE/plugins/com.st.stm32cube.ide.mcu.externaltools.gnu-tools-for-stm32.14.3.rel1.win32_1.0.100.202602081740/tools/bin/../lib/gcc/arm-none-eabi/14.3.1/../../../../arm-none-eabi/lib/thumb/v7e-m+fp/hard\libc_nano.a(libc_a-closer.o)
                0x08010a5c                _close_r
 .text._reclaim_reent
                0x08010a7c       0xbc C:/ST/STM32CubeIDE_2.1.1/STM32CubeIDE/plugins/com.st.stm32cube.ide.mcu.externaltools.gnu-tools-for-stm32.14.3.rel1.win32_1.0.100.202602081740/tools/bin/../lib/gcc/arm-none-eabi/14.3.1/../../../../arm-none-eabi/lib/thumb/v7e-m+fp/hard\libc_nano.a(libc_a-reent.o)
                0x08010a7c                _reclaim_reent
 .text._lseek_r
                0x08010b38       0x24 C:/ST/STM32CubeIDE_2.1.1/STM32CubeIDE/plugins/com.st.stm32cube.ide.mcu.externaltools.gnu-tools-for-stm32.14.3.rel1.win32_1.0.100.202602081740/tools/bin/../lib/gcc/arm-none-eabi/14.3.1/../../../../arm-none-eabi/lib/thumb/v7e-m+fp/hard\libc_nano.a(libc_a-lseekr.o)
                0x08010b38                _lseek_r
 .text._read_r  0x08010b5c       0x24 C:/ST/STM32CubeIDE_2.1.1/STM32CubeIDE/plugins/com.st.stm32cube.ide.mcu.externaltools.gnu-tools-for-stm32.14.3.rel1.win32_1.0.100.202602081740/tools/bin/../lib/gcc/arm-none-eabi/14.3.1/../../../../arm-none-eabi/lib/thumb/v7e-m+fp/hard\libc_nano.a(libc_a-readr.o)
                0x08010b5c                _read_r
 .text._sbrk_r  0x08010b80       0x20 C:/ST/STM32CubeIDE_2.1.1/STM32CubeIDE/plugins/com.st.stm32cube.ide.mcu.externaltools.gnu-tools-for-stm32.14.3.rel1.win32_1.0.100.202602081740/tools/bin/../lib/gcc/arm-none-eabi/14.3.1/../../../../arm-none-eabi/lib/thumb/v7e-m+fp/hard\libc_nano.a(libc_a-sbrkr.o)
                0x08010b80                _sbrk_r
 .text._write_r
                0x08010ba0       0x24 C:/ST/STM32CubeIDE_2.1.1/STM32CubeIDE/plugins/com.st.stm32cube.ide.mcu.externaltools.gnu-tools-for-stm32.14.3.rel1.win32_1.0.100.202602081740/tools/bin/../lib/gcc/arm-none-eabi/14.3.1/../../../../arm-none-eabi/lib/thumb/v7e-m+fp/hard\libc_nano.a(libc_a-writer.o)
                0x08010ba0                _write_r
 .text.__errno  0x08010bc4        0xc C:/ST/STM32CubeIDE_2.1.1/STM32CubeIDE/plugins/com.st.stm32cube.ide.mcu.externaltools.gnu-tools-for-stm32.14.3.rel1.win32_1.0.100.202602081740/tools/bin/../lib/gcc/arm-none-eabi/14.3.1/../../../../arm-none-eabi/lib/thumb/v7e-m+fp/hard\libc_nano.a(libc_a-errno.o)
                0x08010bc4                __errno
 .text.__libc_init_array
                0x08010bd0       0x48 C:/ST/STM32CubeIDE_2.1.1/STM32CubeIDE/plugins/com.st.stm32cube.ide.mcu.externaltools.gnu-tools-for-stm32.14.3.rel1.win32_1.0.100.202602081740/tools/bin/../lib/gcc/arm-none-eabi/14.3.1/../../../../arm-none-eabi/lib/thumb/v7e-m+fp/hard\libc_nano.a(libc_a-init.o)
                0x08010bd0                __libc_init_array
 .text.__retarget_lock_init_recursive
                0x08010c18        0x2 C:/ST/STM32CubeIDE_2.1.1/STM32CubeIDE/plugins/com.st.stm32cube.ide.mcu.externaltools.gnu-tools-for-stm32.14.3.rel1.win32_1.0.100.202602081740/tools/bin/../lib/gcc/arm-none-eabi/14.3.1/../../../../arm-none-eabi/lib/thumb/v7e-m+fp/hard\libc_nano.a(libc_a-lock.o)
                0x08010c18                __retarget_lock_init_recursive
 .text.__retarget_lock_acquire_recursive
                0x08010c1a        0x2 C:/ST/STM32CubeIDE_2.1.1/STM32CubeIDE/plugins/com.st.stm32cube.ide.mcu.externaltools.gnu-tools-for-stm32.14.3.rel1.win32_1.0.100.202602081740/tools/bin/../lib/gcc/arm-none-eabi/14.3.1/../../../../arm-none-eabi/lib/thumb/v7e-m+fp/hard\libc_nano.a(libc_a-lock.o)
                0x08010c1a                __retarget_lock_acquire_recursive
 .text.__retarget_lock_release_recursive
                0x08010c1c        0x2 C:/ST/STM32CubeIDE_2.1.1/STM32CubeIDE/plugins/com.st.stm32cube.ide.mcu.externaltools.gnu-tools-for-stm32.14.3.rel1.win32_1.0.100.202602081740/tools/bin/../lib/gcc/arm-none-eabi/14.3.1/../../../../arm-none-eabi/lib/thumb/v7e-m+fp/hard\libc_nano.a(libc_a-lock.o)
                0x08010c1c                __retarget_lock_release_recursive
 .text.memcpy   0x08010c1e       0x1c C:/ST/STM32CubeIDE_2.1.1/STM32CubeIDE/plugins/com.st.stm32cube.ide.mcu.externaltools.gnu-tools-for-stm32.14.3.rel1.win32_1.0.100.202602081740/tools/bin/../lib/gcc/arm-none-eabi/14.3.1/../../../../arm-none-eabi/lib/thumb/v7e-m+fp/hard\libc_nano.a(libc_a-memcpy-stub.o)
                0x08010c1e                memcpy
 .text.quorem   0x08010c3a      0x110 C:/ST/STM32CubeIDE_2.1.1/STM32CubeIDE/plugins/com.st.stm32cube.ide.mcu.externaltools.gnu-tools-for-stm32.14.3.rel1.win32_1.0.100.202602081740/tools/bin/../lib/gcc/arm-none-eabi/14.3.1/../../../../arm-none-eabi/lib/thumb/v7e-m+fp/hard\libc_nano.a(libc_a-dtoa.o)
 *fill*         0x08010d4a        0x6 
 .text._dtoa_r  0x08010d50      0xbb8 C:/ST/STM32CubeIDE_2.1.1/STM32CubeIDE/plugins/com.st.stm32cube.ide.mcu.externaltools.gnu-tools-for-stm32.14.3.rel1.win32_1.0.100.202602081740/tools/bin/../lib/gcc/arm-none-eabi/14.3.1/../../../../arm-none-eabi/lib/thumb/v7e-m+fp/hard\libc_nano.a(libc_a-dtoa.o)
                0x08010d50                _dtoa_r
 .text._free_r  0x08011908       0x94 C:/ST/STM32CubeIDE_2.1.1/STM32CubeIDE/plugins/com.st.stm32cube.ide.mcu.externaltools.gnu-tools-for-stm32.14.3.rel1.win32_1.0.100.202602081740/tools/bin/../lib/gcc/arm-none-eabi/14.3.1/../../../../arm-none-eabi/lib/thumb/v7e-m+fp/hard\libc_nano.a(libc_a-freer.o)
                0x08011908                _free_r
 .text._Balloc  0x0801199c       0x7c C:/ST/STM32CubeIDE_2.1.1/STM32CubeIDE/plugins/com.st.stm32cube.ide.mcu.externaltools.gnu-tools-for-stm32.14.3.rel1.win32_1.0.100.202602081740/tools/bin/../lib/gcc/arm-none-eabi/14.3.1/../../../../arm-none-eabi/lib/thumb/v7e-m+fp/hard\libc_nano.a(libc_a-mprec.o)
                0x0801199c                _Balloc
 .text._Bfree   0x08011a18       0x44 C:/ST/STM32CubeIDE_2.1.1/STM32CubeIDE/plugins/com.st.stm32cube.ide.mcu.externaltools.gnu-tools-for-stm32.14.3.rel1.win32_1.0.100.202602081740/tools/bin/../lib/gcc/arm-none-eabi/14.3.1/../../../../arm-none-eabi/lib/thumb/v7e-m+fp/hard\libc_nano.a(libc_a-mprec.o)
                0x08011a18                _Bfree
 .text.__multadd
                0x08011a5c       0x8c C:/ST/STM32CubeIDE_2.1.1/STM32CubeIDE/plugins/com.st.stm32cube.ide.mcu.externaltools.gnu-tools-for-stm32.14.3.rel1.win32_1.0.100.202602081740/tools/bin/../lib/gcc/arm-none-eabi/14.3.1/../../../../arm-none-eabi/lib/thumb/v7e-m+fp/hard\libc_nano.a(libc_a-mprec.o)
                0x08011a5c                __multadd
 .text.__hi0bits
                0x08011ae8       0x3e C:/ST/STM32CubeIDE_2.1.1/STM32CubeIDE/plugins/com.st.stm32cube.ide.mcu.externaltools.gnu-tools-for-stm32.14.3.rel1.win32_1.0.100.202602081740/tools/bin/../lib/gcc/arm-none-eabi/14.3.1/../../../../arm-none-eabi/lib/thumb/v7e-m+fp/hard\libc_nano.a(libc_a-mprec.o)
                0x08011ae8                __hi0bits
 .text.__lo0bits
                0x08011b26       0x5a C:/ST/STM32CubeIDE_2.1.1/STM32CubeIDE/plugins/com.st.stm32cube.ide.mcu.externaltools.gnu-tools-for-stm32.14.3.rel1.win32_1.0.100.202602081740/tools/bin/../lib/gcc/arm-none-eabi/14.3.1/../../../../arm-none-eabi/lib/thumb/v7e-m+fp/hard\libc_nano.a(libc_a-mprec.o)
                0x08011b26                __lo0bits
 .text.__i2b    0x08011b80       0x2c C:/ST/STM32CubeIDE_2.1.1/STM32CubeIDE/plugins/com.st.stm32cube.ide.mcu.externaltools.gnu-tools-for-stm32.14.3.rel1.win32_1.0.100.202602081740/tools/bin/../lib/gcc/arm-none-eabi/14.3.1/../../../../arm-none-eabi/lib/thumb/v7e-m+fp/hard\libc_nano.a(libc_a-mprec.o)
                0x08011b80                __i2b
 .text.__multiply
                0x08011bac      0x154 C:/ST/STM32CubeIDE_2.1.1/STM32CubeIDE/plugins/com.st.stm32cube.ide.mcu.externaltools.gnu-tools-for-stm32.14.3.rel1.win32_1.0.100.202602081740/tools/bin/../lib/gcc/arm-none-eabi/14.3.1/../../../../arm-none-eabi/lib/thumb/v7e-m+fp/hard\libc_nano.a(libc_a-mprec.o)
                0x08011bac                __multiply
 .text.__pow5mult
                0x08011d00       0xb8 C:/ST/STM32CubeIDE_2.1.1/STM32CubeIDE/plugins/com.st.stm32cube.ide.mcu.externaltools.gnu-tools-for-stm32.14.3.rel1.win32_1.0.100.202602081740/tools/bin/../lib/gcc/arm-none-eabi/14.3.1/../../../../arm-none-eabi/lib/thumb/v7e-m+fp/hard\libc_nano.a(libc_a-mprec.o)
                0x08011d00                __pow5mult
 .text.__lshift
                0x08011db8       0xdc C:/ST/STM32CubeIDE_2.1.1/STM32CubeIDE/plugins/com.st.stm32cube.ide.mcu.externaltools.gnu-tools-for-stm32.14.3.rel1.win32_1.0.100.202602081740/tools/bin/../lib/gcc/arm-none-eabi/14.3.1/../../../../arm-none-eabi/lib/thumb/v7e-m+fp/hard\libc_nano.a(libc_a-mprec.o)
                0x08011db8                __lshift
 .text.__mcmp   0x08011e94       0x36 C:/ST/STM32CubeIDE_2.1.1/STM32CubeIDE/plugins/com.st.stm32cube.ide.mcu.externaltools.gnu-tools-for-stm32.14.3.rel1.win32_1.0.100.202602081740/tools/bin/../lib/gcc/arm-none-eabi/14.3.1/../../../../arm-none-eabi/lib/thumb/v7e-m+fp/hard\libc_nano.a(libc_a-mprec.o)
                0x08011e94                __mcmp
 *fill*         0x08011eca        0x2 
 .text.__mdiff  0x08011ecc      0x130 C:/ST/STM32CubeIDE_2.1.1/STM32CubeIDE/plugins/com.st.stm32cube.ide.mcu.externaltools.gnu-tools-for-stm32.14.3.rel1.win32_1.0.100.202602081740/tools/bin/../lib/gcc/arm-none-eabi/14.3.1/../../../../arm-none-eabi/lib/thumb/v7e-m+fp/hard\libc_nano.a(libc_a-mprec.o)
                0x08011ecc                __mdiff
 .text.__d2b    0x08011ffc       0xb0 C:/ST/STM32CubeIDE_2.1.1/STM32CubeIDE/plugins/com.st.stm32cube.ide.mcu.externaltools.gnu-tools-for-stm32.14.3.rel1.win32_1.0.100.202602081740/tools/bin/../lib/gcc/arm-none-eabi/14.3.1/../../../../arm-none-eabi/lib/thumb/v7e-m+fp/hard\libc_nano.a(libc_a-mprec.o)
                0x08011ffc                __d2b
 .text.__ssputs_r
                0x080120ac       0xc0 C:/ST/STM32CubeIDE_2.1.1/STM32CubeIDE/plugins/com.st.stm32cube.ide.mcu.externaltools.gnu-tools-for-stm32.14.3.rel1.win32_1.0.100.202602081740/tools/bin/../lib/gcc/arm-none-eabi/14.3.1/../../../../arm-none-eabi/lib/thumb/v7e-m+fp/hard\libc_nano.a(libc_a-nano-svfprintf.o)
                0x080120ac                __ssputs_r
 .text._svfprintf_r