../BSP/Sensors/Src/ad7124.c:74:9:ad7124_no_check_read_register	56	static
../BSP/Sensors/Src/ad7124.c:155:9:ad7124_no_check_write_register	48	static
../BSP/Sensors/Src/ad7124.c:215:9:ad7124_read_register	24	static
../BSP/Sensors/Src/ad7124.c:238:9:ad7124_read_register2	32	static
../BSP/Sensors/Src/ad7124.c:262:9:ad7124_write_register	32	static
../BSP/Sensors/Src/ad7124.c:285:9:ad7124_write_register2	32	static
../BSP/Sensors/Src/ad7124.c:299:9:ad7124_reset	32	static
../BSP/Sensors/Src/ad7124.c:340:9:ad7124_wait_for_spi_ready	32	static
../BSP/Sensors/Src/ad7124.c:376:9:ad7124_wait_to_power_on	32	static
../BSP/Sensors/Src/ad7124.c:412:9:ad7124_wait_for_conv_ready	32	static
../BSP/Sensors/Src/ad7124.c:446:9:ad7124_read_data	24	static
../BSP/Sensors/Src/ad7124.c:472:9:ad7124_get_read_chan_id	24	static
../BSP/Sensors/Src/ad7124.c:492:9:ad7124_compute_crc8	24	static
../BSP/Sensors/Src/ad7124.c:520:6:ad7124_update_crcsetting	24	static
../BSP/Sensors/Src/ad7124.c:540:6:ad7124_update_dev_spi_settings	24	static
../BSP/Sensors/Src/ad7124.c:561:9:ad7124_fclk_get	40	static
../BSP/Sensors/Src/ad7124.c:596:9:ad7124_fltcoff_get	40	static
../BSP/Sensors/Src/ad7124.c:648:7:ad7124_get_odr	40	static
../BSP/Sensors/Src/ad7124.c:697:9:ad7124_set_odr	48	static
../BSP/Sensors/Src/ad7124.c:740:5:ad7124_reg_write_msk	32	static
../BSP/Sensors/Src/ad7124.c:764:5:ad7124_set_adc_mode	24	static
../BSP/Sensors/Src/ad7124.c:791:5:ad7124_set_channel_status	24	static
../BSP/Sensors/Src/ad7124.c:822:5:ad7124_connect_analog_input	32	static
../BSP/Sensors/Src/ad7124.c:865:5:ad7124_assign_setup	24	static
../BSP/Sensors/Src/ad7124.c:896:5:ad7124_set_polarity	24	static
../BSP/Sensors/Src/ad7124.c:927:5:ad7124_set_burnout	24	static
../BSP/Sensors/Src/ad7124.c:954:5:ad7124_set_reference_source	24	static
../BSP/Sensors/Src/ad7124.c:1004:5:ad7124_enable_buffers	24	static
../BSP/Sensors/Src/ad7124.c:1053:5:ad7124_set_pga	24	static
../BSP/Sensors/Src/ad7124.c:1079:5:ad7124_set_power_mode	24	static
../BSP/Sensors/Src/ad7124.c:1105:9:ad7124_setup	40	static
../BSP/Sensors/Src/ad7124.c:1283:9:ad7124_remove	16	static
