../BSP/Sensors/Src/ad7124.c:62:9:ad7124_no_check_read_register	40	static
../BSP/Sensors/Src/ad7124.c:131:9:ad7124_no_check_write_register	32	static
../BSP/Sensors/Src/ad7124.c:176:9:ad7124_read_register	24	static
../BSP/Sensors/Src/ad7124.c:199:9:ad7124_read_register2	32	static
../BSP/Sensors/Src/ad7124.c:223:9:ad7124_write_register	32	static
../BSP/Sensors/Src/ad7124.c:246:9:ad7124_write_register2	32	static
../BSP/Sensors/Src/ad7124.c:260:9:ad7124_reset	32	static
../BSP/Sensors/Src/ad7124.c:292:9:ad7124_wait_for_spi_ready	32	static
../BSP/Sensors/Src/ad7124.c:328:9:ad7124_wait_to_power_on	32	static
../BSP/Sensors/Src/ad7124.c:364:9:ad7124_wait_for_conv_ready	32	static
../BSP/Sensors/Src/ad7124.c:398:9:ad7124_read_data	24	static
../BSP/Sensors/Src/ad7124.c:424:9:ad7124_get_read_chan_id	24	static
../BSP/Sensors/Src/ad7124.c:444:9:ad7124_compute_crc8	24	static
../BSP/Sensors/Src/ad7124.c:472:6:ad7124_update_crcsetting	24	static
../BSP/Sensors/Src/ad7124.c:492:6:ad7124_update_dev_spi_settings	24	static
../BSP/Sensors/Src/ad7124.c:513:9:ad7124_fclk_get	40	static
../BSP/Sensors/Src/ad7124.c:550:9:ad7124_fltcoff_get	40	static
../BSP/Sensors/Src/ad7124.c:602:7:ad7124_get_odr	40	static
../BSP/Sensors/Src/ad7124.c:651:9:ad7124_set_odr	48	static
../BSP/Sensors/Src/ad7124.c:694:5:ad7124_reg_write_msk	32	static
../BSP/Sensors/Src/ad7124.c:718:5:ad7124_set_adc_mode	32	static
../BSP/Sensors/Src/ad7124.c:744:5:ad7124_set_channel_status	24	static
../BSP/Sensors/Src/ad7124.c:775:5:ad7124_connect_analog_input	56	static
../BSP/Sensors/Src/ad7124.c:812:5:ad7124_assign_setup	40	static
../BSP/Sensors/Src/ad7124.c:839:5:ad7124_set_polarity	24	static
../BSP/Sensors/Src/ad7124.c:870:5:ad7124_set_burnout	40	static
../BSP/Sensors/Src/ad7124.c:896:5:ad7124_set_reference_source	40	static
../BSP/Sensors/Src/ad7124.c:944:5:ad7124_enable_buffers	32	static
../BSP/Sensors/Src/ad7124.c:993:5:ad7124_set_pga	40	static
../BSP/Sensors/Src/ad7124.c:1018:5:ad7124_set_power_mode	32	static
../BSP/Sensors/Src/ad7124.c:1042:9:ad7124_setup	40	static
../BSP/Sensors/Src/ad7124.c:1192:9:ad7124_remove	24	static
