../BSP/Sensors/Src/ad7124_console_app.c:111:9:ad7124_app_initialize	48	static
../BSP/Sensors/Src/ad7124_console_app.c:186:6:read_status_register	16	static
../BSP/Sensors/Src/ad7124_console_app.c:200:6:read_error_register	8	static
../BSP/Sensors/Src/ad7124_console_app.c:274:13:dislay_channel_samples	48	static
../BSP/Sensors/Src/ad7124_console_app.c:321:6:display_channel_sample	32	static
../BSP/Sensors/Src/ad7124_console_app.c:339:13:clear_channel_samples	16	static
../BSP/Sensors/Src/ad7124_console_app.c:355:9:do_continuous_conversion	40	static
../BSP/Sensors/Src/ad7124_console_app.c:522:9:menu_single_conversion	40	static
../BSP/Sensors/Src/ad7124_console_app.c:687:9:ad7124_reset_function	8	static
../BSP/Sensors/Src/ad7124_console_app.c:705:9:ad7124_read_device_id	8	static
