../BSP/Sensors/Src/ad7124_console_app.c:118:9:ad7124_app_initialize	64	static
../BSP/Sensors/Src/ad7124_console_app.c:227:6:read_status_register	24	static
../BSP/Sensors/Src/ad7124_console_app.c:254:6:read_error_register	16	static
../BSP/Sensors/Src/ad7124_console_app.c:339:13:dislay_channel_samples	48	static
../BSP/Sensors/Src/ad7124_console_app.c:395:6:display_channel_sample	32	static
../BSP/Sensors/Src/ad7124_console_app.c:419:7:get_channel_sample	16	static
../BSP/Sensors/Src/ad7124_console_app.c:442:7:ad7124_read_differential_channel_voltage	24	static
../BSP/Sensors/Src/ad7124_console_app.c:459:7:ad7124_read_channel_current_pc104	24	static
../BSP/Sensors/Src/ad7124_console_app.c:469:7:ad7124_read_channel_current_pressure	24	static
../BSP/Sensors/Src/ad7124_console_app.c:485:7:ad7124_read_pressure	24	static
../BSP/Sensors/Src/ad7124_console_app.c:500:13:clear_channel_samples	16	static
../BSP/Sensors/Src/ad7124_console_app.c:516:9:do_continuous_conversion	40	static
../BSP/Sensors/Src/ad7124_console_app.c:683:9:menu_single_conversion	48	static
../BSP/Sensors/Src/ad7124_console_app.c:860:9:ad7124_reset_function	8	static
../BSP/Sensors/Src/ad7124_console_app.c:878:9:ad7124_read_device_id	16	static
