../BSP/Sensors/Src/ad7124.c:70:9:ad7124_no_check_read_register	56	static
../BSP/Sensors/Src/ad7124.c:151:9:ad7124_no_check_write_register	48	static
../BSP/Sensors/Src/ad7124.c:211:9:ad7124_read_register	24	static
../BSP/Sensors/Src/ad7124.c:234:9:ad7124_read_register2	32	static
../BSP/Sensors/Src/ad7124.c:258:9:ad7124_write_register	32	static
../BSP/Sensors/Src/ad7124.c:281:9:ad7124_write_register2	32	static
../BSP/Sensors/Src/ad7124.c:295:9:ad7124_reset	32	static
../BSP/Sensors/Src/ad7124.c:336:9:ad7124_wait_for_spi_ready	32	static
../BSP/Sensors/Src/ad7124.c:372:9:ad7124_wait_to_power_on	32	static
../BSP/Sensors/Src/ad7124.c:408:9:ad7124_wait_for_conv_ready	32	static
../BSP/Sensors/Src/ad7124.c:442:9:ad7124_read_data	24	static
../BSP/Sensors/Src/ad7124.c:468:9:ad7124_get_read_chan_id	24	static
../BSP/Sensors/Src/ad7124.c:488:9:ad7124_compute_crc8	24	static
../BSP/Sensors/Src/ad7124.c:516:6:ad7124_update_crcsetting	24	static
../BSP/Sensors/Src/ad7124.c:536:6:ad7124_update_dev_spi_settings	24	static
../BSP/Sensors/Src/ad7124.c:557:9:ad7124_fclk_get	40	static
../BSP/Sensors/Src/ad7124.c:592:9:ad7124_fltcoff_get	40	static
../BSP/Sensors/Src/ad7124.c:644:7:ad7124_get_odr	40	static
../BSP/Sensors/Src/ad7124.c:693:9:ad7124_set_odr	48	static
../BSP/Sensors/Src/ad7124.c:736:5:ad7124_reg_write_msk	32	static
../BSP/Sensors/Src/ad7124.c:760:5:ad7124_set_adc_mode	24	static
../BSP/Sensors/Src/ad7124.c:787:5:ad7124_set_channel_status	24	static
../BSP/Sensors/Src/ad7124.c:818:5:ad7124_connect_analog_input	32	static
../BSP/Sensors/Src/ad7124.c:861:5:ad7124_assign_setup	24	static
../BSP/Sensors/Src/ad7124.c:892:5:ad7124_set_polarity	24	static
../BSP/Sensors/Src/ad7124.c:923:5:ad7124_set_burnout	24	static
../BSP/Sensors/Src/ad7124.c:950:5:ad7124_set_reference_source	24	static
../BSP/Sensors/Src/ad7124.c:1000:5:ad7124_enable_buffers	24	static
../BSP/Sensors/Src/ad7124.c:1049:5:ad7124_set_pga	24	static
../BSP/Sensors/Src/ad7124.c:1075:5:ad7124_set_power_mode	24	static
../BSP/Sensors/Src/ad7124.c:1101:9:ad7124_setup	40	static
../BSP/Sensors/Src/ad7124.c:1279:9:ad7124_remove	16	static
