../BSP/Sensors/Src/fdc2214.c:14:9:FDC2214_Begin	8	static
../BSP/Sensors/Src/fdc2214.c:29:9:isConnected	24	static
../BSP/Sensors/Src/fdc2214.c:60:9:FDC2214_Init	24	static
../BSP/Sensors/Src/fdc2214.c:359:10:read_register	32	static
../BSP/Sensors/Src/fdc2214.c:377:10:write_register	32	static
../BSP/Sensors/Src/fdc2214.c:396:10:FDC2214_read_data	40	static
../BSP/Sensors/Src/fdc2214.c:450:7:FDC2214_read_capacitance	48	static
../BSP/Sensors/Src/fdc2214.c:474:7:FDC2214_read_differential_capacitance	24	static
../BSP/Sensors/Src/fdc2214.c:502:9:FDC2214_read_accumulator_height	24	static
../BSP/Sensors/Src/fdc2214.c:512:6:reset_fdc2214	32	static
../BSP/Sensors/Src/fdc2214.c:526:5:FDC2214_Check_Device_ID	24	static
