../BSP/Sensors/Src/fdc2214.c:35:9:FDC2214_Begin	8	static
../BSP/Sensors/Src/fdc2214.c:47:9:isConnected	24	static
../BSP/Sensors/Src/fdc2214.c:75:9:reset_fdc2214	8	static
../BSP/Sensors/Src/fdc2214.c:83:5:FDC2214_get_device_id	24	static
../BSP/Sensors/Src/fdc2214.c:96:5:FDC2214_Check_Device_ID	24	static
../BSP/Sensors/Src/fdc2214.c:129:6:setReferenceCount	16	static
../BSP/Sensors/Src/fdc2214.c:134:6:setSettleCount	16	static
../BSP/Sensors/Src/fdc2214.c:138:6:setOffset	16	static
../BSP/Sensors/Src/fdc2214.c:142:6:setClockDividers	24	static
../BSP/Sensors/Src/fdc2214.c:156:6:setDriveCurrent	24	static
../BSP/Sensors/Src/fdc2214.c:169:9:FDC2214_configure_defaults	16	static
../BSP/Sensors/Src/fdc2214.c:485:6:FDC2214_set_active_channel	16	static
../BSP/Sensors/Src/fdc2214.c:492:6:FDC2214_setAutoscan	24	static
../BSP/Sensors/Src/fdc2214.c:503:6:FDC2214_setDeglitch	16	static
../BSP/Sensors/Src/fdc2214.c:510:6:FDC2214_setReferenceClockSource	16	static
../BSP/Sensors/Src/fdc2214.c:517:6:FDC2214_setHighCurrentDrive	16	static
../BSP/Sensors/Src/fdc2214.c:524:6:FDC2214_setSleep	16	static
../BSP/Sensors/Src/fdc2214.c:531:6:FDC2214_wakeup	8	static
../BSP/Sensors/Src/fdc2214.c:537:6:FDC2214_sleep	8	static
../BSP/Sensors/Src/fdc2214.c:546:9:FDC2214_is_data_ready	24	static
../BSP/Sensors/Src/fdc2214.c:621:10:FDC2214_readRawChannel	24	static
../BSP/Sensors/Src/fdc2214.c:631:7:FDC2214_readFrequencyHz	40	static
../BSP/Sensors/Src/fdc2214.c:648:7:FDC2214_readCapacitancePf	32	static
../BSP/Sensors/Src/fdc2214.c:687:7:FDC2214_read_differential_capacitance	16	static
../BSP/Sensors/Src/fdc2214.c:720:9:FDC2214_read_accumulator_height	24	static
../BSP/Sensors/Src/fdc2214.c:729:10:readStatus	8	static
../BSP/Sensors/Src/fdc2214.c:734:10:readErrorConfig	8	static
../BSP/Sensors/Src/fdc2214.c:741:10:read_register	32	static
../BSP/Sensors/Src/fdc2214.c:759:9:write_register	32	static
../BSP/Sensors/Src/fdc2214.c:778:6:write_config	8	static
../BSP/Sensors/Src/fdc2214.c:782:6:write_mux_config	8	static
