../BSP/Sensors/Src/fdc2214.c:22:9:FDC2214_Begin	8	static
../BSP/Sensors/Src/fdc2214.c:34:9:isConnected	24	static
../BSP/Sensors/Src/fdc2214.c:61:9:reset_fdc2214	8	static
../BSP/Sensors/Src/fdc2214.c:70:5:FDC2214_Check_Device_ID	24	static
../BSP/Sensors/Src/fdc2214.c:105:6:setReferenceCount	16	static
../BSP/Sensors/Src/fdc2214.c:110:6:setSettleCount	16	static
../BSP/Sensors/Src/fdc2214.c:114:6:setOffset	16	static
../BSP/Sensors/Src/fdc2214.c:118:6:setClockDividers	24	static
../BSP/Sensors/Src/fdc2214.c:132:6:setDriveCurrent	24	static
../BSP/Sensors/Src/fdc2214.c:149:9:FDC2214_configure_defaults	32	static
../BSP/Sensors/Src/fdc2214.c:460:10:read_register	32	static
../BSP/Sensors/Src/fdc2214.c:478:9:write_register	32	static
../BSP/Sensors/Src/fdc2214.c:500:10:FDC2214_read_data	40	static
../BSP/Sensors/Src/fdc2214.c:554:7:FDC2214_read_capacitance	48	static
../BSP/Sensors/Src/fdc2214.c:578:7:FDC2214_read_differential_capacitance	24	static
../BSP/Sensors/Src/fdc2214.c:606:9:FDC2214_read_accumulator_height	24	static
../BSP/Sensors/Src/fdc2214.c:615:6:write_config	8	static
../BSP/Sensors/Src/fdc2214.c:619:6:write_mux_config	8	static
