../BSP/Sensors/Src/fdc2214.c:22:9:FDC2214_Begin	8	static
../BSP/Sensors/Src/fdc2214.c:34:9:isConnected	24	static
../BSP/Sensors/Src/fdc2214.c:61:9:reset_fdc2214	8	static
../BSP/Sensors/Src/fdc2214.c:70:5:FDC2214_Check_Device_ID	24	static
../BSP/Sensors/Src/fdc2214.c:103:6:setReferenceCount	16	static
../BSP/Sensors/Src/fdc2214.c:108:6:setSettleCount	16	static
../BSP/Sensors/Src/fdc2214.c:112:6:setOffset	16	static
../BSP/Sensors/Src/fdc2214.c:116:6:setClockDividers	24	static
../BSP/Sensors/Src/fdc2214.c:130:6:setDriveCurrent	24	static
../BSP/Sensors/Src/fdc2214.c:143:9:FDC2214_configure_defaults	16	static
../BSP/Sensors/Src/fdc2214.c:459:6:FDC2214_set_active_channel	16	static
../BSP/Sensors/Src/fdc2214.c:466:6:FDC2214_setAutoscan	24	static
../BSP/Sensors/Src/fdc2214.c:477:6:FDC2214_setDeglitch	16	static
../BSP/Sensors/Src/fdc2214.c:484:6:FDC2214_setReferenceClockSource	16	static
../BSP/Sensors/Src/fdc2214.c:491:6:FDC2214_setHighCurrentDrive	16	static
../BSP/Sensors/Src/fdc2214.c:498:6:FDC2214_setSleep	16	static
../BSP/Sensors/Src/fdc2214.c:505:6:FDC2214_wakeup	8	static
../BSP/Sensors/Src/fdc2214.c:511:6:FDC2214_sleep	8	static
../BSP/Sensors/Src/fdc2214.c:520:9:FDC2214_is_data_ready	24	static
../BSP/Sensors/Src/fdc2214.c:595:10:FDC2214_readRawChannel	24	static
../BSP/Sensors/Src/fdc2214.c:605:7:FDC2214_readFrequencyHz	40	static
../BSP/Sensors/Src/fdc2214.c:622:7:FDC2214_readCapacitancePf	32	static
../BSP/Sensors/Src/fdc2214.c:661:7:FDC2214_read_differential_capacitance	16	static
../BSP/Sensors/Src/fdc2214.c:694:9:FDC2214_read_accumulator_height	24	static
../BSP/Sensors/Src/fdc2214.c:703:10:readStatus	8	static
../BSP/Sensors/Src/fdc2214.c:708:10:readErrorConfig	8	static
../BSP/Sensors/Src/fdc2214.c:715:10:read_register	32	static
../BSP/Sensors/Src/fdc2214.c:733:9:write_register	32	static
../BSP/Sensors/Src/fdc2214.c:750:6:write_config	8	static
../BSP/Sensors/Src/fdc2214.c:754:6:write_mux_config	8	static
