../BSP/Sensors/Src/fdc2214.c:22:9:FDC2214_Begin	8	static
../BSP/Sensors/Src/fdc2214.c:34:9:isConnected	24	static
../BSP/Sensors/Src/fdc2214.c:61:9:reset_fdc2214	8	static
../BSP/Sensors/Src/fdc2214.c:70:5:FDC2214_Check_Device_ID	24	static
../BSP/Sensors/Src/fdc2214.c:105:6:setReferenceCount	16	static
../BSP/Sensors/Src/fdc2214.c:110:6:setSettleCount	16	static
../BSP/Sensors/Src/fdc2214.c:114:6:setOffset	16	static
../BSP/Sensors/Src/fdc2214.c:118:6:setClockDividers	24	static
../BSP/Sensors/Src/fdc2214.c:132:6:setDriveCurrent	24	static
../BSP/Sensors/Src/fdc2214.c:149:9:FDC2214_configure_defaults	16	static
../BSP/Sensors/Src/fdc2214.c:472:6:FDC2214_set_active_channel	16	static
../BSP/Sensors/Src/fdc2214.c:479:6:FDC2214_setAutoscan	24	static
../BSP/Sensors/Src/fdc2214.c:490:6:FDC2214_setDeglitch	16	static
../BSP/Sensors/Src/fdc2214.c:497:6:FDC2214_setReferenceClockSource	16	static
../BSP/Sensors/Src/fdc2214.c:504:6:FDC2214_setHighCurrentDrive	16	static
../BSP/Sensors/Src/fdc2214.c:511:6:FDC2214_setSleep	16	static
../BSP/Sensors/Src/fdc2214.c:518:6:FDC2214_wakeup	8	static
../BSP/Sensors/Src/fdc2214.c:524:6:FDC2214_sleep	8	static
../BSP/Sensors/Src/fdc2214.c:543:10:FDC2214_read_data	40	static
../BSP/Sensors/Src/fdc2214.c:597:7:FDC2214_read_capacitance	48	static
../BSP/Sensors/Src/fdc2214.c:621:7:FDC2214_read_differential_capacitance	24	static
../BSP/Sensors/Src/fdc2214.c:649:9:FDC2214_read_accumulator_height	24	static
../BSP/Sensors/Src/fdc2214.c:658:10:readStatus	8	static
../BSP/Sensors/Src/fdc2214.c:663:10:readErrorConfig	8	static
../BSP/Sensors/Src/fdc2214.c:670:10:read_register	32	static
../BSP/Sensors/Src/fdc2214.c:688:9:write_register	32	static
../BSP/Sensors/Src/fdc2214.c:705:6:write_config	8	static
../BSP/Sensors/Src/fdc2214.c:709:6:write_mux_config	8	static
