../BSP/Sensors/Src/fdc2214.c:33:9:FDC2214_Begin	8	static
../BSP/Sensors/Src/fdc2214.c:45:9:isConnected	24	static
../BSP/Sensors/Src/fdc2214.c:73:9:reset_fdc2214	8	static
../BSP/Sensors/Src/fdc2214.c:82:5:FDC2214_Check_Device_ID	24	static
../BSP/Sensors/Src/fdc2214.c:115:6:setReferenceCount	16	static
../BSP/Sensors/Src/fdc2214.c:120:6:setSettleCount	16	static
../BSP/Sensors/Src/fdc2214.c:124:6:setOffset	16	static
../BSP/Sensors/Src/fdc2214.c:128:6:setClockDividers	24	static
../BSP/Sensors/Src/fdc2214.c:142:6:setDriveCurrent	24	static
../BSP/Sensors/Src/fdc2214.c:155:9:FDC2214_configure_defaults	16	static
../BSP/Sensors/Src/fdc2214.c:471:6:FDC2214_set_active_channel	16	static
../BSP/Sensors/Src/fdc2214.c:478:6:FDC2214_setAutoscan	24	static
../BSP/Sensors/Src/fdc2214.c:489:6:FDC2214_setDeglitch	16	static
../BSP/Sensors/Src/fdc2214.c:496:6:FDC2214_setReferenceClockSource	16	static
../BSP/Sensors/Src/fdc2214.c:503:6:FDC2214_setHighCurrentDrive	16	static
../BSP/Sensors/Src/fdc2214.c:510:6:FDC2214_setSleep	16	static
../BSP/Sensors/Src/fdc2214.c:517:6:FDC2214_wakeup	8	static
../BSP/Sensors/Src/fdc2214.c:523:6:FDC2214_sleep	8	static
../BSP/Sensors/Src/fdc2214.c:532:9:FDC2214_is_data_ready	24	static
../BSP/Sensors/Src/fdc2214.c:607:10:FDC2214_readRawChannel	24	static
../BSP/Sensors/Src/fdc2214.c:617:7:FDC2214_readFrequencyHz	40	static
../BSP/Sensors/Src/fdc2214.c:634:7:FDC2214_readCapacitancePf	32	static
../BSP/Sensors/Src/fdc2214.c:673:7:FDC2214_read_differential_capacitance	16	static
../BSP/Sensors/Src/fdc2214.c:706:9:FDC2214_read_accumulator_height	24	static
../BSP/Sensors/Src/fdc2214.c:715:10:readStatus	8	static
../BSP/Sensors/Src/fdc2214.c:720:10:readErrorConfig	8	static
../BSP/Sensors/Src/fdc2214.c:727:10:read_register	32	static
../BSP/Sensors/Src/fdc2214.c:745:9:write_register	32	static
../BSP/Sensors/Src/fdc2214.c:764:6:write_config	8	static
../BSP/Sensors/Src/fdc2214.c:768:6:write_mux_config	8	static
