../BSP/Sensors/Src/fdc2214.c:24:9:FDC2214_Begin	8	static
../BSP/Sensors/Src/fdc2214.c:36:9:isConnected	24	static
../BSP/Sensors/Src/fdc2214.c:63:9:reset_fdc2214	8	static
../BSP/Sensors/Src/fdc2214.c:72:5:FDC2214_Check_Device_ID	24	static
../BSP/Sensors/Src/fdc2214.c:105:6:setReferenceCount	16	static
../BSP/Sensors/Src/fdc2214.c:110:6:setSettleCount	16	static
../BSP/Sensors/Src/fdc2214.c:114:6:setOffset	16	static
../BSP/Sensors/Src/fdc2214.c:118:6:setClockDividers	24	static
../BSP/Sensors/Src/fdc2214.c:132:6:setDriveCurrent	24	static
../BSP/Sensors/Src/fdc2214.c:145:9:FDC2214_configure_defaults	16	static
../BSP/Sensors/Src/fdc2214.c:461:6:FDC2214_set_active_channel	16	static
../BSP/Sensors/Src/fdc2214.c:468:6:FDC2214_setAutoscan	24	static
../BSP/Sensors/Src/fdc2214.c:479:6:FDC2214_setDeglitch	16	static
../BSP/Sensors/Src/fdc2214.c:486:6:FDC2214_setReferenceClockSource	16	static
../BSP/Sensors/Src/fdc2214.c:493:6:FDC2214_setHighCurrentDrive	16	static
../BSP/Sensors/Src/fdc2214.c:500:6:FDC2214_setSleep	16	static
../BSP/Sensors/Src/fdc2214.c:507:6:FDC2214_wakeup	8	static
../BSP/Sensors/Src/fdc2214.c:513:6:FDC2214_sleep	8	static
../BSP/Sensors/Src/fdc2214.c:522:9:FDC2214_is_data_ready	24	static
../BSP/Sensors/Src/fdc2214.c:597:10:FDC2214_readRawChannel	24	static
../BSP/Sensors/Src/fdc2214.c:607:7:FDC2214_readFrequencyHz	40	static
../BSP/Sensors/Src/fdc2214.c:624:7:FDC2214_readCapacitancePf	32	static
../BSP/Sensors/Src/fdc2214.c:663:7:FDC2214_read_differential_capacitance	16	static
../BSP/Sensors/Src/fdc2214.c:696:9:FDC2214_read_accumulator_height	24	static
../BSP/Sensors/Src/fdc2214.c:705:10:readStatus	8	static
../BSP/Sensors/Src/fdc2214.c:710:10:readErrorConfig	8	static
../BSP/Sensors/Src/fdc2214.c:717:10:read_register	32	static
../BSP/Sensors/Src/fdc2214.c:735:9:write_register	32	static
../BSP/Sensors/Src/fdc2214.c:752:6:write_config	8	static
../BSP/Sensors/Src/fdc2214.c:756:6:write_mux_config	8	static
