../BSP/Sensors/Src/max31856.c:14:6:max31856_init	16	static
../BSP/Sensors/Src/max31856.c:30:6:max31856_set_conversion_mode	16	static
../BSP/Sensors/Src/max31856.c:37:6:max31856_trigger_one_shot	16	static
../BSP/Sensors/Src/max31856.c:47:6:max31856_set_noise_filter	16	static
../BSP/Sensors/Src/max31856.c:54:6:max31856_set_cold_junction_enable	16	static
../BSP/Sensors/Src/max31856.c:61:6:max31856_set_thermocouple_type	16	static
../BSP/Sensors/Src/max31856.c:68:6:max31856_set_average_samples	16	static
../BSP/Sensors/Src/max31856.c:75:7:max31856_read_TC_temp	24	static
../BSP/Sensors/Src/max31856.c:85:7:max31856_read_CJ_temp	24	static
../BSP/Sensors/Src/max31856.c:93:6:max31856_set_fault_mode	16	static
../BSP/Sensors/Src/max31856.c:100:6:max31856_set_open_circuit_fault_detection	16	static
../BSP/Sensors/Src/max31856.c:107:6:max31856_read_fault	16	static
../BSP/Sensors/Src/max31856.c:112:6:max31856_clear_fault_status	16	static
../BSP/Sensors/Src/max31856.c:122:6:max31856_write_register	16	static
../BSP/Sensors/Src/max31856.c:131:6:max31856_write_nregisters	24	static
../BSP/Sensors/Src/max31856.c:140:9:max31856_read_register	24	static
../BSP/Sensors/Src/max31856.c:152:6:max31856_read_nregisters	24	static
../BSP/Sensors/Src/max31856.c:161:6:has_fault	16	static
../BSP/Sensors/Src/max31856.c:166:6:print_errors	4	static
